Archive member included because of file (symbol)

c:/program files (x86)/atmel/atmel toolchain/arm gcc/native/4.8.1443/arm-gnu-toolchain/bin/../lib/gcc/arm-none-eabi/4.8.4/../../../../arm-none-eabi/lib/armv6-m\libm.a(lib_a-s_atan.o)
                              src/accelerometer_lib.o (atan)
c:/program files (x86)/atmel/atmel toolchain/arm gcc/native/4.8.1443/arm-gnu-toolchain/bin/../lib/gcc/arm-none-eabi/4.8.4/../../../../arm-none-eabi/lib/armv6-m\libm.a(lib_a-s_fabs.o)
                              c:/program files (x86)/atmel/atmel toolchain/arm gcc/native/4.8.1443/arm-gnu-toolchain/bin/../lib/gcc/arm-none-eabi/4.8.4/../../../../arm-none-eabi/lib/armv6-m\libm.a(lib_a-s_atan.o) (fabs)
c:/program files (x86)/atmel/atmel toolchain/arm gcc/native/4.8.1443/arm-gnu-toolchain/bin/../lib/gcc/arm-none-eabi/4.8.4/../../../../arm-none-eabi/lib/armv6-m\libm.a(lib_a-w_sqrt.o)
                              src/accelerometer_lib.o (sqrt)
c:/program files (x86)/atmel/atmel toolchain/arm gcc/native/4.8.1443/arm-gnu-toolchain/bin/../lib/gcc/arm-none-eabi/4.8.4/../../../../arm-none-eabi/lib/armv6-m\libm.a(lib_a-e_sqrt.o)
                              c:/program files (x86)/atmel/atmel toolchain/arm gcc/native/4.8.1443/arm-gnu-toolchain/bin/../lib/gcc/arm-none-eabi/4.8.4/../../../../arm-none-eabi/lib/armv6-m\libm.a(lib_a-w_sqrt.o) (__ieee754_sqrt)
c:/program files (x86)/atmel/atmel toolchain/arm gcc/native/4.8.1443/arm-gnu-toolchain/bin/../lib/gcc/arm-none-eabi/4.8.4/../../../../arm-none-eabi/lib/armv6-m\libm.a(lib_a-s_fpclassify.o)
                              c:/program files (x86)/atmel/atmel toolchain/arm gcc/native/4.8.1443/arm-gnu-toolchain/bin/../lib/gcc/arm-none-eabi/4.8.4/../../../../arm-none-eabi/lib/armv6-m\libm.a(lib_a-w_sqrt.o) (__fpclassifyd)
c:/program files (x86)/atmel/atmel toolchain/arm gcc/native/4.8.1443/arm-gnu-toolchain/bin/../lib/gcc/arm-none-eabi/4.8.4/../../../../arm-none-eabi/lib/armv6-m\libm.a(lib_a-s_lib_ver.o)
                              c:/program files (x86)/atmel/atmel toolchain/arm gcc/native/4.8.1443/arm-gnu-toolchain/bin/../lib/gcc/arm-none-eabi/4.8.4/../../../../arm-none-eabi/lib/armv6-m\libm.a(lib_a-w_sqrt.o) (__fdlib_version)
c:/program files (x86)/atmel/atmel toolchain/arm gcc/native/4.8.1443/arm-gnu-toolchain/bin/../lib/gcc/arm-none-eabi/4.8.4/../../../../arm-none-eabi/lib/armv6-m\libm.a(lib_a-s_matherr.o)
                              c:/program files (x86)/atmel/atmel toolchain/arm gcc/native/4.8.1443/arm-gnu-toolchain/bin/../lib/gcc/arm-none-eabi/4.8.4/../../../../arm-none-eabi/lib/armv6-m\libm.a(lib_a-w_sqrt.o) (matherr)
c:/program files (x86)/atmel/atmel toolchain/arm gcc/native/4.8.1443/arm-gnu-toolchain/bin/../lib/gcc/arm-none-eabi/4.8.4/../../../../arm-none-eabi/lib/armv6-m\libc_s.a(lib_a-errno.o)
                              c:/program files (x86)/atmel/atmel toolchain/arm gcc/native/4.8.1443/arm-gnu-toolchain/bin/../lib/gcc/arm-none-eabi/4.8.4/../../../../arm-none-eabi/lib/armv6-m\libm.a(lib_a-w_sqrt.o) (__errno)
c:/program files (x86)/atmel/atmel toolchain/arm gcc/native/4.8.1443/arm-gnu-toolchain/bin/../lib/gcc/arm-none-eabi/4.8.4/../../../../arm-none-eabi/lib/armv6-m\libc_s.a(lib_a-exit.o)
                              c:/program files (x86)/atmel/atmel toolchain/arm gcc/native/4.8.1443/arm-gnu-toolchain/bin/../lib/gcc/arm-none-eabi/4.8.4/../../../../arm-none-eabi/lib/armv6-m/crt0.o (exit)
c:/program files (x86)/atmel/atmel toolchain/arm gcc/native/4.8.1443/arm-gnu-toolchain/bin/../lib/gcc/arm-none-eabi/4.8.4/../../../../arm-none-eabi/lib/armv6-m\libc_s.a(lib_a-impure.o)
                              c:/program files (x86)/atmel/atmel toolchain/arm gcc/native/4.8.1443/arm-gnu-toolchain/bin/../lib/gcc/arm-none-eabi/4.8.4/../../../../arm-none-eabi/lib/armv6-m\libc_s.a(lib_a-exit.o) (_global_impure_ptr)
c:/program files (x86)/atmel/atmel toolchain/arm gcc/native/4.8.1443/arm-gnu-toolchain/bin/../lib/gcc/arm-none-eabi/4.8.4/../../../../arm-none-eabi/lib/armv6-m\libc_s.a(lib_a-init.o)
                              c:/program files (x86)/atmel/atmel toolchain/arm gcc/native/4.8.1443/arm-gnu-toolchain/bin/../lib/gcc/arm-none-eabi/4.8.4/../../../../arm-none-eabi/lib/armv6-m/crt0.o (__libc_init_array)
c:/program files (x86)/atmel/atmel toolchain/arm gcc/native/4.8.1443/arm-gnu-toolchain/bin/../lib/gcc/arm-none-eabi/4.8.4/../../../../arm-none-eabi/lib/armv6-m\libc_s.a(lib_a-memcpy-stub.o)
                              src/accelerometer_lib.o (memcpy)
c:/program files (x86)/atmel/atmel toolchain/arm gcc/native/4.8.1443/arm-gnu-toolchain/bin/../lib/gcc/arm-none-eabi/4.8.4/../../../../arm-none-eabi/lib/armv6-m\libc_s.a(lib_a-memset.o)
                              c:/program files (x86)/atmel/atmel toolchain/arm gcc/native/4.8.1443/arm-gnu-toolchain/bin/../lib/gcc/arm-none-eabi/4.8.4/../../../../arm-none-eabi/lib/armv6-m/crt0.o (memset)
[...]
Memory Configuration

Name             Origin             Length             Attributes
rom              0x00000000         0x00040000         xr
ram              0x20000000         0x00008000         xrw
*default*        0x00000000         0xffffffff

Linker script and memory map

LOAD c:/program files (x86)/atmel/atmel toolchain/arm gcc/native/4.8.1443/arm-gnu-toolchain/bin/../lib/gcc/arm-none-eabi/4.8.4/armv6-m/crti.o
LOAD c:/program files (x86)/atmel/atmel toolchain/arm gcc/native/4.8.1443/arm-gnu-toolchain/bin/../lib/gcc/arm-none-eabi/4.8.4/armv6-m/crtbegin.o
LOAD c:/program files (x86)/atmel/atmel toolchain/arm gcc/native/4.8.1443/arm-gnu-toolchain/bin/../lib/gcc/arm-none-eabi/4.8.4/../../../../arm-none-eabi/lib/armv6-m/crt0.o
LOAD src/accelerometer_lib.o
LOAD src/ADC_subsystem.o
LOAD src/ASF/sam0/drivers/rtc/rtc_calendar.o
LOAD src/ASF/sam0/drivers/rtc/rtc_calendar_interrupt.o
LOAD src/button_lib.o
LOAD src/longboard.o
LOAD src/rtc_lib.o
LOAD src/spi_sseg.o
LOAD src/timer_subsystem.o
LOAD src/ASF/common2/services/delay/sam0/systick_counter.o
LOAD src/ASF/sam0/drivers/adc/adc_sam_d_r/adc.o
LOAD src/ASF/sam0/drivers/adc/adc_sam_d_r/adc_callback.o
LOAD src/ASF/sam0/drivers/nvm/nvm.o
LOAD src/ASF/sam0/drivers/port/port.o
LOAD src/ASF/sam0/drivers/sercom/sercom.o
LOAD src/ASF/sam0/drivers/sercom/spi/spi.o
LOAD src/ASF/sam0/drivers/sercom/spi/spi_interrupt.o
LOAD src/ASF/sam0/drivers/sercom/sercom_interrupt.o
LOAD src/ASF/common2/boards/user_board/init.o
LOAD src/ASF/common/utils/interrupt/interrupt_sam_nvic.o
LOAD src/ASF/sam0/drivers/sercom/usart/usart.o
LOAD src/ASF/sam0/drivers/sercom/usart/usart_interrupt.o
LOAD src/ASF/sam0/drivers/system/clock/clock_samd21_r21_da/clock.o
LOAD src/ASF/sam0/drivers/system/clock/clock_samd21_r21_da/gclk.o
LOAD src/ASF/sam0/drivers/system/interrupt/system_interrupt.o
LOAD src/ASF/sam0/drivers/system/pinmux/pinmux.o
LOAD src/ASF/sam0/drivers/system/system.o
LOAD src/ASF/sam0/drivers/tc/tc.o
LOAD src/ASF/sam0/drivers/tc/tc_interrupt.o
LOAD src/ASF/sam0/services/eeprom/emulator/eeprom.o
LOAD src/ASF/sam0/utils/cmsis/samd21/source/gcc/startup_samd21.o
LOAD src/ASF/sam0/utils/cmsis/samd21/source/system_samd21.o
LOAD src/ASF/sam0/utils/stdio/read.o
LOAD src/ASF/sam0/utils/stdio/write.o
LOAD src/ASF/sam0/utils/syscalls/gcc/syscalls.o
LOAD src/main.o
START GROUP
LOAD ../src/ASF/thirdparty/CMSIS/Lib/GCC\libarm_cortexM0l_math.a
LOAD c:/program files (x86)/atmel/atmel toolchain/arm gcc/native/4.8.1443/arm-gnu-toolchain/bin/../lib/gcc/arm-none-eabi/4.8.4/../../../../arm-none-eabi/lib/armv6-m\libm.a
END GROUP
LOAD c:/program files (x86)/atmel/atmel toolchain/arm gcc/native/4.8.1443/arm-gnu-toolchain/bin/../lib/gcc/arm-none-eabi/4.8.4/../../../../arm-none-eabi/lib/armv6-m\libc_s.a
START GROUP
LOAD c:/program files (x86)/atmel/atmel toolchain/arm gcc/native/4.8.1443/arm-gnu-toolchain/bin/../lib/gcc/arm-none-eabi/4.8.4/armv6-m\libgcc.a
LOAD c:/program files (x86)/atmel/atmel toolchain/arm gcc/native/4.8.1443/arm-gnu-toolchain/bin/../lib/gcc/arm-none-eabi/4.8.4/../../../../arm-none-eabi/lib/armv6-m\libc_s.a
END GROUP
START GROUP
LOAD c:/program files (x86)/atmel/atmel toolchain/arm gcc/native/4.8.1443/arm-gnu-toolchain/bin/../lib/gcc/arm-none-eabi/4.8.4/armv6-m\libgcc.a
LOAD c:/program files (x86)/atmel/atmel toolchain/arm gcc/native/4.8.1443/arm-gnu-toolchain/bin/../lib/gcc/arm-none-eabi/4.8.4/../../../../arm-none-eabi/lib/armv6-m\libc_s.a
END GROUP
LOAD c:/program files (x86)/atmel/atmel toolchain/arm gcc/native/4.8.1443/arm-gnu-toolchain/bin/../lib/gcc/arm-none-eabi/4.8.4/armv6-m/crtend.o
LOAD c:/program files (x86)/atmel/atmel toolchain/arm gcc/native/4.8.1443/arm-gnu-toolchain/bin/../lib/gcc/arm-none-eabi/4.8.4/armv6-m/crtn.o
                0x00002000                STACK_SIZE = DEFINED (STACK_SIZE)?STACK_SIZE:DEFINED (__stack_size__)?__stack_size__:0x2000

.text           0x00000000     0xa384
                0x00000000                . = ALIGN (0x4)
                0x00000000                _sfixed = .
 *(.vectors .vectors.*)
 .vectors       0x00000000       0xb0 src/ASF/sam0/utils/cmsis/samd21/source/gcc/startup_samd21.o
                0x00000000                exception_table
 *(.text .text.* .gnu.linkonce.t.*)
 .text          0x000000b0       0x60 c:/program files (x86)/atmel/atmel toolchain/arm gcc/native/4.8.1443/arm-gnu-toolchain/bin/../lib/gcc/arm-none-eabi/4.8.4/armv6-m/crtbegin.o
 .text.recalculate_accelerometer_values
                0x00000110      0x1a0 src/accelerometer_lib.o
                0x00000110                recalculate_accelerometer_values
 .text.calibrate_accelerometer
                0x000002b0      0x174 src/accelerometer_lib.o
                0x000002b0                calibrate_accelerometer
 .text.configure_eeprom
                0x00000424       0x2c src/accelerometer_lib.o
                0x00000424                configure_eeprom
 .text.init_adxl_calibration
                0x00000450      0x17c src/accelerometer_lib.o
                0x00000450                init_adxl_calibration
 .text.adc_complete_callback
                0x000005cc       0x74 src/ADC_subsystem.o
                0x000005cc                adc_complete_callback
 .text.adc_to_volt
                0x00000640       0x40 src/ADC_subsystem.o
                0x00000640                adc_to_volt
 .text.configure_adc
                0x00000680      0x108 src/ADC_subsystem.o
                0x00000680                configure_adc
 .text._rtc_calendar_time_to_register_value
                0x00000788       0x3c src/ASF/sam0/drivers/rtc/rtc_calendar.o
 .text._rtc_calendar_register_value_to_time
                0x000007c4       0x40 src/ASF/sam0/drivers/rtc/rtc_calendar.o
 .text.rtc_calendar_reset
                0x00000804       0x3c src/ASF/sam0/drivers/rtc/rtc_calendar.o
                0x00000804                rtc_calendar_reset
 .text.rtc_calendar_set_time
                0x00000840       0x18 src/ASF/sam0/drivers/rtc/rtc_calendar.o
                0x00000840                rtc_calendar_set_time
 .text.rtc_calendar_set_alarm
                0x00000858       0x34 src/ASF/sam0/drivers/rtc/rtc_calendar.o
                0x00000858                rtc_calendar_set_alarm
 .text.rtc_calendar_init
                0x0000088c       0x94 src/ASF/sam0/drivers/rtc/rtc_calendar.o
                0x0000088c                rtc_calendar_init
 .text.rtc_calendar_get_alarm
                0x00000920       0x28 src/ASF/sam0/drivers/rtc/rtc_calendar.o
                0x00000920                rtc_calendar_get_alarm
 .text.rtc_calendar_register_callback
                0x00000948       0x20 src/ASF/sam0/drivers/rtc/rtc_calendar_interrupt.o
                0x00000948                rtc_calendar_register_callback
 .text.rtc_calendar_enable_callback
                0x00000968       0x28 src/ASF/sam0/drivers/rtc/rtc_calendar_interrupt.o
                0x00000968                rtc_calendar_enable_callback
 .text.RTC_Handler
                0x00000990       0x40 src/ASF/sam0/drivers/rtc/rtc_calendar_interrupt.o
                0x00000990                RTC_Handler
 .text.button_get_defaults
                0x000009d0        0x8 src/button_lib.o
                0x000009d0                button_get_defaults
 .text.button_read_button
                0x000009d8       0x1c src/button_lib.o
                0x000009d8                button_read_button
 .text.wait_for_button_press
                0x000009f4       0x14 src/button_lib.o
                0x000009f4                wait_for_button_press
 .text.button_handler
                0x00000a08       0x5c src/button_lib.o
                0x00000a08                button_handler
 .text.init_platform
                0x00000a64       0x54 src/longboard.o
                0x00000a64                init_platform
 .text.background_service_platform
                0x00000ab8       0x38 src/longboard.o
                0x00000ab8                background_service_platform
 .text.main_platform
                0x00000af0      0x140 src/longboard.o
                0x00000af0                main_platform
 .text.rtc_match_callback
                0x00000c30       0x50 src/rtc_lib.o
                0x00000c30                rtc_match_callback
 .text.configure_rtc_calendar
                0x00000c80       0x74 src/rtc_lib.o
                0x00000c80                configure_rtc_calendar
 .text.configure_rtc_callbacks
                0x00000cf4       0x30 src/rtc_lib.o
                0x00000cf4                configure_rtc_callbacks
 .text.rtc_simple_configuration
                0x00000d24       0x60 src/rtc_lib.o
                0x00000d24                rtc_simple_configuration
 .text.spi_master_write_done
                0x00000d84       0x38 src/spi_sseg.o
                0x00000d84                spi_master_write_done
 .text.set_disp_led_color
                0x00000dbc       0x58 src/spi_sseg.o
                0x00000dbc                set_disp_led_color
 .text.set_disp_led
                0x00000e14       0x14 src/spi_sseg.o
                0x00000e14                set_disp_led
 .text.set_seg_disp_num
                0x00000e28      0x2d8 src/spi_sseg.o
                0x00000e28                set_seg_disp_num
 .text.sseg_set_display_brightness
                0x00001100        0xc src/spi_sseg.o
                0x00001100                sseg_set_display_brightness
 .text.sseg_update_display
                0x0000110c      0x100 src/spi_sseg.o
                0x0000110c                sseg_update_display
 .text.configure_spi_master
                0x0000120c       0xec src/spi_sseg.o
                0x0000120c                configure_spi_master
 .text.configure_tc_bg
                0x000012f8       0x70 src/timer_subsystem.o
                0x000012f8                configure_tc_bg
 .text.configure_tc
                0x00001368       0x10 src/timer_subsystem.o
                0x00001368                configure_tc
 .text.configure_tc_callbacks
                0x00001378       0x4c src/timer_subsystem.o
                0x00001378                configure_tc_callbacks
 .text.delay_init
                0x000013c4       0x3c src/ASF/common2/services/delay/sam0/systick_counter.o
                0x000013c4                delay_init
 .text.delay_cycles_ms
                0x00001400       0x2c src/ASF/common2/services/delay/sam0/systick_counter.o
                0x00001400                delay_cycles_ms
 .text.adc_get_config_defaults
                0x0000142c       0x48 src/ASF/sam0/drivers/adc/adc_sam_d_r/adc.o
                0x0000142c                adc_get_config_defaults
 .text.adc_init
                0x00001474      0x438 src/ASF/sam0/drivers/adc/adc_sam_d_r/adc.o
                0x00001474                adc_init
 .text.ADC_Handler
                0x000018ac       0xbc src/ASF/sam0/drivers/adc/adc_sam_d_r/adc_callback.o
                0x000018ac                ADC_Handler
 .text.adc_register_callback
                0x00001968       0x14 src/ASF/sam0/drivers/adc/adc_sam_d_r/adc_callback.o
                0x00001968                adc_register_callback
 .text.adc_read_buffer_job
                0x0000197c       0x4c src/ASF/sam0/drivers/adc/adc_sam_d_r/adc_callback.o
                0x0000197c                adc_read_buffer_job
 .text.nvm_set_config
                0x000019c8       0x84 src/ASF/sam0/drivers/nvm/nvm.o
                0x000019c8                nvm_set_config
 .text.nvm_execute_command
                0x00001a4c       0x84 src/ASF/sam0/drivers/nvm/nvm.o
                0x00001a4c                nvm_execute_command
 .text.nvm_write_buffer
                0x00001ad0       0x8c src/ASF/sam0/drivers/nvm/nvm.o
                0x00001ad0                nvm_write_buffer
 .text.nvm_read_buffer
                0x00001b5c       0x70 src/ASF/sam0/drivers/nvm/nvm.o
                0x00001b5c                nvm_read_buffer
 .text.nvm_erase_row
                0x00001bcc       0x48 src/ASF/sam0/drivers/nvm/nvm.o
                0x00001bcc                nvm_erase_row
 .text.nvm_get_parameters
                0x00001c14       0x60 src/ASF/sam0/drivers/nvm/nvm.o
                0x00001c14                nvm_get_parameters
 .text.port_pin_set_config
                0x00001c74       0x24 src/ASF/sam0/drivers/port/port.o
                0x00001c74                port_pin_set_config
 .text._sercom_get_sync_baud_val
                0x00001c98       0x28 src/ASF/sam0/drivers/sercom/sercom.o
                0x00001c98                _sercom_get_sync_baud_val
 .text._sercom_get_async_baud_val
                0x00001cc0      0x1b0 src/ASF/sam0/drivers/sercom/sercom.o
                0x00001cc0                _sercom_get_async_baud_val
 .text.sercom_set_gclk_generator
                0x00001e70       0x50 src/ASF/sam0/drivers/sercom/sercom.o
                0x00001e70                sercom_set_gclk_generator
 .text._sercom_get_default_pad
                0x00001ec0      0x108 src/ASF/sam0/drivers/sercom/sercom.o
                0x00001ec0                _sercom_get_default_pad
 .text._sercom_get_sercom_inst_index
                0x00001fc8       0x44 src/ASF/sam0/drivers/sercom/sercom.o
                0x00001fc8                _sercom_get_sercom_inst_index
 .text.spi_init
                0x0000200c      0x218 src/ASF/sam0/drivers/sercom/spi/spi.o
                0x0000200c                spi_init
 .text.spi_select_slave
                0x00002224       0xec src/ASF/sam0/drivers/sercom/spi/spi.o
                0x00002224                spi_select_slave
 .text.spi_register_callback
                0x00002310       0x18 src/ASF/sam0/drivers/sercom/spi/spi_interrupt.o
                0x00002310                spi_register_callback
 .text.spi_write_buffer_job
                0x00002328       0x48 src/ASF/sam0/drivers/sercom/spi/spi_interrupt.o
                0x00002328                spi_write_buffer_job
 .text._spi_interrupt_handler
                0x00002370      0x1f8 src/ASF/sam0/drivers/sercom/spi/spi_interrupt.o
                0x00002370                _spi_interrupt_handler
 .text._sercom_default_handler
                0x00002568        0x4 src/ASF/sam0/drivers/sercom/sercom_interrupt.o
 .text._sercom_set_handler
                0x0000256c       0x40 src/ASF/sam0/drivers/sercom/sercom_interrupt.o
                0x0000256c                _sercom_set_handler
 .text._sercom_get_interrupt_vector
                0x000025ac       0x2c src/ASF/sam0/drivers/sercom/sercom_interrupt.o
                0x000025ac                _sercom_get_interrupt_vector
 .text.SERCOM0_Handler
                0x000025d8       0x10 src/ASF/sam0/drivers/sercom/sercom_interrupt.o
                0x000025d8                SERCOM0_Handler
 .text.SERCOM1_Handler
                0x000025e8       0x10 src/ASF/sam0/drivers/sercom/sercom_interrupt.o
                0x000025e8                SERCOM1_Handler
 .text.SERCOM2_Handler
                0x000025f8       0x10 src/ASF/sam0/drivers/sercom/sercom_interrupt.o
                0x000025f8                SERCOM2_Handler
 .text.SERCOM3_Handler
                0x00002608       0x10 src/ASF/sam0/drivers/sercom/sercom_interrupt.o
                0x00002608                SERCOM3_Handler
 .text.system_board_init
                0x00002618        0x4 src/ASF/common2/boards/user_board/init.o
                0x00002618                board_init
                0x00002618                system_board_init
 .text.cpu_irq_enter_critical
                0x0000261c       0x40 src/ASF/common/utils/interrupt/interrupt_sam_nvic.o
                0x0000261c                cpu_irq_enter_critical
 .text.cpu_irq_leave_critical
                0x0000265c       0x30 src/ASF/common/utils/interrupt/interrupt_sam_nvic.o
                0x0000265c                cpu_irq_leave_critical
 .text.usart_init
                0x0000268c      0x2f8 src/ASF/sam0/drivers/sercom/usart/usart.o
                0x0000268c                usart_init
 .text.usart_write_wait
                0x00002984       0x2c src/ASF/sam0/drivers/sercom/usart/usart.o
                0x00002984                usart_write_wait
 .text.usart_read_wait
                0x000029b0       0x78 src/ASF/sam0/drivers/sercom/usart/usart.o
                0x000029b0                usart_read_wait
 .text._usart_interrupt_handler
                0x00002a28      0x19c src/ASF/sam0/drivers/sercom/usart/usart_interrupt.o
                0x00002a28                _usart_interrupt_handler
 .text.system_clock_source_get_hz
                0x00002bc4       0x90 src/ASF/sam0/drivers/system/clock/clock_samd21_r21_da/clock.o
                0x00002bc4                system_clock_source_get_hz
 .text.system_clock_source_osc8m_set_config
                0x00002c54       0x3c src/ASF/sam0/drivers/system/clock/clock_samd21_r21_da/clock.o
                0x00002c54                system_clock_source_osc8m_set_config
 .text.system_clock_source_dfll_set_config
                0x00002c90       0x80 src/ASF/sam0/drivers/system/clock/clock_samd21_r21_da/clock.o
                0x00002c90                system_clock_source_dfll_set_config
 .text.system_clock_source_enable
                0x00002d10       0xa8 src/ASF/sam0/drivers/system/clock/clock_samd21_r21_da/clock.o
                0x00002d10                system_clock_source_enable
 .text.system_clock_init
                0x00002db8      0x12c src/ASF/sam0/drivers/system/clock/clock_samd21_r21_da/clock.o
                0x00002db8                system_clock_init
 .text.system_gclk_init
                0x00002ee4       0x24 src/ASF/sam0/drivers/system/clock/clock_samd21_r21_da/gclk.o
                0x00002ee4                system_gclk_init
 .text.system_gclk_gen_set_config
                0x00002f08       0xb4 src/ASF/sam0/drivers/system/clock/clock_samd21_r21_da/gclk.o
                0x00002f08                system_gclk_gen_set_config
 .text.system_gclk_gen_enable
                0x00002fbc       0x44 src/ASF/sam0/drivers/system/clock/clock_samd21_r21_da/gclk.o
                0x00002fbc                system_gclk_gen_enable
 .text.system_gclk_gen_get_hz
                0x00003000       0x8c src/ASF/sam0/drivers/system/clock/clock_samd21_r21_da/gclk.o
                0x00003000                system_gclk_gen_get_hz
 .text.system_gclk_chan_enable
                0x0000308c       0x30 src/ASF/sam0/drivers/system/clock/clock_samd21_r21_da/gclk.o
                0x0000308c                system_gclk_chan_enable
 .text.system_gclk_chan_disable
                0x000030bc       0x5c src/ASF/sam0/drivers/system/clock/clock_samd21_r21_da/gclk.o
                0x000030bc                system_gclk_chan_disable
 .text.system_gclk_chan_set_config
                0x00003118       0x1c src/ASF/sam0/drivers/system/clock/clock_samd21_r21_da/gclk.o
                0x00003118                system_gclk_chan_set_config
 .text.system_gclk_chan_get_hz
                0x00003134       0x34 src/ASF/sam0/drivers/system/clock/clock_samd21_r21_da/gclk.o
                0x00003134                system_gclk_chan_get_hz
 .text._system_pinmux_config
                0x00003168       0x8c src/ASF/sam0/drivers/system/pinmux/pinmux.o
 .text.system_pinmux_pin_set_config
                0x000031f4       0x2c src/ASF/sam0/drivers/system/pinmux/pinmux.o
                0x000031f4                system_pinmux_pin_set_config
 .text._system_dummy_init
                0x00003220        0x4 src/ASF/sam0/drivers/system/system.o
                0x00003220                _system_extint_init
                0x00003220                _system_events_init
                0x00003220                _system_dummy_init
                0x00003220                _system_divas_init
 .text.system_init
                0x00003224       0x2c src/ASF/sam0/drivers/system/system.o
                0x00003224                system_init
 .text._tc_get_inst_index
                0x00003250       0x38 src/ASF/sam0/drivers/tc/tc.o
                0x00003250                _tc_get_inst_index
 .text.tc_init  0x00003288      0x274 src/ASF/sam0/drivers/tc/tc.o
                0x00003288                tc_init
 .text.tc_set_top_value
                0x000034fc       0x38 src/ASF/sam0/drivers/tc/tc.o
                0x000034fc                tc_set_top_value
 .text.tc_register_callback
                0x00003534       0x34 src/ASF/sam0/drivers/tc/tc_interrupt.o
                0x00003534                tc_register_callback
 .text._tc_interrupt_handler
                0x00003568       0x5c src/ASF/sam0/drivers/tc/tc_interrupt.o
                0x00003568                _tc_interrupt_handler
 .text.TC3_Handler
                0x000035c4       0x10 src/ASF/sam0/drivers/tc/tc_interrupt.o
                0x000035c4                TC3_Handler
 .text.TC4_Handler
                0x000035d4       0x10 src/ASF/sam0/drivers/tc/tc_interrupt.o
                0x000035d4                TC4_Handler
 .text.TC5_Handler
                0x000035e4       0x10 src/ASF/sam0/drivers/tc/tc_interrupt.o
                0x000035e4                TC5_Handler
 .text._eeprom_emulator_update_page_mapping
                0x000035f4       0x9c src/ASF/sam0/services/eeprom/emulator/eeprom.o
 .text._eeprom_emulator_nvm_read_page
                0x00003690       0x24 src/ASF/sam0/services/eeprom/emulator/eeprom.o
 .text._eeprom_emulator_nvm_erase_row
                0x000036b4       0x1c src/ASF/sam0/services/eeprom/emulator/eeprom.o
 .text._eeprom_emulator_nvm_fill_cache
                0x000036d0       0x24 src/ASF/sam0/services/eeprom/emulator/eeprom.o
 .text._eeprom_emulator_nvm_commit_cache
                0x000036f4       0x20 src/ASF/sam0/services/eeprom/emulator/eeprom.o
 .text.eeprom_emulator_init
                0x00003714       0xe0 src/ASF/sam0/services/eeprom/emulator/eeprom.o
                0x00003714                eeprom_emulator_init
 .text.eeprom_emulator_erase_memory
                0x000037f4       0xdc src/ASF/sam0/services/eeprom/emulator/eeprom.o
                0x000037f4                eeprom_emulator_erase_memory
 .text.eeprom_emulator_read_page
                0x000038d0       0x68 src/ASF/sam0/services/eeprom/emulator/eeprom.o
                0x000038d0                eeprom_emulator_read_page
 .text.eeprom_emulator_commit_page_buffer
                0x00003938       0x2c src/ASF/sam0/services/eeprom/emulator/eeprom.o
                0x00003938                eeprom_emulator_commit_page_buffer
 .text.eeprom_emulator_write_page
                0x00003964      0x198 src/ASF/sam0/services/eeprom/emulator/eeprom.o
                0x00003964                eeprom_emulator_write_page
 .text.Dummy_Handler
                0x00003afc        0x4 src/ASF/sam0/utils/cmsis/samd21/source/gcc/startup_samd21.o
                0x00003afc                DMAC_Handler
                0x00003afc                HardFault_Handler
                0x00003afc                AC_Handler
                0x00003afc                SysTick_Handler
                0x00003afc                PendSV_Handler
                0x00003afc                NMI_Handler
                0x00003afc                TCC1_Handler
                0x00003afc                TCC0_Handler
                0x00003afc                EIC_Handler
                0x00003afc                WDT_Handler
                0x00003afc                USB_Handler
                0x00003afc                Dummy_Handler
                0x00003afc                PM_Handler
                0x00003afc                SVC_Handler
                0x00003afc                TCC2_Handler
                0x00003afc                EVSYS_Handler
                0x00003afc                I2S_Handler
                0x00003afc                NVMCTRL_Handler
                0x00003afc                DAC_Handler
                0x00003afc                PTC_Handler
                0x00003afc                SYSCTRL_Handler
 .text.Reset_Handler
                0x00003b00       0xec src/ASF/sam0/utils/cmsis/samd21/source/gcc/startup_samd21.o
                0x00003b00                Reset_Handler
 .text._read    0x00003bec       0x44 src/ASF/sam0/utils/stdio/read.o
                0x00003bec                _read
 .text._write   0x00003c30       0x54 src/ASF/sam0/utils/stdio/write.o
                0x00003c30                _write
 .text._sbrk    0x00003c84       0x24 src/ASF/sam0/utils/syscalls/gcc/syscalls.o
                0x00003c84                _sbrk
 .text._close   0x00003ca8        0x8 src/ASF/sam0/utils/syscalls/gcc/syscalls.o
                0x00003ca8                _close
 .text._fstat   0x00003cb0        0xc src/ASF/sam0/utils/syscalls/gcc/syscalls.o
                0x00003cb0                _fstat
 .text._isatty  0x00003cbc        0x4 src/ASF/sam0/utils/syscalls/gcc/syscalls.o
                0x00003cbc                _isatty
 .text._lseek   0x00003cc0        0x4 src/ASF/sam0/utils/syscalls/gcc/syscalls.o
                0x00003cc0                _lseek
 .text.update_adxl_gforce_x
                0x00003cc4        0xc src/main.o
 .text.update_adxl_gforce_y
                0x00003cd0        0xc src/main.o
 .text.update_adxl_gforce_z
                0x00003cdc        0xc src/main.o
 .text.tc_callback_logger_service
                0x00003ce8       0x10 src/main.o
 .text.tc_callback_bg_service
                0x00003cf8        0xc src/main.o
 .text.usart_serial_getchar
                0x00003d04       0x2c src/main.o
 .text.usart_serial_putchar
                0x00003d30       0x18 src/main.o
 .text.main     0x00003d48      0x1a0 src/main.o
                0x00003d48                main
 .text.atan     0x00003ee8      0x350 c:/program files (x86)/atmel/atmel toolchain/arm gcc/native/4.8.1443/arm-gnu-toolchain/bin/../lib/gcc/arm-none-eabi/4.8.4/../../../../arm-none-eabi/lib/armv6-m\libm.a(lib_a-s_atan.o)
                0x00003ee8                atan
 .text.fabs     0x00004238        0x8 c:/program files (x86)/atmel/atmel toolchain/arm gcc/native/4.8.1443/arm-gnu-toolchain/bin/../lib/gcc/arm-none-eabi/4.8.4/../../../../arm-none-eabi/lib/armv6-m\libm.a(lib_a-s_fabs.o)
                0x00004238                fabs
 .text.sqrt     0x00004240       0xc0 c:/program files (x86)/atmel/atmel toolchain/arm gcc/native/4.8.1443/arm-gnu-toolchain/bin/../lib/gcc/arm-none-eabi/4.8.4/../../../../arm-none-eabi/lib/armv6-m\libm.a(lib_a-w_sqrt.o)
                0x00004240                sqrt
 .text.__ieee754_sqrt
                0x00004300      0x1cc c:/program files (x86)/atmel/atmel toolchain/arm gcc/native/4.8.1443/arm-gnu-toolchain/bin/../lib/gcc/arm-none-eabi/4.8.4/../../../../arm-none-eabi/lib/armv6-m\libm.a(lib_a-e_sqrt.o)
                0x00004300                __ieee754_sqrt
 .text.__fpclassifyd
                0x000044cc       0x60 c:/program files (x86)/atmel/atmel toolchain/arm gcc/native/4.8.1443/arm-gnu-toolchain/bin/../lib/gcc/arm-none-eabi/4.8.4/../../../../arm-none-eabi/lib/armv6-m\libm.a(lib_a-s_fpclassify.o)
                0x000044cc                __fpclassifyd
 .text.matherr  0x0000452c        0x4 c:/program files (x86)/atmel/atmel toolchain/arm gcc/native/4.8.1443/arm-gnu-toolchain/bin/../lib/gcc/arm-none-eabi/4.8.4/../../../../arm-none-eabi/lib/armv6-m\libm.a(lib_a-s_matherr.o)
                0x0000452c                matherr
 .text.__errno  0x00004530        0xc c:/program files (x86)/atmel/atmel toolchain/arm gcc/native/4.8.1443/arm-gnu-toolchain/bin/../lib/gcc/arm-none-eabi/4.8.4/../../../../arm-none-eabi/lib/armv6-m\libc_s.a(lib_a-errno.o)
                0x00004530                __errno
 .text.__libc_init_array
                0x0000453c       0x4c c:/program files (x86)/atmel/atmel toolchain/arm gcc/native/4.8.1443/arm-gnu-toolchain/bin/../lib/gcc/arm-none-eabi/4.8.4/../../../../arm-none-eabi/lib/armv6-m\libc_s.a(lib_a-init.o)
                0x0000453c                __libc_init_array
 .text.memcpy   0x00004588       0x12 c:/program files (x86)/atmel/atmel toolchain/arm gcc/native/4.8.1443/arm-gnu-toolchain/bin/../lib/gcc/arm-none-eabi/4.8.4/../../../../arm-none-eabi/lib/armv6-m\libc_s.a(lib_a-memcpy-stub.o)
                0x00004588                memcpy
 .text.memset   0x0000459a       0x10 c:/program files (x86)/atmel/atmel toolchain/arm gcc/native/4.8.1443/arm-gnu-toolchain/bin/../lib/gcc/arm-none-eabi/4.8.4/../../../../arm-none-eabi/lib/armv6-m\libc_s.a(lib_a-memset.o)
                0x0000459a                memset
 *fill*         0x000045aa        0x2 
 .text.printf   0x000045ac       0x34 c:/program files (x86)/atmel/atmel toolchain/arm gcc/native/4.8.1443/arm-gnu-toolchain/bin/../lib/gcc/arm-none-eabi/4.8.4/../../../../arm-none-eabi/lib/armv6-m\libc_s.a(lib_a-printf.o)
                0x000045ac                iprintf
                0x000045ac                printf
 .text.setbuf   0x000045e0       0x12 c:/program files (x86)/atmel/atmel toolchain/arm gcc/native/4.8.1443/arm-gnu-toolchain/bin/../lib/gcc/arm-none-eabi/4.8.4/../../../../arm-none-eabi/lib/armv6-m\libc_s.a(lib_a-setbuf.o)
                0x000045e0                setbuf
 *fill*         0x000045f2        0x2 
 .text.setvbuf  0x000045f4      0x10c c:/program files (x86)/atmel/atmel toolchain/arm gcc/native/4.8.1443/arm-gnu-toolchain/bin/../lib/gcc/arm-none-eabi/4.8.4/../../../../arm-none-eabi/lib/armv6-m\libc_s.a(lib_a-setvbuf.o)
                0x000045f4                setvbuf
 .text.__sfputc_r
                0x00004700       0x2a c:/program files (x86)/atmel/atmel toolchain/arm gcc/native/4.8.1443/arm-gnu-toolchain/bin/../lib/gcc/arm-none-eabi/4.8.4/../../../../arm-none-eabi/lib/armv6-m\libc_s.a(lib_a-vfprintf.o)
 .text.__sfputs_r
                0x0000472a       0x24 c:/program files (x86)/atmel/atmel toolchain/arm gcc/native/4.8.1443/arm-gnu-toolchain/bin/../lib/gcc/arm-none-eabi/4.8.4/../../../../arm-none-eabi/lib/armv6-m\libc_s.a(lib_a-vfprintf.o)
                0x0000472a                __sfputs_r
 *fill*         0x0000474e        0x2 
 .text._vfprintf_r
                0x00004750      0x210 c:/program files (x86)/atmel/atmel toolchain/arm gcc/native/4.8.1443/arm-gnu-toolchain/bin/../lib/gcc/arm-none-eabi/4.8.4/../../../../arm-none-eabi/lib/armv6-m\libc_s.a(lib_a-vfprintf.o)
                0x00004750                _vfprintf_r
                0x00004750                _vfiprintf_r
 .text.__cvt    0x00004960       0xd0 c:/program files (x86)/atmel/atmel toolchain/arm gcc/native/4.8.1443/arm-gnu-toolchain/bin/../lib/gcc/arm-none-eabi/4.8.4/../../../../arm-none-eabi/lib/armv6-m\libc_s.a(lib_a-vfprintf_float.o)
                0x00004960                __cvt
 .text.__exponent
                0x00004a30       0x6a c:/program files (x86)/atmel/atmel toolchain/arm gcc/native/4.8.1443/arm-gnu-toolchain/bin/../lib/gcc/arm-none-eabi/4.8.4/../../../../arm-none-eabi/lib/armv6-m\libc_s.a(lib_a-vfprintf_float.o)
                0x00004a30                __exponent
 *fill*         0x00004a9a        0x6 
 .text._printf_float
                0x00004aa0      0x458 c:/program files (x86)/atmel/atmel toolchain/arm gcc/native/4.8.1443/arm-gnu-toolchain/bin/../lib/gcc/arm-none-eabi/4.8.4/../../../../arm-none-eabi/lib/armv6-m\libc_s.a(lib_a-vfprintf_float.o)
                0x00004aa0                _printf_float
 .text._printf_common
                0x00004ef8       0xe8 c:/program files (x86)/atmel/atmel toolchain/arm gcc/native/4.8.1443/arm-gnu-toolchain/bin/../lib/gcc/arm-none-eabi/4.8.4/../../../../arm-none-eabi/lib/armv6-m\libc_s.a(lib_a-vfprintf_i.o)
                0x00004ef8                _printf_common
 .text._printf_i
                0x00004fe0      0x22c c:/program files (x86)/atmel/atmel toolchain/arm gcc/native/4.8.1443/arm-gnu-toolchain/bin/../lib/gcc/arm-none-eabi/4.8.4/../../../../arm-none-eabi/lib/armv6-m\libc_s.a(lib_a-vfprintf_i.o)
                0x00004fe0                _printf_i
 .text.__swbuf_r
                0x0000520c       0xb0 c:/program files (x86)/atmel/atmel toolchain/arm gcc/native/4.8.1443/arm-gnu-toolchain/bin/../lib/gcc/arm-none-eabi/4.8.4/../../../../arm-none-eabi/lib/armv6-m\libc_s.a(lib_a-wbuf.o)
                0x0000520c                __swbuf_r
 .text.__swsetup_r
                0x000052bc       0xe4 c:/program files (x86)/atmel/atmel toolchain/arm gcc/native/4.8.1443/arm-gnu-toolchain/bin/../lib/gcc/arm-none-eabi/4.8.4/../../../../arm-none-eabi/lib/armv6-m\libc_s.a(lib_a-wsetup.o)
                0x000052bc                __swsetup_r
 .text.quorem   0x000053a0      0x118 c:/program files (x86)/atmel/atmel toolchain/arm gcc/native/4.8.1443/arm-gnu-toolchain/bin/../lib/gcc/arm-none-eabi/4.8.4/../../../../arm-none-eabi/lib/armv6-m\libc_s.a(lib_a-dtoa.o)
 .text._dtoa_r  0x000054b8      0xbb8 c:/program files (x86)/atmel/atmel toolchain/arm gcc/native/4.8.1443/arm-gnu-toolchain/bin/../lib/gcc/arm-none-eabi/4.8.4/../../../../arm-none-eabi/lib/armv6-m\libc_s.a(lib_a-dtoa.o)
                0x000054b8                _dtoa_r
 .text.__sflush_r
                0x00006070      0x112 c:/program files (x86)/atmel/atmel toolchain/arm gcc/native/4.8.1443/arm-gnu-toolchain/bin/../lib/gcc/arm-none-eabi/4.8.4/../../../../arm-none-eabi/lib/armv6-m\libc_s.a(lib_a-fflush.o)
                0x00006070                __sflush_r
 *fill*         0x00006182        0x2 
 .text._fflush_r
                0x00006184       0x58 c:/program files (x86)/atmel/atmel toolchain/arm gcc/native/4.8.1443/arm-gnu-toolchain/bin/../lib/gcc/arm-none-eabi/4.8.4/../../../../arm-none-eabi/lib/armv6-m\libc_s.a(lib_a-fflush.o)
                0x00006184                _fflush_r
 .text._cleanup_r
                0x000061dc       0x34 c:/program files (x86)/atmel/atmel toolchain/arm gcc/native/4.8.1443/arm-gnu-toolchain/bin/../lib/gcc/arm-none-eabi/4.8.4/../../../../arm-none-eabi/lib/armv6-m\libc_s.a(lib_a-findfp.o)
                0x000061dc                _cleanup_r
 .text.std.isra.0
                0x00006210       0x48 c:/program files (x86)/atmel/atmel toolchain/arm gcc/native/4.8.1443/arm-gnu-toolchain/bin/../lib/gcc/arm-none-eabi/4.8.4/../../../../arm-none-eabi/lib/armv6-m\libc_s.a(lib_a-findfp.o)
 .text.__sfmoreglue
                0x00006258       0x2c c:/program files (x86)/atmel/atmel toolchain/arm gcc/native/4.8.1443/arm-gnu-toolchain/bin/../lib/gcc/arm-none-eabi/4.8.4/../../../../arm-none-eabi/lib/armv6-m\libc_s.a(lib_a-findfp.o)
                0x00006258                __sfmoreglue
 .text.__sinit  0x00006284       0x64 c:/program files (x86)/atmel/atmel toolchain/arm gcc/native/4.8.1443/arm-gnu-toolchain/bin/../lib/gcc/arm-none-eabi/4.8.4/../../../../arm-none-eabi/lib/armv6-m\libc_s.a(lib_a-findfp.o)
                0x00006284                __sinit
 .text.__sfp    0x000062e8       0x7c c:/program files (x86)/atmel/atmel toolchain/arm gcc/native/4.8.1443/arm-gnu-toolchain/bin/../lib/gcc/arm-none-eabi/4.8.4/../../../../arm-none-eabi/lib/armv6-m\libc_s.a(lib_a-findfp.o)
                0x000062e8                __sfp
 .text._localeconv_r
                0x00006364        0x8 c:/program files (x86)/atmel/atmel toolchain/arm gcc/native/4.8.1443/arm-gnu-toolchain/bin/../lib/gcc/arm-none-eabi/4.8.4/../../../../arm-none-eabi/lib/armv6-m\libc_s.a(lib_a-locale.o)
                0x00006364                _localeconv_r
 .text.__smakebuf_r
                0x0000636c       0xa0 c:/program files (x86)/atmel/atmel toolchain/arm gcc/native/4.8.1443/arm-gnu-toolchain/bin/../lib/gcc/arm-none-eabi/4.8.4/../../../../arm-none-eabi/lib/armv6-m\libc_s.a(lib_a-makebuf.o)
                0x0000636c                __smakebuf_r
 .text.malloc   0x0000640c       0x14 c:/program files (x86)/atmel/atmel toolchain/arm gcc/native/4.8.1443/arm-gnu-toolchain/bin/../lib/gcc/arm-none-eabi/4.8.4/../../../../arm-none-eabi/lib/armv6-m\libc_s.a(lib_a-malloc.o)
                0x0000640c                malloc
 .text.memchr   0x00006420       0x16 c:/program files (x86)/atmel/atmel toolchain/arm gcc/native/4.8.1443/arm-gnu-toolchain/bin/../lib/gcc/arm-none-eabi/4.8.4/../../../../arm-none-eabi/lib/armv6-m\libc_s.a(lib_a-memchr-stub.o)
                0x00006420                memchr
 .text._Balloc  0x00006436       0x70 c:/program files (x86)/atmel/atmel toolchain/arm gcc/native/4.8.1443/arm-gnu-toolchain/bin/../lib/gcc/arm-none-eabi/4.8.4/../../../../arm-none-eabi/lib/armv6-m\libc_s.a(lib_a-mprec.o)
                0x00006436                _Balloc
 .text._Bfree   0x000064a6       0x32 c:/program files (x86)/atmel/atmel toolchain/arm gcc/native/4.8.1443/arm-gnu-toolchain/bin/../lib/gcc/arm-none-eabi/4.8.4/../../../../arm-none-eabi/lib/armv6-m\libc_s.a(lib_a-mprec.o)
                0x000064a6                _Bfree
 .text.__multadd
                0x000064d8       0x7c c:/program files (x86)/atmel/atmel toolchain/arm gcc/native/4.8.1443/arm-gnu-toolchain/bin/../lib/gcc/arm-none-eabi/4.8.4/../../../../arm-none-eabi/lib/armv6-m\libc_s.a(lib_a-mprec.o)
                0x000064d8                __multadd
 .text.__hi0bits
                0x00006554       0x38 c:/program files (x86)/atmel/atmel toolchain/arm gcc/native/4.8.1443/arm-gnu-toolchain/bin/../lib/gcc/arm-none-eabi/4.8.4/../../../../arm-none-eabi/lib/armv6-m\libc_s.a(lib_a-mprec.o)
                0x00006554                __hi0bits
 .text.__lo0bits
                0x0000658c       0x5a c:/program files (x86)/atmel/atmel toolchain/arm gcc/native/4.8.1443/arm-gnu-toolchain/bin/../lib/gcc/arm-none-eabi/4.8.4/../../../../arm-none-eabi/lib/armv6-m\libc_s.a(lib_a-mprec.o)
                0x0000658c                __lo0bits
 .text.__i2b    0x000065e6       0x12 c:/program files (x86)/atmel/atmel toolchain/arm gcc/native/4.8.1443/arm-gnu-toolchain/bin/../lib/gcc/arm-none-eabi/4.8.4/../../../../arm-none-eabi/lib/armv6-m\libc_s.a(lib_a-mprec.o)
                0x000065e6                __i2b
 .text.__multiply
                0x000065f8      0x11e c:/program files (x86)/atmel/atmel toolchain/arm gcc/native/4.8.1443/arm-gnu-toolchain/bin/../lib/gcc/arm-none-eabi/4.8.4/../../../../arm-none-eabi/lib/armv6-m\libc_s.a(lib_a-mprec.o)
                0x000065f8                __multiply
 *fill*         0x00006716        0x2 
 .text.__pow5mult
                0x00006718       0xa4 c:/program files (x86)/atmel/atmel toolchain/arm gcc/native/4.8.1443/arm-gnu-toolchain/bin/../lib/gcc/arm-none-eabi/4.8.4/../../../../arm-none-eabi/lib/armv6-m\libc_s.a(lib_a-mprec.o)
                0x00006718                __pow5mult
 .text.__lshift
                0x000067bc       0xa4 c:/program files (x86)/atmel/atmel toolchain/arm gcc/native/4.8.1443/arm-gnu-toolchain/bin/../lib/gcc/arm-none-eabi/4.8.4/../../../../arm-none-eabi/lib/armv6-m\libc_s.a(lib_a-mprec.o)
                0x000067bc                __lshift
 .text.__mcmp   0x00006860       0x36 c:/program files (x86)/atmel/atmel toolchain/arm gcc/native/4.8.1443/arm-gnu-toolchain/bin/../lib/gcc/arm-none-eabi/4.8.4/../../../../arm-none-eabi/lib/armv6-m\libc_s.a(lib_a-mprec.o)
                0x00006860                __mcmp
 .text.__mdiff  0x00006896       0xcc c:/program files (x86)/atmel/atmel toolchain/arm gcc/native/4.8.1443/arm-gnu-toolchain/bin/../lib/gcc/arm-none-eabi/4.8.4/../../../../arm-none-eabi/lib/armv6-m\libc_s.a(lib_a-mprec.o)
                0x00006896                __mdiff
 *fill*         0x00006962        0x2 
 .text.__d2b    0x00006964       0xb0 c:/program files (x86)/atmel/atmel toolchain/arm gcc/native/4.8.1443/arm-gnu-toolchain/bin/../lib/gcc/arm-none-eabi/4.8.4/../../../../arm-none-eabi/lib/armv6-m\libc_s.a(lib_a-mprec.o)
                0x00006964                __d2b
 .text._calloc_r
                0x00006a14       0x1c c:/program files (x86)/atmel/atmel toolchain/arm gcc/native/4.8.1443/arm-gnu-toolchain/bin/../lib/gcc/arm-none-eabi/4.8.4/../../../../arm-none-eabi/lib/armv6-m\libc_s.a(lib_a-nano-callocr.o)
                0x00006a14                _calloc_r
 .text._free_r  0x00006a30       0x90 c:/program files (x86)/atmel/atmel toolchain/arm gcc/native/4.8.1443/arm-gnu-toolchain/bin/../lib/gcc/arm-none-eabi/4.8.4/../../../../arm-none-eabi/lib/armv6-m\libc_s.a(lib_a-nano-freer.o)
                0x00006a30                _free_r
 .text._malloc_r
                0x00006ac0       0xa8 c:/program files (x86)/atmel/atmel toolchain/arm gcc/native/4.8.1443/arm-gnu-toolchain/bin/../lib/gcc/arm-none-eabi/4.8.4/../../../../arm-none-eabi/lib/armv6-m\libc_s.a(lib_a-nano-mallocr.o)
                0x00006ac0                _malloc_r
 .text._sbrk_r  0x00006b68       0x24 c:/program files (x86)/atmel/atmel toolchain/arm gcc/native/4.8.1443/arm-gnu-toolchain/bin/../lib/gcc/arm-none-eabi/4.8.4/../../../../arm-none-eabi/lib/armv6-m\libc_s.a(lib_a-sbrkr.o)
                0x00006b68                _sbrk_r
 .text.__sread  0x00006b8c       0x28 c:/program files (x86)/atmel/atmel toolchain/arm gcc/native/4.8.1443/arm-gnu-toolchain/bin/../lib/gcc/arm-none-eabi/4.8.4/../../../../arm-none-eabi/lib/armv6-m\libc_s.a(lib_a-stdio.o)
                0x00006b8c                __sread
 .text.__swrite
                0x00006bb4       0x38 c:/program files (x86)/atmel/atmel toolchain/arm gcc/native/4.8.1443/arm-gnu-toolchain/bin/../lib/gcc/arm-none-eabi/4.8.4/../../../../arm-none-eabi/lib/armv6-m\libc_s.a(lib_a-stdio.o)
                0x00006bb4                __swrite
 .text.__sseek  0x00006bec       0x2c c:/program files (x86)/atmel/atmel toolchain/arm gcc/native/4.8.1443/arm-gnu-toolchain/bin/../lib/gcc/arm-none-eabi/4.8.4/../../../../arm-none-eabi/lib/armv6-m\libc_s.a(lib_a-stdio.o)
                0x00006bec                __sseek
 .text.__sclose
                0x00006c18        0xc c:/program files (x86)/atmel/atmel toolchain/arm gcc/native/4.8.1443/arm-gnu-toolchain/bin/../lib/gcc/arm-none-eabi/4.8.4/../../../../arm-none-eabi/lib/armv6-m\libc_s.a(lib_a-stdio.o)
                0x00006c18                __sclose
 .text.strlen   0x00006c24        0xe c:/program files (x86)/atmel/atmel toolchain/arm gcc/native/4.8.1443/arm-gnu-toolchain/bin/../lib/gcc/arm-none-eabi/4.8.4/../../../../arm-none-eabi/lib/armv6-m\libc_s.a(lib_a-strlen.o)
                0x00006c24                strlen
 *fill*         0x00006c32        0x2 
 .text._write_r
                0x00006c34       0x28 c:/program files (x86)/atmel/atmel toolchain/arm gcc/native/4.8.1443/arm-gnu-toolchain/bin/../lib/gcc/arm-none-eabi/4.8.4/../../../../arm-none-eabi/lib/armv6-m\libc_s.a(lib_a-writer.o)
                0x00006c34                _write_r
 .text._close_r
                0x00006c5c       0x24 c:/program files (x86)/atmel/atmel toolchain/arm gcc/native/4.8.1443/arm-gnu-toolchain/bin/../lib/gcc/arm-none-eabi/4.8.4/../../../../arm-none-eabi/lib/armv6-m\libc_s.a(lib_a-closer.o)
                0x00006c5c                _close_r
 .text._fstat_r
                0x00006c80       0x24 c:/program files (x86)/atmel/atmel toolchain/arm gcc/native/4.8.1443/arm-gnu-toolchain/bin/../lib/gcc/arm-none-eabi/4.8.4/../../../../arm-none-eabi/lib/armv6-m\libc_s.a(lib_a-fstatr.o)
                0x00006c80                _fstat_r
 .text._isatty_r
                0x00006ca4       0x24 c:/program files (x86)/atmel/atmel toolchain/arm gcc/native/4.8.1443/arm-gnu-toolchain/bin/../lib/gcc/arm-none-eabi/4.8.4/../../../../arm-none-eabi/lib/armv6-m\libc_s.a(lib_a-isattyr.o)
                0x00006ca4                _isatty_r
 .text._lseek_r
                0x00006cc8       0x28 c:/program files (x86)/atmel/atmel toolchain/arm gcc/native/4.8.1443/arm-gnu-toolchain/bin/../lib/gcc/arm-none-eabi/4.8.4/../../../../arm-none-eabi/lib/armv6-m\libc_s.a(lib_a-lseekr.o)
                0x00006cc8                _lseek_r
 .text._read_r  0x00006cf0       0x28 c:/program files (x86)/atmel/atmel toolchain/arm gcc/native/4.8.1443/arm-gnu-toolchain/bin/../lib/gcc/arm-none-eabi/4.8.4/../../../../arm-none-eabi/lib/armv6-m\libc_s.a(lib_a-readr.o)
                0x00006cf0                _read_r
 .text          0x00006d18       0x14 c:/program files (x86)/atmel/atmel toolchain/arm gcc/native/4.8.1443/arm-gnu-toolchain/bin/../lib/gcc/arm-none-eabi/4.8.4/armv6-m\libgcc.a(_thumb1_case_uqi.o)
                0x00006d18                __gnu_thumb1_case_uqi
 .text          0x00006d2c       0x9c c:/program files (x86)/atmel/atmel toolchain/arm gcc/native/4.8.1443/arm-gnu-toolchain/bin/../lib/gcc/arm-none-eabi/4.8.4/armv6-m\libgcc.a(_udivsi3.o)
                0x00006d2c                __aeabi_uidiv
                0x00006d2c                __udivsi3
                0x00006db4                __aeabi_uidivmod
 .text          0x00006dc8       0xc0 c:/program files (x86)/atmel/atmel toolchain/arm gcc/native/4.8.1443/arm-gnu-toolchain/bin/../lib/gcc/arm-none-eabi/4.8.4/armv6-m\libgcc.a(_divsi3.o)
                0x00006dc8                __divsi3
                0x00006dc8                __aeabi_idiv
                0x00006e74                __aeabi_idivmod
 .text          0x00006e88        0x4 c:/program files (x86)/atmel/atmel toolchain/arm gcc/native/4.8.1443/arm-gnu-toolchain/bin/../lib/gcc/arm-none-eabi/4.8.4/armv6-m\libgcc.a(_dvmd_tls.o)
                0x00006e88                __aeabi_idiv0
                0x00006e88                __aeabi_ldiv0
 .text          0x00006e8c       0x7c c:/program files (x86)/atmel/atmel toolchain/arm gcc/native/4.8.1443/arm-gnu-toolchain/bin/../lib/gcc/arm-none-eabi/4.8.4/armv6-m\libgcc.a(_arm_cmpdf2.o)
                0x00006e8c                __aeabi_cdrcmple
                0x00006e9c                __aeabi_cdcmple
                0x00006e9c                __aeabi_cdcmpeq
                0x00006eac                __aeabi_dcmpeq
                0x00006eb8                __aeabi_dcmplt
                0x00006ecc                __aeabi_dcmple
                0x00006ee0                __aeabi_dcmpgt
                0x00006ef4                __aeabi_dcmpge
 .text          0x00006f08       0x74 c:/program files (x86)/atmel/atmel toolchain/arm gcc/native/4.8.1443/arm-gnu-toolchain/bin/../lib/gcc/arm-none-eabi/4.8.4/armv6-m\libgcc.a(_arm_cmpsf2.o)
                0x00006f08                __aeabi_cfrcmple
                0x00006f10                __aeabi_cfcmpeq
                0x00006f10                __aeabi_cfcmple
                0x00006f20                __aeabi_fcmpeq
                0x00006f2c                __aeabi_fcmplt
                0x00006f40                __aeabi_fcmple
                0x00006f54                __aeabi_fcmpgt
                0x00006f68                __aeabi_fcmpge
 .text          0x00006f7c       0x44 c:/program files (x86)/atmel/atmel toolchain/arm gcc/native/4.8.1443/arm-gnu-toolchain/bin/../lib/gcc/arm-none-eabi/4.8.4/armv6-m\libgcc.a(_muldi3.o)
                0x00006f7c                __muldi3
                0x00006f7c                __aeabi_lmul
 .text          0x00006fc0       0x30 c:/program files (x86)/atmel/atmel toolchain/arm gcc/native/4.8.1443/arm-gnu-toolchain/bin/../lib/gcc/arm-none-eabi/4.8.4/armv6-m\libgcc.a(_fixunssfsi.o)
                0x00006fc0                __fixunssfsi
                0x00006fc0                __aeabi_f2uiz
 .text          0x00006ff0      0x2d8 c:/program files (x86)/atmel/atmel toolchain/arm gcc/native/4.8.1443/arm-gnu-toolchain/bin/../lib/gcc/arm-none-eabi/4.8.4/armv6-m\libgcc.a(addsf3.o)
                0x00006ff0                __aeabi_fadd
 .text          0x000072c8      0x24c c:/program files (x86)/atmel/atmel toolchain/arm gcc/native/4.8.1443/arm-gnu-toolchain/bin/../lib/gcc/arm-none-eabi/4.8.4/armv6-m\libgcc.a(divsf3.o)
                0x000072c8                __aeabi_fdiv
 .text          0x00007514       0x54 c:/program files (x86)/atmel/atmel toolchain/arm gcc/native/4.8.1443/arm-gnu-toolchain/bin/../lib/gcc/arm-none-eabi/4.8.4/armv6-m\libgcc.a(eqsf2.o)
                0x00007514                __eqsf2
                0x00007514                __nesf2
 .text          0x00007568       0x90 c:/program files (x86)/atmel/atmel toolchain/arm gcc/native/4.8.1443/arm-gnu-toolchain/bin/../lib/gcc/arm-none-eabi/4.8.4/armv6-m\libgcc.a(gesf2.o)
                0x00007568                __gesf2
                0x00007568                __gtsf2
 .text          0x000075f8       0x98 c:/program files (x86)/atmel/atmel toolchain/arm gcc/native/4.8.1443/arm-gnu-toolchain/bin/../lib/gcc/arm-none-eabi/4.8.4/armv6-m\libgcc.a(lesf2.o)
                0x000075f8                __ltsf2
                0x000075f8                __lesf2
 .text          0x00007690      0x254 c:/program files (x86)/atmel/atmel toolchain/arm gcc/native/4.8.1443/arm-gnu-toolchain/bin/../lib/gcc/arm-none-eabi/4.8.4/armv6-m\libgcc.a(mulsf3.o)
                0x00007690                __aeabi_fmul
 .text          0x000078e4      0x2ec c:/program files (x86)/atmel/atmel toolchain/arm gcc/native/4.8.1443/arm-gnu-toolchain/bin/../lib/gcc/arm-none-eabi/4.8.4/armv6-m\libgcc.a(subsf3.o)
                0x000078e4                __aeabi_fsub
 .text          0x00007bd0       0x40 c:/program files (x86)/atmel/atmel toolchain/arm gcc/native/4.8.1443/arm-gnu-toolchain/bin/../lib/gcc/arm-none-eabi/4.8.4/armv6-m\libgcc.a(fixsfsi.o)
                0x00007bd0                __aeabi_f2iz
 .text          0x00007c10       0xb8 c:/program files (x86)/atmel/atmel toolchain/arm gcc/native/4.8.1443/arm-gnu-toolchain/bin/../lib/gcc/arm-none-eabi/4.8.4/armv6-m\libgcc.a(floatsisf.o)
                0x00007c10                __aeabi_i2f
 .text          0x00007cc8       0xa0 c:/program files (x86)/atmel/atmel toolchain/arm gcc/native/4.8.1443/arm-gnu-toolchain/bin/../lib/gcc/arm-none-eabi/4.8.4/armv6-m\libgcc.a(floatunsisf.o)
                0x00007cc8                __aeabi_ui2f
 .text          0x00007d68      0x644 c:/program files (x86)/atmel/atmel toolchain/arm gcc/native/4.8.1443/arm-gnu-toolchain/bin/../lib/gcc/arm-none-eabi/4.8.4/armv6-m\libgcc.a(adddf3.o)
                0x00007d68                __aeabi_dadd
 .text          0x000083ac      0x648 c:/program files (x86)/atmel/atmel toolchain/arm gcc/native/4.8.1443/arm-gnu-toolchain/bin/../lib/gcc/arm-none-eabi/4.8.4/armv6-m\libgcc.a(divdf3.o)
                0x000083ac                __aeabi_ddiv
 .text          0x000089f4       0x94 c:/program files (x86)/atmel/atmel toolchain/arm gcc/native/4.8.1443/arm-gnu-toolchain/bin/../lib/gcc/arm-none-eabi/4.8.4/armv6-m\libgcc.a(eqdf2.o)
                0x000089f4                __nedf2
                0x000089f4                __eqdf2
 .text          0x00008a88       0xfc c:/program files (x86)/atmel/atmel toolchain/arm gcc/native/4.8.1443/arm-gnu-toolchain/bin/../lib/gcc/arm-none-eabi/4.8.4/armv6-m\libgcc.a(gedf2.o)
                0x00008a88                __gedf2
                0x00008a88                __gtdf2
 .text          0x00008b84       0xfc c:/program files (x86)/atmel/atmel toolchain/arm gcc/native/4.8.1443/arm-gnu-toolchain/bin/../lib/gcc/arm-none-eabi/4.8.4/armv6-m\libgcc.a(ledf2.o)
                0x00008b84                __ledf2
                0x00008b84                __ltdf2
 .text          0x00008c80      0x520 c:/program files (x86)/atmel/atmel toolchain/arm gcc/native/4.8.1443/arm-gnu-toolchain/bin/../lib/gcc/arm-none-eabi/4.8.4/armv6-m\libgcc.a(muldf3.o)
                0x00008c80                __aeabi_dmul
 .text          0x000091a0      0x668 c:/program files (x86)/atmel/atmel toolchain/arm gcc/native/4.8.1443/arm-gnu-toolchain/bin/../lib/gcc/arm-none-eabi/4.8.4/armv6-m\libgcc.a(subdf3.o)
                0x000091a0                __aeabi_dsub
 .text          0x00009808       0x68 c:/program files (x86)/atmel/atmel toolchain/arm gcc/native/4.8.1443/arm-gnu-toolchain/bin/../lib/gcc/arm-none-eabi/4.8.4/armv6-m\libgcc.a(fixdfsi.o)
                0x00009808                __aeabi_d2iz
 .text          0x00009870       0x7c c:/program files (x86)/atmel/atmel toolchain/arm gcc/native/4.8.1443/arm-gnu-toolchain/bin/../lib/gcc/arm-none-eabi/4.8.4/armv6-m\libgcc.a(floatsidf.o)
                0x00009870                __aeabi_i2d
 .text          0x000098ec       0x68 c:/program files (x86)/atmel/atmel toolchain/arm gcc/native/4.8.1443/arm-gnu-toolchain/bin/../lib/gcc/arm-none-eabi/4.8.4/armv6-m\libgcc.a(floatunsidf.o)
                0x000098ec                __aeabi_ui2d
 .text          0x00009954       0xa4 c:/program files (x86)/atmel/atmel toolchain/arm gcc/native/4.8.1443/arm-gnu-toolchain/bin/../lib/gcc/arm-none-eabi/4.8.4/armv6-m\libgcc.a(extendsfdf2.o)
                0x00009954                __aeabi_f2d
 .text          0x000099f8      0x118 c:/program files (x86)/atmel/atmel toolchain/arm gcc/native/4.8.1443/arm-gnu-toolchain/bin/../lib/gcc/arm-none-eabi/4.8.4/armv6-m\libgcc.a(truncdfsf2.o)
                0x000099f8                __aeabi_d2f
 .text          0x00009b10       0x3c c:/program files (x86)/atmel/atmel toolchain/arm gcc/native/4.8.1443/arm-gnu-toolchain/bin/../lib/gcc/arm-none-eabi/4.8.4/armv6-m\libgcc.a(_clzsi2.o)
                0x00009b10                __clzsi2
 *(.glue_7t)
 .glue_7t       0x00000000        0x0 linker stubs
 *(.glue_7)
 .glue_7        0x00000000        0x0 linker stubs
 *(.rodata .rodata* .gnu.linkonce.r.*)
 .rodata.str1.4
                0x00009b4c      0x1fc src/accelerometer_lib.o
 .rodata.inputs.13623
                0x00009d48        0x4 src/ADC_subsystem.o
 .rodata.str1.4
                0x00009d4c       0x18 src/longboard.o
                                 0x1c (size before relaxing)
 .rodata.set_disp_led_color
                0x00009d64       0x18 src/spi_sseg.o
 .rodata.DISPLAY1.13644
                0x00009d7c        0xc src/spi_sseg.o
 .rodata.tc_interrupt_vectors.13573
                0x00009d88        0x4 src/timer_subsystem.o
 .rodata.adc_init
                0x00009d8c       0xd4 src/ASF/sam0/drivers/adc/adc_sam_d_r/adc.o
 .rodata        0x00009e60       0x50 src/ASF/sam0/drivers/adc/adc_sam_d_r/adc.o
 .rodata.nvm_execute_command
                0x00009eb0      0x118 src/ASF/sam0/drivers/nvm/nvm.o
 .rodata        0x00009fc8       0x10 src/ASF/sam0/drivers/sercom/sercom.o
 .rodata        0x00009fd8        0x4 src/ASF/sam0/drivers/sercom/sercom_interrupt.o
 .rodata.system_clock_source_get_hz
                0x00009fdc       0x24 src/ASF/sam0/drivers/system/clock/clock_samd21_r21_da/clock.o
 .rodata.system_clock_source_enable
                0x0000a000       0x24 src/ASF/sam0/drivers/system/clock/clock_samd21_r21_da/clock.o
 .rodata        0x0000a024       0x18 src/ASF/sam0/drivers/tc/tc.o
 .rodata        0x0000a03c        0xc src/ASF/sam0/services/eeprom/emulator/eeprom.o
 .rodata.str1.4
                0x0000a048       0x10 src/main.o
 .rodata.atanlo
                0x0000a058       0x20 c:/program files (x86)/atmel/atmel toolchain/arm gcc/native/4.8.1443/arm-gnu-toolchain/bin/../lib/gcc/arm-none-eabi/4.8.4/../../../../arm-none-eabi/lib/armv6-m\libm.a(lib_a-s_atan.o)
 .rodata.atanhi
                0x0000a078       0x20 c:/program files (x86)/atmel/atmel toolchain/arm gcc/native/4.8.1443/arm-gnu-toolchain/bin/../lib/gcc/arm-none-eabi/4.8.4/../../../../arm-none-eabi/lib/armv6-m\libm.a(lib_a-s_atan.o)
 .rodata.str1.4
                0x0000a098        0x8 c:/program files (x86)/atmel/atmel toolchain/arm gcc/native/4.8.1443/arm-gnu-toolchain/bin/../lib/gcc/arm-none-eabi/4.8.4/../../../../arm-none-eabi/lib/armv6-m\libm.a(lib_a-w_sqrt.o)
 .rodata.str1.1
                0x0000a0a0        0x2 c:/program files (x86)/atmel/atmel toolchain/arm gcc/native/4.8.1443/arm-gnu-toolchain/bin/../lib/gcc/arm-none-eabi/4.8.4/../../../../arm-none-eabi/lib/armv6-m\libc_s.a(lib_a-impure.o)
 *fill*         0x0000a0a2        0x2 
 .rodata._global_impure_ptr
                0x0000a0a4        0x4 c:/program files (x86)/atmel/atmel toolchain/arm gcc/native/4.8.1443/arm-gnu-toolchain/bin/../lib/gcc/arm-none-eabi/4.8.4/../../../../arm-none-eabi/lib/armv6-m\libc_s.a(lib_a-impure.o)
                0x0000a0a4                _global_impure_ptr
 .rodata.str1.1
                0x0000a0a8       0x11 c:/program files (x86)/atmel/atmel toolchain/arm gcc/native/4.8.1443/arm-gnu-toolchain/bin/../lib/gcc/arm-none-eabi/4.8.4/../../../../arm-none-eabi/lib/armv6-m\libc_s.a(lib_a-vfprintf.o)
 .rodata.str1.1
                0x0000a0b9       0x12 c:/program files (x86)/atmel/atmel toolchain/arm gcc/native/4.8.1443/arm-gnu-toolchain/bin/../lib/gcc/arm-none-eabi/4.8.4/../../../../arm-none-eabi/lib/armv6-m\libc_s.a(lib_a-vfprintf_float.o)
 .rodata.str1.1
                0x0000a0cb       0x22 c:/program files (x86)/atmel/atmel toolchain/arm gcc/native/4.8.1443/arm-gnu-toolchain/bin/../lib/gcc/arm-none-eabi/4.8.4/../../../../arm-none-eabi/lib/armv6-m\libc_s.a(lib_a-vfprintf_i.o)
 .rodata.str1.1
                0x0000a0ed        0xd c:/program files (x86)/atmel/atmel toolchain/arm gcc/native/4.8.1443/arm-gnu-toolchain/bin/../lib/gcc/arm-none-eabi/4.8.4/../../../../arm-none-eabi/lib/armv6-m\libc_s.a(lib_a-dtoa.o)
                                  0xf (size before relaxing)
 *fill*         0x0000a0fa        0x2 
 .rodata.__sf_fake_stdin
                0x0000a0fc       0x20 c:/program files (x86)/atmel/atmel toolchain/arm gcc/native/4.8.1443/arm-gnu-toolchain/bin/../lib/gcc/arm-none-eabi/4.8.4/../../../../arm-none-eabi/lib/armv6-m\libc_s.a(lib_a-findfp.o)
                0x0000a0fc                __sf_fake_stdin
 .rodata.__sf_fake_stdout
                0x0000a11c       0x20 c:/program files (x86)/atmel/atmel toolchain/arm gcc/native/4.8.1443/arm-gnu-toolchain/bin/../lib/gcc/arm-none-eabi/4.8.4/../../../../arm-none-eabi/lib/armv6-m\libc_s.a(lib_a-findfp.o)
                0x0000a11c                __sf_fake_stdout
 .rodata.__sf_fake_stderr
                0x0000a13c       0x20 c:/program files (x86)/atmel/atmel toolchain/arm gcc/native/4.8.1443/arm-gnu-toolchain/bin/../lib/gcc/arm-none-eabi/4.8.4/../../../../arm-none-eabi/lib/armv6-m\libc_s.a(lib_a-findfp.o)
                0x0000a13c                __sf_fake_stderr
 .rodata.str1.1
                0x0000a15c        0x8 c:/program files (x86)/atmel/atmel toolchain/arm gcc/native/4.8.1443/arm-gnu-toolchain/bin/../lib/gcc/arm-none-eabi/4.8.4/../../../../arm-none-eabi/lib/armv6-m\libc_s.a(lib_a-locale.o)
                                  0xb (size before relaxing)
 *fill*         0x0000a164        0x4 
 .rodata.__mprec_tens
                0x0000a168       0xc8 c:/program files (x86)/atmel/atmel toolchain/arm gcc/native/4.8.1443/arm-gnu-toolchain/bin/../lib/gcc/arm-none-eabi/4.8.4/../../../../arm-none-eabi/lib/armv6-m\libc_s.a(lib_a-mprec.o)
                0x0000a168                __mprec_tens
 .rodata.__mprec_bigtens
                0x0000a230       0x28 c:/program files (x86)/atmel/atmel toolchain/arm gcc/native/4.8.1443/arm-gnu-toolchain/bin/../lib/gcc/arm-none-eabi/4.8.4/../../../../arm-none-eabi/lib/armv6-m\libc_s.a(lib_a-mprec.o)
                0x0000a230                __mprec_bigtens
 .rodata.p05.5281
                0x0000a258        0xc c:/program files (x86)/atmel/atmel toolchain/arm gcc/native/4.8.1443/arm-gnu-toolchain/bin/../lib/gcc/arm-none-eabi/4.8.4/../../../../arm-none-eabi/lib/armv6-m\libc_s.a(lib_a-mprec.o)
 .rodata        0x0000a264       0x40 c:/program files (x86)/atmel/atmel toolchain/arm gcc/native/4.8.1443/arm-gnu-toolchain/bin/../lib/gcc/arm-none-eabi/4.8.4/armv6-m\libgcc.a(divsf3.o)
 .rodata        0x0000a2a4       0x40 c:/program files (x86)/atmel/atmel toolchain/arm gcc/native/4.8.1443/arm-gnu-toolchain/bin/../lib/gcc/arm-none-eabi/4.8.4/armv6-m\libgcc.a(mulsf3.o)
 .rodata        0x0000a2e4       0x40 c:/program files (x86)/atmel/atmel toolchain/arm gcc/native/4.8.1443/arm-gnu-toolchain/bin/../lib/gcc/arm-none-eabi/4.8.4/armv6-m\libgcc.a(divdf3.o)
 .rodata        0x0000a324       0x40 c:/program files (x86)/atmel/atmel toolchain/arm gcc/native/4.8.1443/arm-gnu-toolchain/bin/../lib/gcc/arm-none-eabi/4.8.4/armv6-m\libgcc.a(muldf3.o)
 *(.ARM.extab* .gnu.linkonce.armextab.*)
                0x0000a364                . = ALIGN (0x4)
 *(.init)
 .init          0x0000a364        0x4 c:/program files (x86)/atmel/atmel toolchain/arm gcc/native/4.8.1443/arm-gnu-toolchain/bin/../lib/gcc/arm-none-eabi/4.8.4/armv6-m/crti.o
                0x0000a364                _init
 .init          0x0000a368        0x8 c:/program files (x86)/atmel/atmel toolchain/arm gcc/native/4.8.1443/arm-gnu-toolchain/bin/../lib/gcc/arm-none-eabi/4.8.4/armv6-m/crtn.o
                0x0000a370                . = ALIGN (0x4)
                0x0000a370                __preinit_array_start = .
 *(.preinit_array)
                0x0000a370                __preinit_array_end = .
                0x0000a370                . = ALIGN (0x4)
                0x0000a370                __init_array_start = .
 *(SORT(.init_array.*))
 *(.init_array)
 .init_array    0x0000a370        0x4 c:/program files (x86)/atmel/atmel toolchain/arm gcc/native/4.8.1443/arm-gnu-toolchain/bin/../lib/gcc/arm-none-eabi/4.8.4/armv6-m/crtbegin.o
                0x0000a374                __init_array_end = .
                0x0000a374                . = ALIGN (0x4)
 *crtbegin.o(.ctors)
 *(EXCLUDE_FILE(*crtend.o) .ctors)
 *(SORT(.ctors.*))
 *crtend.o(.ctors)
                0x0000a374                . = ALIGN (0x4)
 *(.fini)
 .fini          0x0000a374        0x4 c:/program files (x86)/atmel/atmel toolchain/arm gcc/native/4.8.1443/arm-gnu-toolchain/bin/../lib/gcc/arm-none-eabi/4.8.4/armv6-m/crti.o
                0x0000a374                _fini
 .fini          0x0000a378        0x8 c:/program files (x86)/atmel/atmel toolchain/arm gcc/native/4.8.1443/arm-gnu-toolchain/bin/../lib/gcc/arm-none-eabi/4.8.4/armv6-m/crtn.o
                0x0000a380                . = ALIGN (0x4)
                0x0000a380                __fini_array_start = .
 *(.fini_array)
 .fini_array    0x0000a380        0x4 c:/program files (x86)/atmel/atmel toolchain/arm gcc/native/4.8.1443/arm-gnu-toolchain/bin/../lib/gcc/arm-none-eabi/4.8.4/armv6-m/crtbegin.o
 *(SORT(.fini_array.*))
                0x0000a384                __fini_array_end = .
 *crtbegin.o(.dtors)
 *(EXCLUDE_FILE(*crtend.o) .dtors)
 *(SORT(.dtors.*))
 *crtend.o(.dtors)
                0x0000a384                . = ALIGN (0x4)
                0x0000a384                _efixed = .
                0x0000a384                PROVIDE (__exidx_start, .)

.vfp11_veneer   0x0000a384        0x0
 .vfp11_veneer  0x00000000        0x0 linker stubs

.v4_bx          0x0000a384        0x0
 .v4_bx         0x00000000        0x0 linker stubs

.iplt           0x0000a384        0x0
 .iplt          0x00000000        0x0 c:/program files (x86)/atmel/atmel toolchain/arm gcc/native/4.8.1443/arm-gnu-toolchain/bin/../lib/gcc/arm-none-eabi/4.8.4/armv6-m/crtbegin.o

.eh_frame       0x0000a384        0x0
 .eh_frame      0x0000a384        0x0 c:/program files (x86)/atmel/atmel toolchain/arm gcc/native/4.8.1443/arm-gnu-toolchain/bin/../lib/gcc/arm-none-eabi/4.8.4/armv6-m/crtbegin.o

.rel.dyn        0x0000a384        0x0
 .rel.iplt      0x00000000        0x0 c:/program files (x86)/atmel/atmel toolchain/arm gcc/native/4.8.1443/arm-gnu-toolchain/bin/../lib/gcc/arm-none-eabi/4.8.4/armv6-m/crtbegin.o

.jcr            0x0000a384        0x0
 .jcr           0x0000a384        0x0 c:/program files (x86)/atmel/atmel toolchain/arm gcc/native/4.8.1443/arm-gnu-toolchain/bin/../lib/gcc/arm-none-eabi/4.8.4/armv6-m/crtbegin.o

.igot.plt       0x0000a384        0x0
 .igot.plt      0x00000000        0x0 c:/program files (x86)/atmel/atmel toolchain/arm gcc/native/4.8.1443/arm-gnu-toolchain/bin/../lib/gcc/arm-none-eabi/4.8.4/armv6-m/crtbegin.o

.ARM.exidx
 *(.ARM.exidx* .gnu.linkonce.armexidx.*)
                0x0000a384                PROVIDE (__exidx_end, .)
                0x0000a384                . = ALIGN (0x4)
                0x0000a384                _etext = .

.relocate       0x20000000       0xac load address 0x0000a384
                0x20000000                . = ALIGN (0x4)
                0x20000000                _srelocate = .
 *(.ramfunc .ramfunc.*)
 *(.data .data.*)
 .data.num_channels
                0x20000000        0x1 src/ADC_subsystem.o
 .data.led_ramp.16476
                0x20000001        0x1 src/longboard.o
 .data.bcm_cycle.13654
                0x20000002        0x1 src/spi_sseg.o
 *fill*         0x20000003        0x1 
 .data.cycles_per_us
                0x20000004        0x4 src/ASF/common2/services/delay/sam0/systick_counter.o
 .data.cycles_per_ms
                0x20000008        0x4 src/ASF/common2/services/delay/sam0/systick_counter.o
 .data.g_interrupt_enabled
                0x2000000c        0x1 src/ASF/common/utils/interrupt/interrupt_sam_nvic.o
                0x2000000c                g_interrupt_enabled
 .data.__fdlib_version
                0x2000000d        0x1 c:/program files (x86)/atmel/atmel toolchain/arm gcc/native/4.8.1443/arm-gnu-toolchain/bin/../lib/gcc/arm-none-eabi/4.8.4/../../../../arm-none-eabi/lib/armv6-m\libm.a(lib_a-s_lib_ver.o)
                0x2000000d                __fdlib_version
 *fill*         0x2000000e        0x2 
 .data.impure_data
                0x20000010       0x60 c:/program files (x86)/atmel/atmel toolchain/arm gcc/native/4.8.1443/arm-gnu-toolchain/bin/../lib/gcc/arm-none-eabi/4.8.4/../../../../arm-none-eabi/lib/armv6-m\libc_s.a(lib_a-impure.o)
 .data._impure_ptr
                0x20000070        0x4 c:/program files (x86)/atmel/atmel toolchain/arm gcc/native/4.8.1443/arm-gnu-toolchain/bin/../lib/gcc/arm-none-eabi/4.8.4/../../../../arm-none-eabi/lib/armv6-m\libc_s.a(lib_a-impure.o)
                0x20000070                _impure_ptr
 .data.lconv    0x20000074       0x38 c:/program files (x86)/atmel/atmel toolchain/arm gcc/native/4.8.1443/arm-gnu-toolchain/bin/../lib/gcc/arm-none-eabi/4.8.4/../../../../arm-none-eabi/lib/armv6-m\libc_s.a(lib_a-locale.o)
                0x200000ac                . = ALIGN (0x4)
                0x200000ac                _erelocate = .

.bss            0x200000ac      0x2d0 load address 0x0000a430
                0x200000ac                . = ALIGN (0x4)
                0x200000ac                _sbss = .
                0x200000ac                _szero = .
 *(.bss .bss.*)
 .bss           0x200000ac       0x1c c:/program files (x86)/atmel/atmel toolchain/arm gcc/native/4.8.1443/arm-gnu-toolchain/bin/../lib/gcc/arm-none-eabi/4.8.4/armv6-m/crtbegin.o
 .bss.curr_channel.13622
                0x200000c8        0x1 src/ADC_subsystem.o
 *fill*         0x200000c9        0x3 
 .bss.spi_btn   0x200000cc        0xc src/longboard.o
 .bss.disp_val.16475
                0x200000d8        0x1 src/longboard.o
 .bss.led_inc.16477
                0x200000d9        0x1 src/longboard.o
 *fill*         0x200000da        0x2 
 .bss.alarm.16486
                0x200000dc        0xc src/rtc_lib.o
 .bss.buf.13656
                0x200000e8        0x4 src/spi_sseg.o
 .bss.active_num.13655
                0x200000ec        0x1 src/spi_sseg.o
 *fill*         0x200000ed        0x3 
 .bss._nvm_dev  0x200000f0        0x8 src/ASF/sam0/drivers/nvm/nvm.o
 .bss._sercom_config
                0x200000f8        0x4 src/ASF/sam0/drivers/sercom/sercom.o
 .bss._handler_table_initialized
                0x200000fc        0x1 src/ASF/sam0/drivers/sercom/sercom_interrupt.o
 *fill*         0x200000fd        0x3 
 .bss._sercom_interrupt_handlers
                0x20000100       0x10 src/ASF/sam0/drivers/sercom/sercom_interrupt.o
 .bss.cpu_irq_critical_section_counter
                0x20000110        0x4 src/ASF/common/utils/interrupt/interrupt_sam_nvic.o
 .bss.cpu_irq_prev_interrupt_state
                0x20000114        0x1 src/ASF/common/utils/interrupt/interrupt_sam_nvic.o
 *fill*         0x20000115        0x3 
 .bss._system_clock_inst
                0x20000118       0x18 src/ASF/sam0/drivers/system/clock/clock_samd21_r21_da/clock.o
 .bss._eeprom_instance
                0x20000130       0xcc src/ASF/sam0/services/eeprom/emulator/eeprom.o
 .bss.heap.5097
                0x200001fc        0x4 src/ASF/sam0/utils/syscalls/gcc/syscalls.o
 .bss.spi_btn   0x20000200        0xc src/main.o
 .bss.__malloc_sbrk_start
                0x2000020c        0x4 c:/program files (x86)/atmel/atmel toolchain/arm gcc/native/4.8.1443/arm-gnu-toolchain/bin/../lib/gcc/arm-none-eabi/4.8.4/../../../../arm-none-eabi/lib/armv6-m\libc_s.a(lib_a-nano-mallocr.o)
                0x2000020c                __malloc_sbrk_start
 .bss.__malloc_free_list
                0x20000210        0x4 c:/program files (x86)/atmel/atmel toolchain/arm gcc/native/4.8.1443/arm-gnu-toolchain/bin/../lib/gcc/arm-none-eabi/4.8.4/../../../../arm-none-eabi/lib/armv6-m\libc_s.a(lib_a-nano-mallocr.o)
                0x20000210                __malloc_free_list
 *(COMMON)
 COMMON         0x20000214       0xd0 src/accelerometer_lib.o
                0x20000214                adc_val
                0x20000218                accelerometer
                0x2000024c                spi_master_instance
                0x20000288                slave
                0x2000028c                logger_timer_instance
                0x200002a8                display_timer_instance
                0x200002c4                adc_instance
 COMMON         0x200002e4        0x4 src/ADC_subsystem.o
                0x200002e4                callbacks
 COMMON         0x200002e8        0x4 src/ASF/sam0/drivers/rtc/rtc_calendar.o
                0x200002e8                _rtc_instance
 COMMON         0x200002ec       0x18 src/rtc_lib.o
                0x200002ec                rtc_instance
                0x20000300                external_callback_func
 COMMON         0x20000304        0xd src/spi_sseg.o
                0x20000304                sseg_leds
                0x20000308                sseg_num_num
                0x2000030c                sseg_num
                0x20000310                sseg_brightness
 *fill*         0x20000311        0x3 
 COMMON         0x20000314        0x4 src/ASF/sam0/drivers/adc/adc_sam_d_r/adc_callback.o
                0x20000314                _adc_instances
 COMMON         0x20000318        0x2 src/ASF/sam0/drivers/sercom/spi/spi_interrupt.o
                0x20000318                dummy_write
 *fill*         0x2000031a        0x2 
 COMMON         0x2000031c       0x10 src/ASF/sam0/drivers/sercom/sercom_interrupt.o
                0x2000031c                _sercom_instances
 COMMON         0x2000032c        0xc src/ASF/sam0/drivers/tc/tc_interrupt.o
                0x2000032c                _tc_instances
 COMMON         0x20000338        0x4 src/ASF/sam0/utils/stdio/read.o
                0x20000338                ptr_get
 COMMON         0x2000033c        0x8 src/ASF/sam0/utils/stdio/write.o
                0x2000033c                ptr_put
                0x20000340                stdio_base
 COMMON         0x20000344       0x34 src/main.o
                0x20000344                usart_instance
 COMMON         0x20000378        0x4 c:/program files (x86)/atmel/atmel toolchain/arm gcc/native/4.8.1443/arm-gnu-toolchain/bin/../lib/gcc/arm-none-eabi/4.8.4/../../../../arm-none-eabi/lib/armv6-m\libc_s.a(lib_a-reent.o)
                0x20000378                errno
                0x2000037c                . = ALIGN (0x4)
                0x2000037c                _ebss = .
                0x2000037c                _ezero = .

.stack          0x2000037c     0x2004 load address 0x0000a700
                0x20000380                . = ALIGN (0x8)
 *fill*         0x2000037c        0x4 
                0x20000380                _sstack = .
                0x20002380                . = (. + STACK_SIZE)
 *fill*         0x20000380     0x2000 
                0x20002380                . = ALIGN (0x8)
                0x20002380                _estack = .
                0x20002380                . = ALIGN (0x4)
                0x20002380                _end = .
OUTPUT(test_spi.elf elf32-littlearm)

.ARM.attributes
                0x00000000       0x28
 .ARM.attributes
                0x00000000       0x1e c:/program files (x86)/atmel/atmel toolchain/arm gcc/native/4.8.1443/arm-gnu-toolchain/bin/../lib/gcc/arm-none-eabi/4.8.4/armv6-m/crti.o
 .ARM.attributes
                0x0000001e       0x2c c:/program files (x86)/atmel/atmel toolchain/arm gcc/native/4.8.1443/arm-gnu-toolchain/bin/../lib/gcc/arm-none-eabi/4.8.4/armv6-m/crtbegin.o
 .ARM.attributes
                0x0000004a       0x32 src/accelerometer_lib.o
 .ARM.attributes
                0x0000007c       0x32 src/ADC_subsystem.o
 .ARM.attributes
                0x000000ae       0x32 src/ASF/sam0/drivers/rtc/rtc_calendar.o
 .ARM.attributes
                0x000000e0       0x32 src/ASF/sam0/drivers/rtc/rtc_calendar_interrupt.o
 .ARM.attributes
                0x00000112       0x32 src/button_lib.o
 .ARM.attributes
                0x00000144       0x32 src/longboard.o
 .ARM.attributes
                0x00000176       0x32 src/rtc_lib.o
 .ARM.attributes
                0x000001a8       0x32 src/spi_sseg.o
 .ARM.attributes
                0x000001da       0x32 src/timer_subsystem.o
 .ARM.attributes
                0x0000020c       0x32 src/ASF/common2/services/delay/sam0/systick_counter.o
 .ARM.attributes
                0x0000023e       0x32 src/ASF/sam0/drivers/adc/adc_sam_d_r/adc.o
 .ARM.attributes
                0x00000270       0x32 src/ASF/sam0/drivers/adc/adc_sam_d_r/adc_callback.o
 .ARM.attributes
                0x000002a2       0x32 src/ASF/sam0/drivers/nvm/nvm.o
 .ARM.attributes
                0x000002d4       0x32 src/ASF/sam0/drivers/port/port.o
 .ARM.attributes
                0x00000306       0x32 src/ASF/sam0/drivers/sercom/sercom.o
 .ARM.attributes
                0x00000338       0x32 src/ASF/sam0/drivers/sercom/spi/spi.o
 .ARM.attributes
                0x0000036a       0x32 src/ASF/sam0/drivers/sercom/spi/spi_interrupt.o
 .ARM.attributes
                0x0000039c       0x32 src/ASF/sam0/drivers/sercom/sercom_interrupt.o
 .ARM.attributes
                0x000003ce       0x32 src/ASF/common2/boards/user_board/init.o
 .ARM.attributes
                0x00000400       0x32 src/ASF/common/utils/interrupt/interrupt_sam_nvic.o
 .ARM.attributes
                0x00000432       0x32 src/ASF/sam0/drivers/sercom/usart/usart.o
 .ARM.attributes
                0x00000464       0x32 src/ASF/sam0/drivers/sercom/usart/usart_interrupt.o
 .ARM.attributes
                0x00000496       0x32 src/ASF/sam0/drivers/system/clock/clock_samd21_r21_da/clock.o
 .ARM.attributes
                0x000004c8       0x32 src/ASF/sam0/drivers/system/clock/clock_samd21_r21_da/gclk.o
 .ARM.attributes
                0x000004fa       0x32 src/ASF/sam0/drivers/system/pinmux/pinmux.o
 .ARM.attributes
                0x0000052c       0x32 src/ASF/sam0/drivers/system/system.o
 .ARM.attributes
                0x0000055e       0x32 src/ASF/sam0/drivers/tc/tc.o
 .ARM.attributes
                0x00000590       0x32 src/ASF/sam0/drivers/tc/tc_interrupt.o
 .ARM.attributes
                0x000005c2       0x32 src/ASF/sam0/services/eeprom/emulator/eeprom.o
 .ARM.attributes
                0x000005f4       0x32 src/ASF/sam0/utils/cmsis/samd21/source/gcc/startup_samd21.o
 .ARM.attributes
                0x00000626       0x32 src/ASF/sam0/utils/stdio/read.o
 .ARM.attributes
                0x00000658       0x32 src/ASF/sam0/utils/stdio/write.o
 .ARM.attributes
                0x0000068a       0x32 src/ASF/sam0/utils/syscalls/gcc/syscalls.o
 .ARM.attributes
                0x000006bc       0x32 src/main.o
 .ARM.attributes
                0x000006ee       0x2c c:/program files (x86)/atmel/atmel toolchain/arm gcc/native/4.8.1443/arm-gnu-toolchain/bin/../lib/gcc/arm-none-eabi/4.8.4/../../../../arm-none-eabi/lib/armv6-m\libm.a(lib_a-s_atan.o)
 .ARM.attributes
                0x0000071a       0x2c c:/program files (x86)/atmel/atmel toolchain/arm gcc/native/4.8.1443/arm-gnu-toolchain/bin/../lib/gcc/arm-none-eabi/4.8.4/../../../../arm-none-eabi/lib/armv6-m\libm.a(lib_a-s_fabs.o)
 .ARM.attributes
                0x00000746       0x2c c:/program files (x86)/atmel/atmel toolchain/arm gcc/native/4.8.1443/arm-gnu-toolchain/bin/../lib/gcc/arm-none-eabi/4.8.4/../../../../arm-none-eabi/lib/armv6-m\libm.a(lib_a-w_sqrt.o)
 .ARM.attributes
                0x00000772       0x2c c:/program files (x86)/atmel/atmel toolchain/arm gcc/native/4.8.1443/arm-gnu-toolchain/bin/../lib/gcc/arm-none-eabi/4.8.4/../../../../arm-none-eabi/lib/armv6-m\libm.a(lib_a-e_sqrt.o)
 .ARM.attributes
                0x0000079e       0x2c c:/program files (x86)/atmel/atmel toolchain/arm gcc/native/4.8.1443/arm-gnu-toolchain/bin/../lib/gcc/arm-none-eabi/4.8.4/../../../../arm-none-eabi/lib/armv6-m\libm.a(lib_a-s_fpclassify.o)
 .ARM.attributes
                0x000007ca       0x2c c:/program files (x86)/atmel/atmel toolchain/arm gcc/native/4.8.1443/arm-gnu-toolchain/bin/../lib/gcc/arm-none-eabi/4.8.4/../../../../arm-none-eabi/lib/armv6-m\libm.a(lib_a-s_lib_ver.o)
 .ARM.attributes
                0x000007f6       0x2c c:/program files (x86)/atmel/atmel toolchain/arm gcc/native/4.8.1443/arm-gnu-toolchain/bin/../lib/gcc/arm-none-eabi/4.8.4/../../../../arm-none-eabi/lib/armv6-m\libm.a(lib_a-s_matherr.o)
 .ARM.attributes
                0x00000822       0x2c c:/program files (x86)/atmel/atmel toolchain/arm gcc/native/4.8.1443/arm-gnu-toolchain/bin/../lib/gcc/arm-none-eabi/4.8.4/../../../../arm-none-eabi/lib/armv6-m\libc_s.a(lib_a-errno.o)
 .ARM.attributes
                0x0000084e       0x2c c:/program files (x86)/atmel/atmel toolchain/arm gcc/native/4.8.1443/arm-gnu-toolchain/bin/../lib/gcc/arm-none-eabi/4.8.4/../../../../arm-none-eabi/lib/armv6-m\libc_s.a(lib_a-impure.o)
 .ARM.attributes
                0x0000087a       0x2c c:/program files (x86)/atmel/atmel toolchain/arm gcc/native/4.8.1443/arm-gnu-toolchain/bin/../lib/gcc/arm-none-eabi/4.8.4/../../../../arm-none-eabi/lib/armv6-m\libc_s.a(lib_a-init.o)
 .ARM.attributes
                0x000008a6       0x2c c:/program files (x86)/atmel/atmel toolchain/arm gcc/native/4.8.1443/arm-gnu-toolchain/bin/../lib/gcc/arm-none-eabi/4.8.4/../../../../arm-none-eabi/lib/armv6-m\libc_s.a(lib_a-memcpy-stub.o)
 .ARM.attributes
                0x000008d2       0x2c c:/program files (x86)/atmel/atmel toolchain/arm gcc/native/4.8.1443/arm-gnu-toolchain/bin/../lib/gcc/arm-none-eabi/4.8.4/../../../../arm-none-eabi/lib/armv6-m\libc_s.a(lib_a-memset.o)
 .ARM.attributes
                0x000008fe       0x2c c:/program files (x86)/atmel/atmel toolchain/arm gcc/native/4.8.1443/arm-gnu-toolchain/bin/../lib/gcc/arm-none-eabi/4.8.4/../../../../arm-none-eabi/lib/armv6-m\libc_s.a(lib_a-printf.o)
 .ARM.attributes
                0x0000092a       0x2c c:/program files (x86)/atmel/atmel toolchain/arm gcc/native/4.8.1443/arm-gnu-toolchain/bin/../lib/gcc/arm-none-eabi/4.8.4/../../../../arm-none-eabi/lib/armv6-m\libc_s.a(lib_a-setbuf.o)
 .ARM.attributes
                0x00000956       0x2c c:/program files (x86)/atmel/atmel toolchain/arm gcc/native/4.8.1443/arm-gnu-toolchain/bin/../lib/gcc/arm-none-eabi/4.8.4/../../../../arm-none-eabi/lib/armv6-m\libc_s.a(lib_a-setvbuf.o)
 .ARM.attributes
                0x00000982       0x2c c:/program files (x86)/atmel/atmel toolchain/arm gcc/native/4.8.1443/arm-gnu-toolchain/bin/../lib/gcc/arm-none-eabi/4.8.4/../../../../arm-none-eabi/lib/armv6-m\libc_s.a(lib_a-vfprintf.o)
 .ARM.attributes
                0x000009ae       0x2c c:/program files (x86)/atmel/atmel toolchain/arm gcc/native/4.8.1443/arm-gnu-toolchain/bin/../lib/gcc/arm-none-eabi/4.8.4/../../../../arm-none-eabi/lib/armv6-m\libc_s.a(lib_a-vfprintf_float.o)
 .ARM.attributes
                0x000009da       0x2c c:/program files (x86)/atmel/atmel toolchain/arm gcc/native/4.8.1443/arm-gnu-toolchain/bin/../lib/gcc/arm-none-eabi/4.8.4/../../../../arm-none-eabi/lib/armv6-m\libc_s.a(lib_a-vfprintf_i.o)
 .ARM.attributes
                0x00000a06       0x2c c:/program files (x86)/atmel/atmel toolchain/arm gcc/native/4.8.1443/arm-gnu-toolchain/bin/../lib/gcc/arm-none-eabi/4.8.4/../../../../arm-none-eabi/lib/armv6-m\libc_s.a(lib_a-wbuf.o)
 .ARM.attributes
                0x00000a32       0x2c c:/program files (x86)/atmel/atmel toolchain/arm gcc/native/4.8.1443/arm-gnu-toolchain/bin/../lib/gcc/arm-none-eabi/4.8.4/../../../../arm-none-eabi/lib/armv6-m\libc_s.a(lib_a-wsetup.o)
 .ARM.attributes
                0x00000a5e       0x2c c:/program files (x86)/atmel/atmel toolchain/arm gcc/native/4.8.1443/arm-gnu-toolchain/bin/../lib/gcc/arm-none-eabi/4.8.4/../../../../arm-none-eabi/lib/armv6-m\libc_s.a(lib_a-dtoa.o)
 .ARM.attributes
                0x00000a8a       0x2c c:/program files (x86)/atmel/atmel toolchain/arm gcc/native/4.8.1443/arm-gnu-toolchain/bin/../lib/gcc/arm-none-eabi/4.8.4/../../../../arm-none-eabi/lib/armv6-m\libc_s.a(lib_a-fflush.o)
 .ARM.attributes
                0x00000ab6       0x2c c:/program files (x86)/atmel/atmel toolchain/arm gcc/native/4.8.1443/arm-gnu-toolchain/bin/../lib/gcc/arm-none-eabi/4.8.4/../../../../arm-none-eabi/lib/armv6-m\libc_s.a(lib_a-findfp.o)
 .ARM.attributes
                0x00000ae2       0x2c c:/program files (x86)/atmel/atmel toolchain/arm gcc/native/4.8.1443/arm-gnu-toolchain/bin/../lib/gcc/arm-none-eabi/4.8.4/../../../../arm-none-eabi/lib/armv6-m\libc_s.a(lib_a-locale.o)
 .ARM.attributes
                0x00000b0e       0x2c c:/program files (x86)/atmel/atmel toolchain/arm gcc/native/4.8.1443/arm-gnu-toolchain/bin/../lib/gcc/arm-none-eabi/4.8.4/../../../../arm-none-eabi/lib/armv6-m\libc_s.a(lib_a-makebuf.o)
 .ARM.attributes
                0x00000b3a       0x2c c:/program files (x86)/atmel/atmel toolchain/arm gcc/native/4.8.1443/arm-gnu-toolchain/bin/../lib/gcc/arm-none-eabi/4.8.4/../../../../arm-none-eabi/lib/armv6-m\libc_s.a(lib_a-malloc.o)
 .ARM.attributes
                0x00000b66       0x2c c:/program files (x86)/atmel/atmel toolchain/arm gcc/native/4.8.1443/arm-gnu-toolchain/bin/../lib/gcc/arm-none-eabi/4.8.4/../../../../arm-none-eabi/lib/armv6-m\libc_s.a(lib_a-memchr-stub.o)
 .ARM.attributes
                0x00000b92       0x2c c:/program files (x86)/atmel/atmel toolchain/arm gcc/native/4.8.1443/arm-gnu-toolchain/bin/../lib/gcc/arm-none-eabi/4.8.4/../../../../arm-none-eabi/lib/armv6-m\libc_s.a(lib_a-mprec.o)
 .ARM.attributes
                0x00000bbe       0x2c c:/program files (x86)/atmel/atmel toolchain/arm gcc/native/4.8.1443/arm-gnu-toolchain/bin/../lib/gcc/arm-none-eabi/4.8.4/../../../../arm-none-eabi/lib/armv6-m\libc_s.a(lib_a-nano-callocr.o)
 .ARM.attributes
                0x00000bea       0x2c c:/program files (x86)/atmel/atmel toolchain/arm gcc/native/4.8.1443/arm-gnu-toolchain/bin/../lib/gcc/arm-none-eabi/4.8.4/../../../../arm-none-eabi/lib/armv6-m\libc_s.a(lib_a-nano-freer.o)
 .ARM.attributes
                0x00000c16       0x2c c:/program files (x86)/atmel/atmel toolchain/arm gcc/native/4.8.1443/arm-gnu-toolchain/bin/../lib/gcc/arm-none-eabi/4.8.4/../../../../arm-none-eabi/lib/armv6-m\libc_s.a(lib_a-nano-mallocr.o)
 .ARM.attributes
                0x00000c42       0x2c c:/program files (x86)/atmel/atmel toolchain/arm gcc/native/4.8.1443/arm-gnu-toolchain/bin/../lib/gcc/arm-none-eabi/4.8.4/../../../../arm-none-eabi/lib/armv6-m\libc_s.a(lib_a-sbrkr.o)
 .ARM.attributes
                0x00000c6e       0x2c c:/program files (x86)/atmel/atmel toolchain/arm gcc/native/4.8.1443/arm-gnu-toolchain/bin/../lib/gcc/arm-none-eabi/4.8.4/../../../../arm-none-eabi/lib/armv6-m\libc_s.a(lib_a-stdio.o)
 .ARM.attributes
                0x00000c9a       0x2c c:/program files (x86)/atmel/atmel toolchain/arm gcc/native/4.8.1443/arm-gnu-toolchain/bin/../lib/gcc/arm-none-eabi/4.8.4/../../../../arm-none-eabi/lib/armv6-m\libc_s.a(lib_a-strlen.o)
 .ARM.attributes
                0x00000cc6       0x2c c:/program files (x86)/atmel/atmel toolchain/arm gcc/native/4.8.1443/arm-gnu-toolchain/bin/../lib/gcc/arm-none-eabi/4.8.4/../../../../arm-none-eabi/lib/armv6-m\libc_s.a(lib_a-writer.o)
 .ARM.attributes
                0x00000cf2       0x2c c:/program files (x86)/atmel/atmel toolchain/arm gcc/native/4.8.1443/arm-gnu-toolchain/bin/../lib/gcc/arm-none-eabi/4.8.4/../../../../arm-none-eabi/lib/armv6-m\libc_s.a(lib_a-closer.o)
 .ARM.attributes
                0x00000d1e       0x2c c:/program files (x86)/atmel/atmel toolchain/arm gcc/native/4.8.1443/arm-gnu-toolchain/bin/../lib/gcc/arm-none-eabi/4.8.4/../../../../arm-none-eabi/lib/armv6-m\libc_s.a(lib_a-fstatr.o)
 .ARM.attributes
                0x00000d4a       0x2c c:/program files (x86)/atmel/atmel toolchain/arm gcc/native/4.8.1443/arm-gnu-toolchain/bin/../lib/gcc/arm-none-eabi/4.8.4/../../../../arm-none-eabi/lib/armv6-m\libc_s.a(lib_a-isattyr.o)
 .ARM.attributes
                0x00000d76       0x2c c:/program files (x86)/atmel/atmel toolchain/arm gcc/native/4.8.1443/arm-gnu-toolchain/bin/../lib/gcc/arm-none-eabi/4.8.4/../../../../arm-none-eabi/lib/armv6-m\libc_s.a(lib_a-lseekr.o)
 .ARM.attributes
                0x00000da2       0x2c c:/program files (x86)/atmel/atmel toolchain/arm gcc/native/4.8.1443/arm-gnu-toolchain/bin/../lib/gcc/arm-none-eabi/4.8.4/../../../../arm-none-eabi/lib/armv6-m\libc_s.a(lib_a-readr.o)
 .ARM.attributes
                0x00000dce       0x2c c:/program files (x86)/atmel/atmel toolchain/arm gcc/native/4.8.1443/arm-gnu-toolchain/bin/../lib/gcc/arm-none-eabi/4.8.4/../../../../arm-none-eabi/lib/armv6-m\libc_s.a(lib_a-reent.o)
 .ARM.attributes
                0x00000dfa       0x1e c:/program files (x86)/atmel/atmel toolchain/arm gcc/native/4.8.1443/arm-gnu-toolchain/bin/../lib/gcc/arm-none-eabi/4.8.4/armv6-m\libgcc.a(_thumb1_case_uqi.o)
 .ARM.attributes
                0x00000e18       0x1e c:/program files (x86)/atmel/atmel toolchain/arm gcc/native/4.8.1443/arm-gnu-toolchain/bin/../lib/gcc/arm-none-eabi/4.8.4/armv6-m\libgcc.a(_udivsi3.o)
 .ARM.attributes
                0x00000e36       0x1e c:/program files (x86)/atmel/atmel toolchain/arm gcc/native/4.8.1443/arm-gnu-toolchain/bin/../lib/gcc/arm-none-eabi/4.8.4/armv6-m\libgcc.a(_divsi3.o)
 .ARM.attributes
                0x00000e54       0x1e c:/program files (x86)/atmel/atmel toolchain/arm gcc/native/4.8.1443/arm-gnu-toolchain/bin/../lib/gcc/arm-none-eabi/4.8.4/armv6-m\libgcc.a(_dvmd_tls.o)
 .ARM.attributes
                0x00000e72       0x1e c:/program files (x86)/atmel/atmel toolchain/arm gcc/native/4.8.1443/arm-gnu-toolchain/bin/../lib/gcc/arm-none-eabi/4.8.4/armv6-m\libgcc.a(_arm_cmpdf2.o)
 .ARM.attributes
                0x00000e90       0x1e c:/program files (x86)/atmel/atmel toolchain/arm gcc/native/4.8.1443/arm-gnu-toolchain/bin/../lib/gcc/arm-none-eabi/4.8.4/armv6-m\libgcc.a(_arm_cmpsf2.o)
 .ARM.attributes
                0x00000eae       0x2c c:/program files (x86)/atmel/atmel toolchain/arm gcc/native/4.8.1443/arm-gnu-toolchain/bin/../lib/gcc/arm-none-eabi/4.8.4/armv6-m\libgcc.a(_muldi3.o)
 .ARM.attributes
                0x00000eda       0x2c c:/program files (x86)/atmel/atmel toolchain/arm gcc/native/4.8.1443/arm-gnu-toolchain/bin/../lib/gcc/arm-none-eabi/4.8.4/armv6-m\libgcc.a(_fixunssfsi.o)
 .ARM.attributes
                0x00000f06       0x2c c:/program files (x86)/atmel/atmel toolchain/arm gcc/native/4.8.1443/arm-gnu-toolchain/bin/../lib/gcc/arm-none-eabi/4.8.4/armv6-m\libgcc.a(addsf3.o)
 .ARM.attributes
                0x00000f32       0x2c c:/program files (x86)/atmel/atmel toolchain/arm gcc/native/4.8.1443/arm-gnu-toolchain/bin/../lib/gcc/arm-none-eabi/4.8.4/armv6-m\libgcc.a(divsf3.o)
 .ARM.attributes
                0x00000f5e       0x2c c:/program files (x86)/atmel/atmel toolchain/arm gcc/native/4.8.1443/arm-gnu-toolchain/bin/../lib/gcc/arm-none-eabi/4.8.4/armv6-m\libgcc.a(eqsf2.o)
 .ARM.attributes
                0x00000f8a       0x2c c:/program files (x86)/atmel/atmel toolchain/arm gcc/native/4.8.1443/arm-gnu-toolchain/bin/../lib/gcc/arm-none-eabi/4.8.4/armv6-m\libgcc.a(gesf2.o)
 .ARM.attributes
                0x00000fb6       0x2c c:/program files (x86)/atmel/atmel toolchain/arm gcc/native/4.8.1443/arm-gnu-toolchain/bin/../lib/gcc/arm-none-eabi/4.8.4/armv6-m\libgcc.a(lesf2.o)
 .ARM.attributes
                0x00000fe2       0x2c c:/program files (x86)/atmel/atmel toolchain/arm gcc/native/4.8.1443/arm-gnu-toolchain/bin/../lib/gcc/arm-none-eabi/4.8.4/armv6-m\libgcc.a(mulsf3.o)
 .ARM.attributes
                0x0000100e       0x2c c:/program files (x86)/atmel/atmel toolchain/arm gcc/native/4.8.1443/arm-gnu-toolchain/bin/../lib/gcc/arm-none-eabi/4.8.4/armv6-m\libgcc.a(subsf3.o)
 .ARM.attributes
                0x0000103a       0x2c c:/program files (x86)/atmel/atmel toolchain/arm gcc/native/4.8.1443/arm-gnu-toolchain/bin/../lib/gcc/arm-none-eabi/4.8.4/armv6-m\libgcc.a(fixsfsi.o)
 .ARM.attributes
                0x00001066       0x2c c:/program files (x86)/atmel/atmel toolchain/arm gcc/native/4.8.1443/arm-gnu-toolchain/bin/../lib/gcc/arm-none-eabi/4.8.4/armv6-m\libgcc.a(floatsisf.o)
 .ARM.attributes
                0x00001092       0x2c c:/program files (x86)/atmel/atmel toolchain/arm gcc/native/4.8.1443/arm-gnu-toolchain/bin/../lib/gcc/arm-none-eabi/4.8.4/armv6-m\libgcc.a(floatunsisf.o)
 .ARM.attributes
                0x000010be       0x2c c:/program files (x86)/atmel/atmel toolchain/arm gcc/native/4.8.1443/arm-gnu-toolchain/bin/../lib/gcc/arm-none-eabi/4.8.4/armv6-m\libgcc.a(adddf3.o)
 .ARM.attributes
                0x000010ea       0x2c c:/program files (x86)/atmel/atmel toolchain/arm gcc/native/4.8.1443/arm-gnu-toolchain/bin/../lib/gcc/arm-none-eabi/4.8.4/armv6-m\libgcc.a(divdf3.o)
 .ARM.attributes
                0x00001116       0x2c c:/program files (x86)/atmel/atmel toolchain/arm gcc/native/4.8.1443/arm-gnu-toolchain/bin/../lib/gcc/arm-none-eabi/4.8.4/armv6-m\libgcc.a(eqdf2.o)
 .ARM.attributes
                0x00001142       0x2c c:/program files (x86)/atmel/atmel toolchain/arm gcc/native/4.8.1443/arm-gnu-toolchain/bin/../lib/gcc/arm-none-eabi/4.8.4/armv6-m\libgcc.a(gedf2.o)
 .ARM.attributes
                0x0000116e       0x2c c:/program files (x86)/atmel/atmel toolchain/arm gcc/native/4.8.1443/arm-gnu-toolchain/bin/../lib/gcc/arm-none-eabi/4.8.4/armv6-m\libgcc.a(ledf2.o)
 .ARM.attributes
                0x0000119a       0x2c c:/program files (x86)/atmel/atmel toolchain/arm gcc/native/4.8.1443/arm-gnu-toolchain/bin/../lib/gcc/arm-none-eabi/4.8.4/armv6-m\libgcc.a(muldf3.o)
 .ARM.attributes
                0x000011c6       0x2c c:/program files (x86)/atmel/atmel toolchain/arm gcc/native/4.8.1443/arm-gnu-toolchain/bin/../lib/gcc/arm-none-eabi/4.8.4/armv6-m\libgcc.a(subdf3.o)
 .ARM.attributes
                0x000011f2       0x2c c:/program files (x86)/atmel/atmel toolchain/arm gcc/native/4.8.1443/arm-gnu-toolchain/bin/../lib/gcc/arm-none-eabi/4.8.4/armv6-m\libgcc.a(fixdfsi.o)
 .ARM.attributes
                0x0000121e       0x2c c:/program files (x86)/atmel/atmel toolchain/arm gcc/native/4.8.1443/arm-gnu-toolchain/bin/../lib/gcc/arm-none-eabi/4.8.4/armv6-m\libgcc.a(floatsidf.o)
 .ARM.attributes
                0x0000124a       0x2c c:/program files (x86)/atmel/atmel toolchain/arm gcc/native/4.8.1443/arm-gnu-toolchain/bin/../lib/gcc/arm-none-eabi/4.8.4/armv6-m\libgcc.a(floatunsidf.o)
 .ARM.attributes
                0x00001276       0x2c c:/program files (x86)/atmel/atmel toolchain/arm gcc/native/4.8.1443/arm-gnu-toolchain/bin/../lib/gcc/arm-none-eabi/4.8.4/armv6-m\libgcc.a(extendsfdf2.o)
 .ARM.attributes
                0x000012a2       0x2c c:/program files (x86)/atmel/atmel toolchain/arm gcc/native/4.8.1443/arm-gnu-toolchain/bin/../lib/gcc/arm-none-eabi/4.8.4/armv6-m\libgcc.a(truncdfsf2.o)
 .ARM.attributes
                0x000012ce       0x1e c:/program files (x86)/atmel/atmel toolchain/arm gcc/native/4.8.1443/arm-gnu-toolchain/bin/../lib/gcc/arm-none-eabi/4.8.4/armv6-m\libgcc.a(_clzsi2.o)
 .ARM.attributes
                0x000012ec       0x1e c:/program files (x86)/atmel/atmel toolchain/arm gcc/native/4.8.1443/arm-gnu-toolchain/bin/../lib/gcc/arm-none-eabi/4.8.4/armv6-m/crtn.o

.comment        0x00000000       0x5b
 .comment       0x00000000       0x5b src/accelerometer_lib.o
                                 0x5c (size before relaxing)
 .comment       0x00000000       0x5c src/ADC_subsystem.o
 .comment       0x00000000       0x5c src/ASF/sam0/drivers/rtc/rtc_calendar.o
 .comment       0x00000000       0x5c src/ASF/sam0/drivers/rtc/rtc_calendar_interrupt.o
 .comment       0x00000000       0x5c src/button_lib.o
 .comment       0x00000000       0x5c src/longboard.o
 .comment       0x00000000       0x5c src/rtc_lib.o
 .comment       0x00000000       0x5c src/spi_sseg.o
 .comment       0x00000000       0x5c src/timer_subsystem.o
 .comment       0x00000000       0x5c src/ASF/common2/services/delay/sam0/systick_counter.o
 .comment       0x00000000       0x5c src/ASF/sam0/drivers/adc/adc_sam_d_r/adc.o
 .comment       0x00000000       0x5c src/ASF/sam0/drivers/adc/adc_sam_d_r/adc_callback.o
 .comment       0x00000000       0x5c src/ASF/sam0/drivers/nvm/nvm.o
 .comment       0x00000000       0x5c src/ASF/sam0/drivers/port/port.o
 .comment       0x00000000       0x5c src/ASF/sam0/drivers/sercom/sercom.o
 .comment       0x00000000       0x5c src/ASF/sam0/drivers/sercom/spi/spi.o
 .comment       0x00000000       0x5c src/ASF/sam0/drivers/sercom/spi/spi_interrupt.o
 .comment       0x00000000       0x5c src/ASF/sam0/drivers/sercom/sercom_interrupt.o
 .comment       0x00000000       0x5c src/ASF/common2/boards/user_board/init.o
 .comment       0x00000000       0x5c src/ASF/common/utils/interrupt/interrupt_sam_nvic.o
 .comment       0x00000000       0x5c src/ASF/sam0/drivers/sercom/usart/usart.o
 .comment       0x00000000       0x5c src/ASF/sam0/drivers/sercom/usart/usart_interrupt.o
 .comment       0x00000000       0x5c src/ASF/sam0/drivers/system/clock/clock_samd21_r21_da/clock.o
 .comment       0x00000000       0x5c src/ASF/sam0/drivers/system/clock/clock_samd21_r21_da/gclk.o
 .comment       0x00000000       0x5c src/ASF/sam0/drivers/system/pinmux/pinmux.o
 .comment       0x00000000       0x5c src/ASF/sam0/drivers/system/system.o
 .comment       0x00000000       0x5c src/ASF/sam0/drivers/tc/tc.o
 .comment       0x00000000       0x5c src/ASF/sam0/drivers/tc/tc_interrupt.o
 .comment       0x00000000       0x5c src/ASF/sam0/services/eeprom/emulator/eeprom.o
 .comment       0x00000000       0x5c src/ASF/sam0/utils/cmsis/samd21/source/gcc/startup_samd21.o
 .comment       0x00000000       0x5c src/ASF/sam0/utils/stdio/read.o
 .comment       0x00000000       0x5c src/ASF/sam0/utils/stdio/write.o
 .comment       0x00000000       0x5c src/ASF/sam0/utils/syscalls/gcc/syscalls.o
 .comment       0x00000000       0x5c src/main.o

.debug_info     0x00000000    0x4f6c6
 .debug_info    0x00000000     0x4df8 src/accelerometer_lib.o
 .debug_info    0x00004df8     0x2450 src/ADC_subsystem.o
 .debug_info    0x00007248     0x2dfe src/ASF/sam0/drivers/rtc/rtc_calendar.o
 .debug_info    0x0000a046     0x1879 src/ASF/sam0/drivers/rtc/rtc_calendar_interrupt.o
 .debug_info    0x0000b8bf     0x1324 src/button_lib.o
 .debug_info    0x0000cbe3     0x51b2 src/longboard.o
 .debug_info    0x00011d95     0x624b src/rtc_lib.o
 .debug_info    0x00017fe0     0x52d1 src/spi_sseg.o