Archive member included because of file (symbol)

c:/program files (x86)/atmel/atmel toolchain/arm gcc/native/4.8.1443/arm-gnu-toolchain/bin/../lib/gcc/arm-none-eabi/4.8.4/../../../../arm-none-eabi/lib/armv6-m\libm.a(lib_a-s_atan.o)
                              src/main.o (atan)
c:/program files (x86)/atmel/atmel toolchain/arm gcc/native/4.8.1443/arm-gnu-toolchain/bin/../lib/gcc/arm-none-eabi/4.8.4/../../../../arm-none-eabi/lib/armv6-m\libm.a(lib_a-s_fabs.o)
                              c:/program files (x86)/atmel/atmel toolchain/arm gcc/native/4.8.1443/arm-gnu-toolchain/bin/../lib/gcc/arm-none-eabi/4.8.4/../../../../arm-none-eabi/lib/armv6-m\libm.a(lib_a-s_atan.o) (fabs)
c:/program files (x86)/atmel/atmel toolchain/arm gcc/native/4.8.1443/arm-gnu-toolchain/bin/../lib/gcc/arm-none-eabi/4.8.4/../../../../arm-none-eabi/lib/armv6-m\libm.a(lib_a-w_sqrt.o)
                              src/main.o (sqrt)
c:/program files (x86)/atmel/atmel toolchain/arm gcc/native/4.8.1443/arm-gnu-toolchain/bin/../lib/gcc/arm-none-eabi/4.8.4/../../../../arm-none-eabi/lib/armv6-m\libm.a(lib_a-e_sqrt.o)
                              c:/program files (x86)/atmel/atmel toolchain/arm gcc/native/4.8.1443/arm-gnu-toolchain/bin/../lib/gcc/arm-none-eabi/4.8.4/../../../../arm-none-eabi/lib/armv6-m\libm.a(lib_a-w_sqrt.o) (__ieee754_sqrt)
c:/program files (x86)/atmel/atmel toolchain/arm gcc/native/4.8.1443/arm-gnu-toolchain/bin/../lib/gcc/arm-none-eabi/4.8.4/../../../../arm-none-eabi/lib/armv6-m\libm.a(lib_a-s_fpclassify.o)
                              c:/program files (x86)/atmel/atmel toolchain/arm gcc/native/4.8.1443/arm-gnu-toolchain/bin/../lib/gcc/arm-none-eabi/4.8.4/../../../../arm-none-eabi/lib/armv6-m\libm.a(lib_a-w_sqrt.o) (__fpclassifyd)
c:/program files (x86)/atmel/atmel toolchain/arm gcc/native/4.8.1443/arm-gnu-toolchain/bin/../lib/gcc/arm-none-eabi/4.8.4/../../../../arm-none-eabi/lib/armv6-m\libm.a(lib_a-s_lib_ver.o)
                              c:/program files (x86)/atmel/atmel toolchain/arm gcc/native/4.8.1443/arm-gnu-toolchain/bin/../lib/gcc/arm-none-eabi/4.8.4/../../../../arm-none-eabi/lib/armv6-m\libm.a(lib_a-w_sqrt.o) (__fdlib_version)
c:/program files (x86)/atmel/atmel toolchain/arm gcc/native/4.8.1443/arm-gnu-toolchain/bin/../lib/gcc/arm-none-eabi/4.8.4/../../../../arm-none-eabi/lib/armv6-m\libm.a(lib_a-s_matherr.o)
                              c:/program files (x86)/atmel/atmel toolchain/arm gcc/native/4.8.1443/arm-gnu-toolchain/bin/../lib/gcc/arm-none-eabi/4.8.4/../../../../arm-none-eabi/lib/armv6-m\libm.a(lib_a-w_sqrt.o) (matherr)
c:/program files (x86)/atmel/atmel toolchain/arm gcc/native/4.8.1443/arm-gnu-toolchain/bin/../lib/gcc/arm-none-eabi/4.8.4/../../../../arm-none-eabi/lib/armv6-m\libc_s.a(lib_a-errno.o)
                              c:/program files (x86)/atmel/atmel toolchain/arm gcc/native/4.8.1443/arm-gnu-toolchain/bin/../lib/gcc/arm-none-eabi/4.8.4/../../../../arm-none-eabi/lib/armv6-m\libm.a(lib_a-w_sqrt.o) (__errno)
c:/program files (x86)/atmel/atmel toolchain/arm gcc/native/4.8.1443/arm-gnu-toolchain/bin/../lib/gcc/arm-none-eabi/4.8.4/../../../../arm-none-eabi/lib/armv6-m\libc_s.a(lib_a-exit.o)
                              c:/program files (x86)/atmel/atmel toolchain/arm gcc/native/4.8.1443/arm-gnu-toolchain/bin/../lib/gcc/arm-none-eabi/4.8.4/../../../../arm-none-eabi/lib/armv6-m/crt0.o (exit)
c:/program files (x86)/atmel/atmel toolchain/arm gcc/native/4.8.1443/arm-gnu-toolchain/bin/../lib/gcc/arm-none-eabi/4.8.4/../../../../arm-none-eabi/lib/armv6-m\libc_s.a(lib_a-impure.o)
                              c:/program files (x86)/atmel/atmel toolchain/arm gcc/native/4.8.1443/arm-gnu-toolchain/bin/../lib/gcc/arm-none-eabi/4.8.4/../../../../arm-none-eabi/lib/armv6-m\libc_s.a(lib_a-exit.o) (_global_impure_ptr)
c:/program files (x86)/atmel/atmel toolchain/arm gcc/native/4.8.1443/arm-gnu-toolchain/bin/../lib/gcc/arm-none-eabi/4.8.4/../../../../arm-none-eabi/lib/armv6-m\libc_s.a(lib_a-init.o)
                              c:/program files (x86)/atmel/atmel toolchain/arm gcc/native/4.8.1443/arm-gnu-toolchain/bin/../lib/gcc/arm-none-eabi/4.8.4/../../../../arm-none-eabi/lib/armv6-m/crt0.o (__libc_init_array)
c:/program files (x86)/atmel/atmel toolchain/arm gcc/native/4.8.1443/arm-gnu-toolchain/bin/../lib/gcc/arm-none-eabi/4.8.4/../../../../arm-none-eabi/lib/armv6-m\libc_s.a(lib_a-memcpy-stub.o)
                              src/ASF/sam0/drivers/adc/adc_sam_d_r/adc.o (memcpy)
c:/program files (x86)/atmel/atmel toolchain/arm gcc/native/4.8.1443/arm-gnu-toolchain/bin/../lib/gcc/arm-none-eabi/4.8.4/../../../../arm-none-eabi/lib/armv6-m\libc_s.a(lib_a-memset.o)
                              c:/program files (x86)/atmel/atmel toolchain/arm gcc/native/4.8.1443/arm-gnu-toolchain/bin/../lib/gcc/arm-none-eabi/4.8.4/../../../../arm-none-eabi/lib/armv6-m/crt0.o (memset)
[...]
Memory Configuration

Name             Origin             Length             Attributes
rom              0x00000000         0x00040000         xr
ram              0x20000000         0x00008000         xrw
*default*        0x00000000         0xffffffff

Linker script and memory map

LOAD c:/program files (x86)/atmel/atmel toolchain/arm gcc/native/4.8.1443/arm-gnu-toolchain/bin/../lib/gcc/arm-none-eabi/4.8.4/armv6-m/crti.o
LOAD c:/program files (x86)/atmel/atmel toolchain/arm gcc/native/4.8.1443/arm-gnu-toolchain/bin/../lib/gcc/arm-none-eabi/4.8.4/armv6-m/crtbegin.o
LOAD c:/program files (x86)/atmel/atmel toolchain/arm gcc/native/4.8.1443/arm-gnu-toolchain/bin/../lib/gcc/arm-none-eabi/4.8.4/../../../../arm-none-eabi/lib/armv6-m/crt0.o
LOAD src/spi_sseg.o
LOAD src/ASF/common2/services/delay/sam0/systick_counter.o
LOAD src/ASF/sam0/drivers/adc/adc_sam_d_r/adc.o
LOAD src/ASF/sam0/drivers/adc/adc_sam_d_r/adc_callback.o
LOAD src/ASF/sam0/drivers/nvm/nvm.o
LOAD src/ASF/sam0/drivers/port/port.o
LOAD src/ASF/sam0/drivers/sercom/sercom.o
LOAD src/ASF/sam0/drivers/sercom/spi/spi.o
LOAD src/ASF/sam0/drivers/sercom/spi/spi_interrupt.o
LOAD src/ASF/sam0/drivers/sercom/sercom_interrupt.o
LOAD src/ASF/common2/boards/user_board/init.o
LOAD src/ASF/common/utils/interrupt/interrupt_sam_nvic.o
LOAD src/ASF/sam0/drivers/sercom/usart/usart.o
LOAD src/ASF/sam0/drivers/sercom/usart/usart_interrupt.o
LOAD src/ASF/sam0/drivers/system/clock/clock_samd21_r21_da/clock.o
LOAD src/ASF/sam0/drivers/system/clock/clock_samd21_r21_da/gclk.o
LOAD src/ASF/sam0/drivers/system/interrupt/system_interrupt.o
LOAD src/ASF/sam0/drivers/system/pinmux/pinmux.o
LOAD src/ASF/sam0/drivers/system/system.o
LOAD src/ASF/sam0/drivers/tc/tc.o
LOAD src/ASF/sam0/drivers/tc/tc_interrupt.o
LOAD src/ASF/sam0/services/eeprom/emulator/eeprom.o
LOAD src/ASF/sam0/utils/cmsis/samd21/source/gcc/startup_samd21.o
LOAD src/ASF/sam0/utils/cmsis/samd21/source/system_samd21.o
LOAD src/ASF/sam0/utils/stdio/read.o
LOAD src/ASF/sam0/utils/stdio/write.o
LOAD src/ASF/sam0/utils/syscalls/gcc/syscalls.o
LOAD src/main.o
START GROUP
LOAD ../src/ASF/thirdparty/CMSIS/Lib/GCC\libarm_cortexM0l_math.a
LOAD c:/program files (x86)/atmel/atmel toolchain/arm gcc/native/4.8.1443/arm-gnu-toolchain/bin/../lib/gcc/arm-none-eabi/4.8.4/../../../../arm-none-eabi/lib/armv6-m\libm.a
END GROUP
LOAD c:/program files (x86)/atmel/atmel toolchain/arm gcc/native/4.8.1443/arm-gnu-toolchain/bin/../lib/gcc/arm-none-eabi/4.8.4/../../../../arm-none-eabi/lib/armv6-m\libc_s.a
START GROUP
LOAD c:/program files (x86)/atmel/atmel toolchain/arm gcc/native/4.8.1443/arm-gnu-toolchain/bin/../lib/gcc/arm-none-eabi/4.8.4/armv6-m\libgcc.a
LOAD c:/program files (x86)/atmel/atmel toolchain/arm gcc/native/4.8.1443/arm-gnu-toolchain/bin/../lib/gcc/arm-none-eabi/4.8.4/../../../../arm-none-eabi/lib/armv6-m\libc_s.a
END GROUP
START GROUP
LOAD c:/program files (x86)/atmel/atmel toolchain/arm gcc/native/4.8.1443/arm-gnu-toolchain/bin/../lib/gcc/arm-none-eabi/4.8.4/armv6-m\libgcc.a
LOAD c:/program files (x86)/atmel/atmel toolchain/arm gcc/native/4.8.1443/arm-gnu-toolchain/bin/../lib/gcc/arm-none-eabi/4.8.4/../../../../arm-none-eabi/lib/armv6-m\libc_s.a
END GROUP
LOAD c:/program files (x86)/atmel/atmel toolchain/arm gcc/native/4.8.1443/arm-gnu-toolchain/bin/../lib/gcc/arm-none-eabi/4.8.4/armv6-m/crtend.o
LOAD c:/program files (x86)/atmel/atmel toolchain/arm gcc/native/4.8.1443/arm-gnu-toolchain/bin/../lib/gcc/arm-none-eabi/4.8.4/armv6-m/crtn.o
                0x00002000                STACK_SIZE = DEFINED (STACK_SIZE)?STACK_SIZE:DEFINED (__stack_size__)?__stack_size__:0x2000

.text           0x00000000     0x9874
                0x00000000                . = ALIGN (0x4)
                0x00000000                _sfixed = .
 *(.vectors .vectors.*)
 .vectors       0x00000000       0xb0 src/ASF/sam0/utils/cmsis/samd21/source/gcc/startup_samd21.o
                0x00000000                exception_table
 *(.text .text.* .gnu.linkonce.t.*)
 .text          0x000000b0       0x60 c:/program files (x86)/atmel/atmel toolchain/arm gcc/native/4.8.1443/arm-gnu-toolchain/bin/../lib/gcc/arm-none-eabi/4.8.4/armv6-m/crtbegin.o
 .text.delay_init
                0x00000110       0x3c src/ASF/common2/services/delay/sam0/systick_counter.o
                0x00000110                delay_init
 .text.delay_cycles_ms
                0x0000014c       0x2c src/ASF/common2/services/delay/sam0/systick_counter.o
                0x0000014c                delay_cycles_ms
 .text.adc_get_config_defaults
                0x00000178       0x48 src/ASF/sam0/drivers/adc/adc_sam_d_r/adc.o
                0x00000178                adc_get_config_defaults
 .text.adc_init
                0x000001c0      0x438 src/ASF/sam0/drivers/adc/adc_sam_d_r/adc.o
                0x000001c0                adc_init
 .text.ADC_Handler
                0x000005f8       0xbc src/ASF/sam0/drivers/adc/adc_sam_d_r/adc_callback.o
                0x000005f8                ADC_Handler
 .text.adc_register_callback
                0x000006b4       0x14 src/ASF/sam0/drivers/adc/adc_sam_d_r/adc_callback.o
                0x000006b4                adc_register_callback
 .text.adc_read_buffer_job
                0x000006c8       0x4c src/ASF/sam0/drivers/adc/adc_sam_d_r/adc_callback.o
                0x000006c8                adc_read_buffer_job
 .text.nvm_set_config
                0x00000714       0x84 src/ASF/sam0/drivers/nvm/nvm.o
                0x00000714                nvm_set_config
 .text.nvm_execute_command
                0x00000798       0x84 src/ASF/sam0/drivers/nvm/nvm.o
                0x00000798                nvm_execute_command
 .text.nvm_write_buffer
                0x0000081c       0x8c src/ASF/sam0/drivers/nvm/nvm.o
                0x0000081c                nvm_write_buffer
 .text.nvm_read_buffer
                0x000008a8       0x70 src/ASF/sam0/drivers/nvm/nvm.o
                0x000008a8                nvm_read_buffer
 .text.nvm_erase_row
                0x00000918       0x48 src/ASF/sam0/drivers/nvm/nvm.o
                0x00000918                nvm_erase_row
 .text.nvm_get_parameters
                0x00000960       0x60 src/ASF/sam0/drivers/nvm/nvm.o
                0x00000960                nvm_get_parameters
 .text.port_pin_set_config
                0x000009c0       0x24 src/ASF/sam0/drivers/port/port.o
                0x000009c0                port_pin_set_config
 .text._sercom_get_sync_baud_val
                0x000009e4       0x28 src/ASF/sam0/drivers/sercom/sercom.o
                0x000009e4                _sercom_get_sync_baud_val
 *fill*         0x00000a0c        0x4 
 .text._sercom_get_async_baud_val
                0x00000a10      0x1b0 src/ASF/sam0/drivers/sercom/sercom.o
                0x00000a10                _sercom_get_async_baud_val
 .text.sercom_set_gclk_generator
                0x00000bc0       0x50 src/ASF/sam0/drivers/sercom/sercom.o
                0x00000bc0                sercom_set_gclk_generator
 .text._sercom_get_default_pad
                0x00000c10      0x108 src/ASF/sam0/drivers/sercom/sercom.o
                0x00000c10                _sercom_get_default_pad
 .text._sercom_get_sercom_inst_index
                0x00000d18       0x44 src/ASF/sam0/drivers/sercom/sercom.o
                0x00000d18                _sercom_get_sercom_inst_index
 .text.spi_select_slave
                0x00000d5c       0xec src/ASF/sam0/drivers/sercom/spi/spi.o
                0x00000d5c                spi_select_slave
 .text.spi_write_buffer_job
                0x00000e48       0x48 src/ASF/sam0/drivers/sercom/spi/spi_interrupt.o
                0x00000e48                spi_write_buffer_job
 .text._sercom_default_handler
                0x00000e90        0x4 src/ASF/sam0/drivers/sercom/sercom_interrupt.o
 .text._sercom_set_handler
                0x00000e94       0x40 src/ASF/sam0/drivers/sercom/sercom_interrupt.o
                0x00000e94                _sercom_set_handler
 .text._sercom_get_interrupt_vector
                0x00000ed4       0x2c src/ASF/sam0/drivers/sercom/sercom_interrupt.o
                0x00000ed4                _sercom_get_interrupt_vector
 .text.SERCOM0_Handler
                0x00000f00       0x10 src/ASF/sam0/drivers/sercom/sercom_interrupt.o
                0x00000f00                SERCOM0_Handler
 .text.SERCOM1_Handler
                0x00000f10       0x10 src/ASF/sam0/drivers/sercom/sercom_interrupt.o
                0x00000f10                SERCOM1_Handler
 .text.SERCOM2_Handler
                0x00000f20       0x10 src/ASF/sam0/drivers/sercom/sercom_interrupt.o
                0x00000f20                SERCOM2_Handler
 .text.SERCOM3_Handler
                0x00000f30       0x10 src/ASF/sam0/drivers/sercom/sercom_interrupt.o
                0x00000f30                SERCOM3_Handler
 .text.system_board_init
                0x00000f40        0x4 src/ASF/common2/boards/user_board/init.o
                0x00000f40                board_init
                0x00000f40                system_board_init
 .text.cpu_irq_enter_critical
                0x00000f44       0x40 src/ASF/common/utils/interrupt/interrupt_sam_nvic.o
                0x00000f44                cpu_irq_enter_critical
 .text.cpu_irq_leave_critical
                0x00000f84       0x30 src/ASF/common/utils/interrupt/interrupt_sam_nvic.o
                0x00000f84                cpu_irq_leave_critical
 .text.usart_init
                0x00000fb4      0x2f8 src/ASF/sam0/drivers/sercom/usart/usart.o
                0x00000fb4                usart_init
 .text.usart_write_wait
                0x000012ac       0x2c src/ASF/sam0/drivers/sercom/usart/usart.o
                0x000012ac                usart_write_wait
 .text.usart_read_wait
                0x000012d8       0x78 src/ASF/sam0/drivers/sercom/usart/usart.o
                0x000012d8                usart_read_wait
 .text._usart_interrupt_handler
                0x00001350      0x19c src/ASF/sam0/drivers/sercom/usart/usart_interrupt.o
                0x00001350                _usart_interrupt_handler
 .text.system_clock_source_get_hz
                0x000014ec       0x90 src/ASF/sam0/drivers/system/clock/clock_samd21_r21_da/clock.o
                0x000014ec                system_clock_source_get_hz
 .text.system_clock_source_osc8m_set_config
                0x0000157c       0x3c src/ASF/sam0/drivers/system/clock/clock_samd21_r21_da/clock.o
                0x0000157c                system_clock_source_osc8m_set_config
 .text.system_clock_source_dfll_set_config
                0x000015b8       0x80 src/ASF/sam0/drivers/system/clock/clock_samd21_r21_da/clock.o
                0x000015b8                system_clock_source_dfll_set_config
 .text.system_clock_source_enable
                0x00001638       0xa8 src/ASF/sam0/drivers/system/clock/clock_samd21_r21_da/clock.o
                0x00001638                system_clock_source_enable
 .text.system_clock_init
                0x000016e0      0x100 src/ASF/sam0/drivers/system/clock/clock_samd21_r21_da/clock.o
                0x000016e0                system_clock_init
 .text.system_gclk_init
                0x000017e0       0x24 src/ASF/sam0/drivers/system/clock/clock_samd21_r21_da/gclk.o
                0x000017e0                system_gclk_init
 .text.system_gclk_gen_set_config
                0x00001804       0xb4 src/ASF/sam0/drivers/system/clock/clock_samd21_r21_da/gclk.o
                0x00001804                system_gclk_gen_set_config
 .text.system_gclk_gen_enable
                0x000018b8       0x44 src/ASF/sam0/drivers/system/clock/clock_samd21_r21_da/gclk.o
                0x000018b8                system_gclk_gen_enable
 .text.system_gclk_gen_get_hz
                0x000018fc       0x8c src/ASF/sam0/drivers/system/clock/clock_samd21_r21_da/gclk.o
                0x000018fc                system_gclk_gen_get_hz
 .text.system_gclk_chan_enable
                0x00001988       0x30 src/ASF/sam0/drivers/system/clock/clock_samd21_r21_da/gclk.o
                0x00001988                system_gclk_chan_enable
 .text.system_gclk_chan_disable
                0x000019b8       0x5c src/ASF/sam0/drivers/system/clock/clock_samd21_r21_da/gclk.o
                0x000019b8                system_gclk_chan_disable
 .text.system_gclk_chan_set_config
                0x00001a14       0x1c src/ASF/sam0/drivers/system/clock/clock_samd21_r21_da/gclk.o
                0x00001a14                system_gclk_chan_set_config
 .text.system_gclk_chan_get_hz
                0x00001a30       0x34 src/ASF/sam0/drivers/system/clock/clock_samd21_r21_da/gclk.o
                0x00001a30                system_gclk_chan_get_hz
 .text._system_pinmux_config
                0x00001a64       0x8c src/ASF/sam0/drivers/system/pinmux/pinmux.o
 .text.system_pinmux_pin_set_config
                0x00001af0       0x2c src/ASF/sam0/drivers/system/pinmux/pinmux.o
                0x00001af0                system_pinmux_pin_set_config
 .text._system_dummy_init
                0x00001b1c        0x4 src/ASF/sam0/drivers/system/system.o
                0x00001b1c                _system_extint_init
                0x00001b1c                _system_events_init
                0x00001b1c                _system_dummy_init
                0x00001b1c                _system_divas_init
 .text.system_init
                0x00001b20       0x2c src/ASF/sam0/drivers/system/system.o
                0x00001b20                system_init
 .text._tc_get_inst_index
                0x00001b4c       0x38 src/ASF/sam0/drivers/tc/tc.o
                0x00001b4c                _tc_get_inst_index
 .text.tc_init  0x00001b84      0x274 src/ASF/sam0/drivers/tc/tc.o
                0x00001b84                tc_init
 .text.tc_set_top_value
                0x00001df8       0x38 src/ASF/sam0/drivers/tc/tc.o
                0x00001df8                tc_set_top_value
 .text.tc_register_callback
                0x00001e30       0x34 src/ASF/sam0/drivers/tc/tc_interrupt.o
                0x00001e30                tc_register_callback
 .text._tc_interrupt_handler
                0x00001e64       0x5c src/ASF/sam0/drivers/tc/tc_interrupt.o
                0x00001e64                _tc_interrupt_handler
 .text.TC3_Handler
                0x00001ec0       0x10 src/ASF/sam0/drivers/tc/tc_interrupt.o
                0x00001ec0                TC3_Handler
 .text.TC4_Handler
                0x00001ed0       0x10 src/ASF/sam0/drivers/tc/tc_interrupt.o
                0x00001ed0                TC4_Handler
 .text.TC5_Handler
                0x00001ee0       0x10 src/ASF/sam0/drivers/tc/tc_interrupt.o
                0x00001ee0                TC5_Handler
 .text._eeprom_emulator_update_page_mapping
                0x00001ef0       0x9c src/ASF/sam0/services/eeprom/emulator/eeprom.o
 .text._eeprom_emulator_nvm_read_page
                0x00001f8c       0x24 src/ASF/sam0/services/eeprom/emulator/eeprom.o
 .text._eeprom_emulator_nvm_erase_row
                0x00001fb0       0x1c src/ASF/sam0/services/eeprom/emulator/eeprom.o
 .text._eeprom_emulator_nvm_fill_cache
                0x00001fcc       0x24 src/ASF/sam0/services/eeprom/emulator/eeprom.o
 .text._eeprom_emulator_nvm_commit_cache
                0x00001ff0       0x20 src/ASF/sam0/services/eeprom/emulator/eeprom.o
 .text.eeprom_emulator_init
                0x00002010       0xe0 src/ASF/sam0/services/eeprom/emulator/eeprom.o
                0x00002010                eeprom_emulator_init
 .text.eeprom_emulator_erase_memory
                0x000020f0       0xdc src/ASF/sam0/services/eeprom/emulator/eeprom.o
                0x000020f0                eeprom_emulator_erase_memory
 .text.eeprom_emulator_read_page
                0x000021cc       0x68 src/ASF/sam0/services/eeprom/emulator/eeprom.o
                0x000021cc                eeprom_emulator_read_page
 .text.eeprom_emulator_commit_page_buffer
                0x00002234       0x2c src/ASF/sam0/services/eeprom/emulator/eeprom.o
                0x00002234                eeprom_emulator_commit_page_buffer
 .text.eeprom_emulator_write_page
                0x00002260      0x198 src/ASF/sam0/services/eeprom/emulator/eeprom.o
                0x00002260                eeprom_emulator_write_page
 .text.Dummy_Handler
                0x000023f8        0x4 src/ASF/sam0/utils/cmsis/samd21/source/gcc/startup_samd21.o
                0x000023f8                DMAC_Handler
                0x000023f8                HardFault_Handler
                0x000023f8                AC_Handler
                0x000023f8                SysTick_Handler
                0x000023f8                PendSV_Handler
                0x000023f8                NMI_Handler
                0x000023f8                TCC1_Handler
                0x000023f8                TCC0_Handler
                0x000023f8                RTC_Handler
                0x000023f8                EIC_Handler
                0x000023f8                WDT_Handler
                0x000023f8                USB_Handler
                0x000023f8                Dummy_Handler
                0x000023f8                PM_Handler
                0x000023f8                SVC_Handler
                0x000023f8                TCC2_Handler
                0x000023f8                EVSYS_Handler
                0x000023f8                I2S_Handler
                0x000023f8                NVMCTRL_Handler
                0x000023f8                DAC_Handler
                0x000023f8                PTC_Handler
                0x000023f8                SYSCTRL_Handler
 .text.Reset_Handler
                0x000023fc       0xec src/ASF/sam0/utils/cmsis/samd21/source/gcc/startup_samd21.o
                0x000023fc                Reset_Handler
 .text._read    0x000024e8       0x44 src/ASF/sam0/utils/stdio/read.o
                0x000024e8                _read
 .text._write   0x0000252c       0x54 src/ASF/sam0/utils/stdio/write.o
                0x0000252c                _write
 .text._sbrk    0x00002580       0x24 src/ASF/sam0/utils/syscalls/gcc/syscalls.o
                0x00002580                _sbrk
 .text._close   0x000025a4        0x8 src/ASF/sam0/utils/syscalls/gcc/syscalls.o
                0x000025a4                _close
 .text._fstat   0x000025ac        0xc src/ASF/sam0/utils/syscalls/gcc/syscalls.o
                0x000025ac                _fstat
 .text._isatty  0x000025b8        0x4 src/ASF/sam0/utils/syscalls/gcc/syscalls.o
                0x000025b8                _isatty
 .text._lseek   0x000025bc        0x4 src/ASF/sam0/utils/syscalls/gcc/syscalls.o
                0x000025bc                _lseek
 .text.convert_to_7_seg
                0x000025c0       0x30 src/main.o
 .text.set_seg_disp_num
                0x000025f0      0x250 src/main.o
 .text.usart_serial_getchar
                0x00002840       0x2c src/main.o
 .text.usart_serial_putchar
                0x0000286c       0x18 src/main.o
 .text.tc_callback_update_display
                0x00002884      0x174 src/main.o
 .text.configure_eeprom
                0x000029f8       0x24 src/main.o
 *fill*         0x00002a1c        0x4 
 .text.adc_complete_callback
                0x00002a20      0x138 src/main.o
 .text.main     0x00002b58      0x8a8 src/main.o
                0x00002b58                main
 .text.atan     0x00003400      0x350 c:/program files (x86)/atmel/atmel toolchain/arm gcc/native/4.8.1443/arm-gnu-toolchain/bin/../lib/gcc/arm-none-eabi/4.8.4/../../../../arm-none-eabi/lib/armv6-m\libm.a(lib_a-s_atan.o)
                0x00003400                atan
 .text.fabs     0x00003750        0x8 c:/program files (x86)/atmel/atmel toolchain/arm gcc/native/4.8.1443/arm-gnu-toolchain/bin/../lib/gcc/arm-none-eabi/4.8.4/../../../../arm-none-eabi/lib/armv6-m\libm.a(lib_a-s_fabs.o)
                0x00003750                fabs
 .text.sqrt     0x00003758       0xc0 c:/program files (x86)/atmel/atmel toolchain/arm gcc/native/4.8.1443/arm-gnu-toolchain/bin/../lib/gcc/arm-none-eabi/4.8.4/../../../../arm-none-eabi/lib/armv6-m\libm.a(lib_a-w_sqrt.o)
                0x00003758                sqrt
 .text.__ieee754_sqrt
                0x00003818      0x1cc c:/program files (x86)/atmel/atmel toolchain/arm gcc/native/4.8.1443/arm-gnu-toolchain/bin/../lib/gcc/arm-none-eabi/4.8.4/../../../../arm-none-eabi/lib/armv6-m\libm.a(lib_a-e_sqrt.o)
                0x00003818                __ieee754_sqrt
 .text.__fpclassifyd
                0x000039e4       0x60 c:/program files (x86)/atmel/atmel toolchain/arm gcc/native/4.8.1443/arm-gnu-toolchain/bin/../lib/gcc/arm-none-eabi/4.8.4/../../../../arm-none-eabi/lib/armv6-m\libm.a(lib_a-s_fpclassify.o)
                0x000039e4                __fpclassifyd
 .text.matherr  0x00003a44        0x4 c:/program files (x86)/atmel/atmel toolchain/arm gcc/native/4.8.1443/arm-gnu-toolchain/bin/../lib/gcc/arm-none-eabi/4.8.4/../../../../arm-none-eabi/lib/armv6-m\libm.a(lib_a-s_matherr.o)
                0x00003a44                matherr
 .text.__errno  0x00003a48        0xc c:/program files (x86)/atmel/atmel toolchain/arm gcc/native/4.8.1443/arm-gnu-toolchain/bin/../lib/gcc/arm-none-eabi/4.8.4/../../../../arm-none-eabi/lib/armv6-m\libc_s.a(lib_a-errno.o)
                0x00003a48                __errno
 .text.__libc_init_array
                0x00003a54       0x4c c:/program files (x86)/atmel/atmel toolchain/arm gcc/native/4.8.1443/arm-gnu-toolchain/bin/../lib/gcc/arm-none-eabi/4.8.4/../../../../arm-none-eabi/lib/armv6-m\libc_s.a(lib_a-init.o)
                0x00003a54                __libc_init_array
 .text.memcpy   0x00003aa0       0x12 c:/program files (x86)/atmel/atmel toolchain/arm gcc/native/4.8.1443/arm-gnu-toolchain/bin/../lib/gcc/arm-none-eabi/4.8.4/../../../../arm-none-eabi/lib/armv6-m\libc_s.a(lib_a-memcpy-stub.o)
                0x00003aa0                memcpy
 .text.memset   0x00003ab2       0x10 c:/program files (x86)/atmel/atmel toolchain/arm gcc/native/4.8.1443/arm-gnu-toolchain/bin/../lib/gcc/arm-none-eabi/4.8.4/../../../../arm-none-eabi/lib/armv6-m\libc_s.a(lib_a-memset.o)
                0x00003ab2                memset
 *fill*         0x00003ac2        0x2 
 .text.printf   0x00003ac4       0x34 c:/program files (x86)/atmel/atmel toolchain/arm gcc/native/4.8.1443/arm-gnu-toolchain/bin/../lib/gcc/arm-none-eabi/4.8.4/../../../../arm-none-eabi/lib/armv6-m\libc_s.a(lib_a-printf.o)
                0x00003ac4                iprintf
                0x00003ac4                printf
 .text.setbuf   0x00003af8       0x12 c:/program files (x86)/atmel/atmel toolchain/arm gcc/native/4.8.1443/arm-gnu-toolchain/bin/../lib/gcc/arm-none-eabi/4.8.4/../../../../arm-none-eabi/lib/armv6-m\libc_s.a(lib_a-setbuf.o)
                0x00003af8                setbuf
 *fill*         0x00003b0a        0x2 
 .text.setvbuf  0x00003b0c      0x10c c:/program files (x86)/atmel/atmel toolchain/arm gcc/native/4.8.1443/arm-gnu-toolchain/bin/../lib/gcc/arm-none-eabi/4.8.4/../../../../arm-none-eabi/lib/armv6-m\libc_s.a(lib_a-setvbuf.o)
                0x00003b0c                setvbuf
 .text.__sfputc_r
                0x00003c18       0x2a c:/program files (x86)/atmel/atmel toolchain/arm gcc/native/4.8.1443/arm-gnu-toolchain/bin/../lib/gcc/arm-none-eabi/4.8.4/../../../../arm-none-eabi/lib/armv6-m\libc_s.a(lib_a-vfprintf.o)
 .text.__sfputs_r
                0x00003c42       0x24 c:/program files (x86)/atmel/atmel toolchain/arm gcc/native/4.8.1443/arm-gnu-toolchain/bin/../lib/gcc/arm-none-eabi/4.8.4/../../../../arm-none-eabi/lib/armv6-m\libc_s.a(lib_a-vfprintf.o)
                0x00003c42                __sfputs_r
 *fill*         0x00003c66        0x2 
 .text._vfprintf_r
                0x00003c68      0x210 c:/program files (x86)/atmel/atmel toolchain/arm gcc/native/4.8.1443/arm-gnu-toolchain/bin/../lib/gcc/arm-none-eabi/4.8.4/../../../../arm-none-eabi/lib/armv6-m\libc_s.a(lib_a-vfprintf.o)
                0x00003c68                _vfprintf_r
                0x00003c68                _vfiprintf_r
 .text.__cvt    0x00003e78       0xd0 c:/program files (x86)/atmel/atmel toolchain/arm gcc/native/4.8.1443/arm-gnu-toolchain/bin/../lib/gcc/arm-none-eabi/4.8.4/../../../../arm-none-eabi/lib/armv6-m\libc_s.a(lib_a-vfprintf_float.o)
                0x00003e78                __cvt
 .text.__exponent
                0x00003f48       0x6a c:/program files (x86)/atmel/atmel toolchain/arm gcc/native/4.8.1443/arm-gnu-toolchain/bin/../lib/gcc/arm-none-eabi/4.8.4/../../../../arm-none-eabi/lib/armv6-m\libc_s.a(lib_a-vfprintf_float.o)
                0x00003f48                __exponent
 *fill*         0x00003fb2        0x6 
 .text._printf_float
                0x00003fb8      0x458 c:/program files (x86)/atmel/atmel toolchain/arm gcc/native/4.8.1443/arm-gnu-toolchain/bin/../lib/gcc/arm-none-eabi/4.8.4/../../../../arm-none-eabi/lib/armv6-m\libc_s.a(lib_a-vfprintf_float.o)
                0x00003fb8                _printf_float
 .text._printf_common
                0x00004410       0xe8 c:/program files (x86)/atmel/atmel toolchain/arm gcc/native/4.8.1443/arm-gnu-toolchain/bin/../lib/gcc/arm-none-eabi/4.8.4/../../../../arm-none-eabi/lib/armv6-m\libc_s.a(lib_a-vfprintf_i.o)
                0x00004410                _printf_common
 .text._printf_i
                0x000044f8      0x22c c:/program files (x86)/atmel/atmel toolchain/arm gcc/native/4.8.1443/arm-gnu-toolchain/bin/../lib/gcc/arm-none-eabi/4.8.4/../../../../arm-none-eabi/lib/armv6-m\libc_s.a(lib_a-vfprintf_i.o)
                0x000044f8                _printf_i
 .text.__swbuf_r
                0x00004724       0xb0 c:/program files (x86)/atmel/atmel toolchain/arm gcc/native/4.8.1443/arm-gnu-toolchain/bin/../lib/gcc/arm-none-eabi/4.8.4/../../../../arm-none-eabi/lib/armv6-m\libc_s.a(lib_a-wbuf.o)
                0x00004724                __swbuf_r
 .text.__swsetup_r
                0x000047d4       0xe4 c:/program files (x86)/atmel/atmel toolchain/arm gcc/native/4.8.1443/arm-gnu-toolchain/bin/../lib/gcc/arm-none-eabi/4.8.4/../../../../arm-none-eabi/lib/armv6-m\libc_s.a(lib_a-wsetup.o)
                0x000047d4                __swsetup_r
 .text.quorem   0x000048b8      0x118 c:/program files (x86)/atmel/atmel toolchain/arm gcc/native/4.8.1443/arm-gnu-toolchain/bin/../lib/gcc/arm-none-eabi/4.8.4/../../../../arm-none-eabi/lib/armv6-m\libc_s.a(lib_a-dtoa.o)
 .text._dtoa_r  0x000049d0      0xbb8 c:/program files (x86)/atmel/atmel toolchain/arm gcc/native/4.8.1443/arm-gnu-toolchain/bin/../lib/gcc/arm-none-eabi/4.8.4/../../../../arm-none-eabi/lib/armv6-m\libc_s.a(lib_a-dtoa.o)
                0x000049d0                _dtoa_r
 .text.__sflush_r
                0x00005588      0x112 c:/program files (x86)/atmel/atmel toolchain/arm gcc/native/4.8.1443/arm-gnu-toolchain/bin/../lib/gcc/arm-none-eabi/4.8.4/../../../../arm-none-eabi/lib/armv6-m\libc_s.a(lib_a-fflush.o)
                0x00005588                __sflush_r
 *fill*         0x0000569a        0x2 
 .text._fflush_r
                0x0000569c       0x58 c:/program files (x86)/atmel/atmel toolchain/arm gcc/native/4.8.1443/arm-gnu-toolchain/bin/../lib/gcc/arm-none-eabi/4.8.4/../../../../arm-none-eabi/lib/armv6-m\libc_s.a(lib_a-fflush.o)
                0x0000569c                _fflush_r
 .text._cleanup_r
                0x000056f4       0x34 c:/program files (x86)/atmel/atmel toolchain/arm gcc/native/4.8.1443/arm-gnu-toolchain/bin/../lib/gcc/arm-none-eabi/4.8.4/../../../../arm-none-eabi/lib/armv6-m\libc_s.a(lib_a-findfp.o)
                0x000056f4                _cleanup_r
 .text.std.isra.0
                0x00005728       0x48 c:/program files (x86)/atmel/atmel toolchain/arm gcc/native/4.8.1443/arm-gnu-toolchain/bin/../lib/gcc/arm-none-eabi/4.8.4/../../../../arm-none-eabi/lib/armv6-m\libc_s.a(lib_a-findfp.o)
 .text.__sfmoreglue
                0x00005770       0x2c c:/program files (x86)/atmel/atmel toolchain/arm gcc/native/4.8.1443/arm-gnu-toolchain/bin/../lib/gcc/arm-none-eabi/4.8.4/../../../../arm-none-eabi/lib/armv6-m\libc_s.a(lib_a-findfp.o)
                0x00005770                __sfmoreglue
 .text.__sinit  0x0000579c       0x64 c:/program files (x86)/atmel/atmel toolchain/arm gcc/native/4.8.1443/arm-gnu-toolchain/bin/../lib/gcc/arm-none-eabi/4.8.4/../../../../arm-none-eabi/lib/armv6-m\libc_s.a(lib_a-findfp.o)
                0x0000579c                __sinit
 .text.__sfp    0x00005800       0x7c c:/program files (x86)/atmel/atmel toolchain/arm gcc/native/4.8.1443/arm-gnu-toolchain/bin/../lib/gcc/arm-none-eabi/4.8.4/../../../../arm-none-eabi/lib/armv6-m\libc_s.a(lib_a-findfp.o)
                0x00005800                __sfp
 .text._localeconv_r
                0x0000587c        0x8 c:/program files (x86)/atmel/atmel toolchain/arm gcc/native/4.8.1443/arm-gnu-toolchain/bin/../lib/gcc/arm-none-eabi/4.8.4/../../../../arm-none-eabi/lib/armv6-m\libc_s.a(lib_a-locale.o)
                0x0000587c                _localeconv_r
 .text.__smakebuf_r
                0x00005884       0xa0 c:/program files (x86)/atmel/atmel toolchain/arm gcc/native/4.8.1443/arm-gnu-toolchain/bin/../lib/gcc/arm-none-eabi/4.8.4/../../../../arm-none-eabi/lib/armv6-m\libc_s.a(lib_a-makebuf.o)
                0x00005884                __smakebuf_r
 .text.malloc   0x00005924       0x14 c:/program files (x86)/atmel/atmel toolchain/arm gcc/native/4.8.1443/arm-gnu-toolchain/bin/../lib/gcc/arm-none-eabi/4.8.4/../../../../arm-none-eabi/lib/armv6-m\libc_s.a(lib_a-malloc.o)
                0x00005924                malloc
 .text.memchr   0x00005938       0x16 c:/program files (x86)/atmel/atmel toolchain/arm gcc/native/4.8.1443/arm-gnu-toolchain/bin/../lib/gcc/arm-none-eabi/4.8.4/../../../../arm-none-eabi/lib/armv6-m\libc_s.a(lib_a-memchr-stub.o)
                0x00005938                memchr
 .text._Balloc  0x0000594e       0x70 c:/program files (x86)/atmel/atmel toolchain/arm gcc/native/4.8.1443/arm-gnu-toolchain/bin/../lib/gcc/arm-none-eabi/4.8.4/../../../../arm-none-eabi/lib/armv6-m\libc_s.a(lib_a-mprec.o)
                0x0000594e                _Balloc
 .text._Bfree   0x000059be       0x32 c:/program files (x86)/atmel/atmel toolchain/arm gcc/native/4.8.1443/arm-gnu-toolchain/bin/../lib/gcc/arm-none-eabi/4.8.4/../../../../arm-none-eabi/lib/armv6-m\libc_s.a(lib_a-mprec.o)
                0x000059be                _Bfree
 .text.__multadd
                0x000059f0       0x7c c:/program files (x86)/atmel/atmel toolchain/arm gcc/native/4.8.1443/arm-gnu-toolchain/bin/../lib/gcc/arm-none-eabi/4.8.4/../../../../arm-none-eabi/lib/armv6-m\libc_s.a(lib_a-mprec.o)
                0x000059f0                __multadd
 .text.__hi0bits
                0x00005a6c       0x38 c:/program files (x86)/atmel/atmel toolchain/arm gcc/native/4.8.1443/arm-gnu-toolchain/bin/../lib/gcc/arm-none-eabi/4.8.4/../../../../arm-none-eabi/lib/armv6-m\libc_s.a(lib_a-mprec.o)
                0x00005a6c                __hi0bits
 .text.__lo0bits
                0x00005aa4       0x5a c:/program files (x86)/atmel/atmel toolchain/arm gcc/native/4.8.1443/arm-gnu-toolchain/bin/../lib/gcc/arm-none-eabi/4.8.4/../../../../arm-none-eabi/lib/armv6-m\libc_s.a(lib_a-mprec.o)
                0x00005aa4                __lo0bits
 .text.__i2b    0x00005afe       0x12 c:/program files (x86)/atmel/atmel toolchain/arm gcc/native/4.8.1443/arm-gnu-toolchain/bin/../lib/gcc/arm-none-eabi/4.8.4/../../../../arm-none-eabi/lib/armv6-m\libc_s.a(lib_a-mprec.o)
                0x00005afe                __i2b
 .text.__multiply
                0x00005b10      0x11e c:/program files (x86)/atmel/atmel toolchain/arm gcc/native/4.8.1443/arm-gnu-toolchain/bin/../lib/gcc/arm-none-eabi/4.8.4/../../../../arm-none-eabi/lib/armv6-m\libc_s.a(lib_a-mprec.o)
                0x00005b10                __multiply
 *fill*         0x00005c2e        0x2 
 .text.__pow5mult
                0x00005c30       0xa4 c:/program files (x86)/atmel/atmel toolchain/arm gcc/native/4.8.1443/arm-gnu-toolchain/bin/../lib/gcc/arm-none-eabi/4.8.4/../../../../arm-none-eabi/lib/armv6-m\libc_s.a(lib_a-mprec.o)
                0x00005c30                __pow5mult
 .text.__lshift
                0x00005cd4       0xa4 c:/program files (x86)/atmel/atmel toolchain/arm gcc/native/4.8.1443/arm-gnu-toolchain/bin/../lib/gcc/arm-none-eabi/4.8.4/../../../../arm-none-eabi/lib/armv6-m\libc_s.a(lib_a-mprec.o)
                0x00005cd4                __lshift
 .text.__mcmp   0x00005d78       0x36 c:/program files (x86)/atmel/atmel toolchain/arm gcc/native/4.8.1443/arm-gnu-toolchain/bin/../lib/gcc/arm-none-eabi/4.8.4/../../../../arm-none-eabi/lib/armv6-m\libc_s.a(lib_a-mprec.o)
                0x00005d78                __mcmp
 .text.__mdiff  0x00005dae       0xcc c:/program files (x86)/atmel/atmel toolchain/arm gcc/native/4.8.1443/arm-gnu-toolchain/bin/../lib/gcc/arm-none-eabi/4.8.4/../../../../arm-none-eabi/lib/armv6-m\libc_s.a(lib_a-mprec.o)
                0x00005dae                __mdiff
 *fill*         0x00005e7a        0x2 
 .text.__d2b    0x00005e7c       0xb0 c:/program files (x86)/atmel/atmel toolchain/arm gcc/native/4.8.1443/arm-gnu-toolchain/bin/../lib/gcc/arm-none-eabi/4.8.4/../../../../arm-none-eabi/lib/armv6-m\libc_s.a(lib_a-mprec.o)
                0x00005e7c                __d2b
 .text._calloc_r
                0x00005f2c       0x1c c:/program files (x86)/atmel/atmel toolchain/arm gcc/native/4.8.1443/arm-gnu-toolchain/bin/../lib/gcc/arm-none-eabi/4.8.4/../../../../arm-none-eabi/lib/armv6-m\libc_s.a(lib_a-nano-callocr.o)
                0x00005f2c                _calloc_r
 .text._free_r  0x00005f48       0x90 c:/program files (x86)/atmel/atmel toolchain/arm gcc/native/4.8.1443/arm-gnu-toolchain/bin/../lib/gcc/arm-none-eabi/4.8.4/../../../../arm-none-eabi/lib/armv6-m\libc_s.a(lib_a-nano-freer.o)
                0x00005f48                _free_r
 .text._malloc_r
                0x00005fd8       0xa8 c:/program files (x86)/atmel/atmel toolchain/arm gcc/native/4.8.1443/arm-gnu-toolchain/bin/../lib/gcc/arm-none-eabi/4.8.4/../../../../arm-none-eabi/lib/armv6-m\libc_s.a(lib_a-nano-mallocr.o)
                0x00005fd8                _malloc_r
 .text._sbrk_r  0x00006080       0x24 c:/program files (x86)/atmel/atmel toolchain/arm gcc/native/4.8.1443/arm-gnu-toolchain/bin/../lib/gcc/arm-none-eabi/4.8.4/../../../../arm-none-eabi/lib/armv6-m\libc_s.a(lib_a-sbrkr.o)
                0x00006080                _sbrk_r
 .text.__sread  0x000060a4       0x28 c:/program files (x86)/atmel/atmel toolchain/arm gcc/native/4.8.1443/arm-gnu-toolchain/bin/../lib/gcc/arm-none-eabi/4.8.4/../../../../arm-none-eabi/lib/armv6-m\libc_s.a(lib_a-stdio.o)
                0x000060a4                __sread
 .text.__swrite
                0x000060cc       0x38 c:/program files (x86)/atmel/atmel toolchain/arm gcc/native/4.8.1443/arm-gnu-toolchain/bin/../lib/gcc/arm-none-eabi/4.8.4/../../../../arm-none-eabi/lib/armv6-m\libc_s.a(lib_a-stdio.o)
                0x000060cc                __swrite
 .text.__sseek  0x00006104       0x2c c:/program files (x86)/atmel/atmel toolchain/arm gcc/native/4.8.1443/arm-gnu-toolchain/bin/../lib/gcc/arm-none-eabi/4.8.4/../../../../arm-none-eabi/lib/armv6-m\libc_s.a(lib_a-stdio.o)
                0x00006104                __sseek
 .text.__sclose
                0x00006130        0xc c:/program files (x86)/atmel/atmel toolchain/arm gcc/native/4.8.1443/arm-gnu-toolchain/bin/../lib/gcc/arm-none-eabi/4.8.4/../../../../arm-none-eabi/lib/armv6-m\libc_s.a(lib_a-stdio.o)
                0x00006130                __sclose
 .text.strlen   0x0000613c        0xe c:/program files (x86)/atmel/atmel toolchain/arm gcc/native/4.8.1443/arm-gnu-toolchain/bin/../lib/gcc/arm-none-eabi/4.8.4/../../../../arm-none-eabi/lib/armv6-m\libc_s.a(lib_a-strlen.o)
                0x0000613c                strlen
 *fill*         0x0000614a        0x2 
 .text._write_r
                0x0000614c       0x28 c:/program files (x86)/atmel/atmel toolchain/arm gcc/native/4.8.1443/arm-gnu-toolchain/bin/../lib/gcc/arm-none-eabi/4.8.4/../../../../arm-none-eabi/lib/armv6-m\libc_s.a(lib_a-writer.o)
                0x0000614c                _write_r
 .text._close_r
                0x00006174       0x24 c:/program files (x86)/atmel/atmel toolchain/arm gcc/native/4.8.1443/arm-gnu-toolchain/bin/../lib/gcc/arm-none-eabi/4.8.4/../../../../arm-none-eabi/lib/armv6-m\libc_s.a(lib_a-closer.o)
                0x00006174                _close_r
 .text._fstat_r
                0x00006198       0x24 c:/program files (x86)/atmel/atmel toolchain/arm gcc/native/4.8.1443/arm-gnu-toolchain/bin/../lib/gcc/arm-none-eabi/4.8.4/../../../../arm-none-eabi/lib/armv6-m\libc_s.a(lib_a-fstatr.o)
                0x00006198                _fstat_r
 .text._isatty_r
                0x000061bc       0x24 c:/program files (x86)/atmel/atmel toolchain/arm gcc/native/4.8.1443/arm-gnu-toolchain/bin/../lib/gcc/arm-none-eabi/4.8.4/../../../../arm-none-eabi/lib/armv6-m\libc_s.a(lib_a-isattyr.o)
                0x000061bc                _isatty_r
 .text._lseek_r
                0x000061e0       0x28 c:/program files (x86)/atmel/atmel toolchain/arm gcc/native/4.8.1443/arm-gnu-toolchain/bin/../lib/gcc/arm-none-eabi/4.8.4/../../../../arm-none-eabi/lib/armv6-m\libc_s.a(lib_a-lseekr.o)
                0x000061e0                _lseek_r
 .text._read_r  0x00006208       0x28 c:/program files (x86)/atmel/atmel toolchain/arm gcc/native/4.8.1443/arm-gnu-toolchain/bin/../lib/gcc/arm-none-eabi/4.8.4/../../../../arm-none-eabi/lib/armv6-m\libc_s.a(lib_a-readr.o)
                0x00006208                _read_r
 .text          0x00006230       0x14 c:/program files (x86)/atmel/atmel toolchain/arm gcc/native/4.8.1443/arm-gnu-toolchain/bin/../lib/gcc/arm-none-eabi/4.8.4/armv6-m\libgcc.a(_thumb1_case_uqi.o)
                0x00006230                __gnu_thumb1_case_uqi
 .text          0x00006244       0x9c c:/program files (x86)/atmel/atmel toolchain/arm gcc/native/4.8.1443/arm-gnu-toolchain/bin/../lib/gcc/arm-none-eabi/4.8.4/armv6-m\libgcc.a(_udivsi3.o)
                0x00006244                __aeabi_uidiv
                0x00006244                __udivsi3
                0x000062cc                __aeabi_uidivmod
 .text          0x000062e0       0xc0 c:/program files (x86)/atmel/atmel toolchain/arm gcc/native/4.8.1443/arm-gnu-toolchain/bin/../lib/gcc/arm-none-eabi/4.8.4/armv6-m\libgcc.a(_divsi3.o)
                0x000062e0                __divsi3
                0x000062e0                __aeabi_idiv
                0x0000638c                __aeabi_idivmod
 .text          0x000063a0        0x4 c:/program files (x86)/atmel/atmel toolchain/arm gcc/native/4.8.1443/arm-gnu-toolchain/bin/../lib/gcc/arm-none-eabi/4.8.4/armv6-m\libgcc.a(_dvmd_tls.o)
                0x000063a0                __aeabi_idiv0
                0x000063a0                __aeabi_ldiv0
 .text          0x000063a4       0x7c c:/program files (x86)/atmel/atmel toolchain/arm gcc/native/4.8.1443/arm-gnu-toolchain/bin/../lib/gcc/arm-none-eabi/4.8.4/armv6-m\libgcc.a(_arm_cmpdf2.o)
                0x000063a4                __aeabi_cdrcmple
                0x000063b4                __aeabi_cdcmple
                0x000063b4                __aeabi_cdcmpeq
                0x000063c4                __aeabi_dcmpeq
                0x000063d0                __aeabi_dcmplt
                0x000063e4                __aeabi_dcmple
                0x000063f8                __aeabi_dcmpgt
                0x0000640c                __aeabi_dcmpge
 .text          0x00006420       0x74 c:/program files (x86)/atmel/atmel toolchain/arm gcc/native/4.8.1443/arm-gnu-toolchain/bin/../lib/gcc/arm-none-eabi/4.8.4/armv6-m\libgcc.a(_arm_cmpsf2.o)
                0x00006420                __aeabi_cfrcmple
                0x00006428                __aeabi_cfcmpeq
                0x00006428                __aeabi_cfcmple
                0x00006438                __aeabi_fcmpeq
                0x00006444                __aeabi_fcmplt
                0x00006458                __aeabi_fcmple
                0x0000646c                __aeabi_fcmpgt
                0x00006480                __aeabi_fcmpge
 .text          0x00006494       0x44 c:/program files (x86)/atmel/atmel toolchain/arm gcc/native/4.8.1443/arm-gnu-toolchain/bin/../lib/gcc/arm-none-eabi/4.8.4/armv6-m\libgcc.a(_muldi3.o)
                0x00006494                __muldi3
                0x00006494                __aeabi_lmul
 .text          0x000064d8       0x30 c:/program files (x86)/atmel/atmel toolchain/arm gcc/native/4.8.1443/arm-gnu-toolchain/bin/../lib/gcc/arm-none-eabi/4.8.4/armv6-m\libgcc.a(_fixunssfsi.o)
                0x000064d8                __fixunssfsi
                0x000064d8                __aeabi_f2uiz
 .text          0x00006508      0x2d8 c:/program files (x86)/atmel/atmel toolchain/arm gcc/native/4.8.1443/arm-gnu-toolchain/bin/../lib/gcc/arm-none-eabi/4.8.4/armv6-m\libgcc.a(addsf3.o)
                0x00006508                __aeabi_fadd
 .text          0x000067e0      0x24c c:/program files (x86)/atmel/atmel toolchain/arm gcc/native/4.8.1443/arm-gnu-toolchain/bin/../lib/gcc/arm-none-eabi/4.8.4/armv6-m\libgcc.a(divsf3.o)
                0x000067e0                __aeabi_fdiv
 .text          0x00006a2c       0x54 c:/program files (x86)/atmel/atmel toolchain/arm gcc/native/4.8.1443/arm-gnu-toolchain/bin/../lib/gcc/arm-none-eabi/4.8.4/armv6-m\libgcc.a(eqsf2.o)
                0x00006a2c                __eqsf2
                0x00006a2c                __nesf2
 .text          0x00006a80       0x90 c:/program files (x86)/atmel/atmel toolchain/arm gcc/native/4.8.1443/arm-gnu-toolchain/bin/../lib/gcc/arm-none-eabi/4.8.4/armv6-m\libgcc.a(gesf2.o)
                0x00006a80                __gesf2
                0x00006a80                __gtsf2
 .text          0x00006b10       0x98 c:/program files (x86)/atmel/atmel toolchain/arm gcc/native/4.8.1443/arm-gnu-toolchain/bin/../lib/gcc/arm-none-eabi/4.8.4/armv6-m\libgcc.a(lesf2.o)
                0x00006b10                __ltsf2
                0x00006b10                __lesf2
 .text          0x00006ba8      0x254 c:/program files (x86)/atmel/atmel toolchain/arm gcc/native/4.8.1443/arm-gnu-toolchain/bin/../lib/gcc/arm-none-eabi/4.8.4/armv6-m\libgcc.a(mulsf3.o)
                0x00006ba8                __aeabi_fmul
 .text          0x00006dfc      0x2ec c:/program files (x86)/atmel/atmel toolchain/arm gcc/native/4.8.1443/arm-gnu-toolchain/bin/../lib/gcc/arm-none-eabi/4.8.4/armv6-m\libgcc.a(subsf3.o)
                0x00006dfc                __aeabi_fsub
 .text          0x000070e8       0x40 c:/program files (x86)/atmel/atmel toolchain/arm gcc/native/4.8.1443/arm-gnu-toolchain/bin/../lib/gcc/arm-none-eabi/4.8.4/armv6-m\libgcc.a(fixsfsi.o)
                0x000070e8                __aeabi_f2iz
 .text          0x00007128       0xb8 c:/program files (x86)/atmel/atmel toolchain/arm gcc/native/4.8.1443/arm-gnu-toolchain/bin/../lib/gcc/arm-none-eabi/4.8.4/armv6-m\libgcc.a(floatsisf.o)
                0x00007128                __aeabi_i2f
 .text          0x000071e0       0xa0 c:/program files (x86)/atmel/atmel toolchain/arm gcc/native/4.8.1443/arm-gnu-toolchain/bin/../lib/gcc/arm-none-eabi/4.8.4/armv6-m\libgcc.a(floatunsisf.o)
                0x000071e0                __aeabi_ui2f
 .text          0x00007280      0x644 c:/program files (x86)/atmel/atmel toolchain/arm gcc/native/4.8.1443/arm-gnu-toolchain/bin/../lib/gcc/arm-none-eabi/4.8.4/armv6-m\libgcc.a(adddf3.o)
                0x00007280                __aeabi_dadd
 .text          0x000078c4      0x648 c:/program files (x86)/atmel/atmel toolchain/arm gcc/native/4.8.1443/arm-gnu-toolchain/bin/../lib/gcc/arm-none-eabi/4.8.4/armv6-m\libgcc.a(divdf3.o)
                0x000078c4                __aeabi_ddiv
 .text          0x00007f0c       0x94 c:/program files (x86)/atmel/atmel toolchain/arm gcc/native/4.8.1443/arm-gnu-toolchain/bin/../lib/gcc/arm-none-eabi/4.8.4/armv6-m\libgcc.a(eqdf2.o)
                0x00007f0c                __nedf2
                0x00007f0c                __eqdf2
 .text          0x00007fa0       0xfc c:/program files (x86)/atmel/atmel toolchain/arm gcc/native/4.8.1443/arm-gnu-toolchain/bin/../lib/gcc/arm-none-eabi/4.8.4/armv6-m\libgcc.a(gedf2.o)
                0x00007fa0                __gedf2
                0x00007fa0                __gtdf2
 .text          0x0000809c       0xfc c:/program files (x86)/atmel/atmel toolchain/arm gcc/native/4.8.1443/arm-gnu-toolchain/bin/../lib/gcc/arm-none-eabi/4.8.4/armv6-m\libgcc.a(ledf2.o)
                0x0000809c                __ledf2
                0x0000809c                __ltdf2
 .text          0x00008198      0x520 c:/program files (x86)/atmel/atmel toolchain/arm gcc/native/4.8.1443/arm-gnu-toolchain/bin/../lib/gcc/arm-none-eabi/4.8.4/armv6-m\libgcc.a(muldf3.o)
                0x00008198                __aeabi_dmul
 .text          0x000086b8      0x668 c:/program files (x86)/atmel/atmel toolchain/arm gcc/native/4.8.1443/arm-gnu-toolchain/bin/../lib/gcc/arm-none-eabi/4.8.4/armv6-m\libgcc.a(subdf3.o)
                0x000086b8                __aeabi_dsub
 .text          0x00008d20       0x68 c:/program files (x86)/atmel/atmel toolchain/arm gcc/native/4.8.1443/arm-gnu-toolchain/bin/../lib/gcc/arm-none-eabi/4.8.4/armv6-m\libgcc.a(fixdfsi.o)
                0x00008d20                __aeabi_d2iz
 .text          0x00008d88       0x7c c:/program files (x86)/atmel/atmel toolchain/arm gcc/native/4.8.1443/arm-gnu-toolchain/bin/../lib/gcc/arm-none-eabi/4.8.4/armv6-m\libgcc.a(floatsidf.o)
                0x00008d88                __aeabi_i2d
 .text          0x00008e04       0x68 c:/program files (x86)/atmel/atmel toolchain/arm gcc/native/4.8.1443/arm-gnu-toolchain/bin/../lib/gcc/arm-none-eabi/4.8.4/armv6-m\libgcc.a(floatunsidf.o)
                0x00008e04                __aeabi_ui2d
 .text          0x00008e6c       0xa4 c:/program files (x86)/atmel/atmel toolchain/arm gcc/native/4.8.1443/arm-gnu-toolchain/bin/../lib/gcc/arm-none-eabi/4.8.4/armv6-m\libgcc.a(extendsfdf2.o)
                0x00008e6c                __aeabi_f2d
 .text          0x00008f10      0x118 c:/program files (x86)/atmel/atmel toolchain/arm gcc/native/4.8.1443/arm-gnu-toolchain/bin/../lib/gcc/arm-none-eabi/4.8.4/armv6-m\libgcc.a(truncdfsf2.o)
                0x00008f10                __aeabi_d2f
 .text          0x00009028       0x3c c:/program files (x86)/atmel/atmel toolchain/arm gcc/native/4.8.1443/arm-gnu-toolchain/bin/../lib/gcc/arm-none-eabi/4.8.4/armv6-m\libgcc.a(_clzsi2.o)
                0x00009028                __clzsi2
 *(.glue_7t)
 .glue_7t       0x00000000        0x0 linker stubs
 *(.glue_7)
 .glue_7        0x00000000        0x0 linker stubs
 *(.rodata .rodata* .gnu.linkonce.r.*)
 .rodata.adc_init
                0x00009064       0xd4 src/ASF/sam0/drivers/adc/adc_sam_d_r/adc.o
 .rodata        0x00009138       0x50 src/ASF/sam0/drivers/adc/adc_sam_d_r/adc.o
 .rodata.nvm_execute_command
                0x00009188      0x118 src/ASF/sam0/drivers/nvm/nvm.o
 .rodata        0x000092a0       0x10 src/ASF/sam0/drivers/sercom/sercom.o
 .rodata        0x000092b0        0x4 src/ASF/sam0/drivers/sercom/sercom_interrupt.o
 .rodata.system_clock_source_get_hz
                0x000092b4       0x24 src/ASF/sam0/drivers/system/clock/clock_samd21_r21_da/clock.o
 .rodata.system_clock_source_enable
                0x000092d8       0x24 src/ASF/sam0/drivers/system/clock/clock_samd21_r21_da/clock.o
 .rodata        0x000092fc       0x18 src/ASF/sam0/drivers/tc/tc.o
 .rodata        0x00009314        0xc src/ASF/sam0/services/eeprom/emulator/eeprom.o
 .rodata        0x00009320        0xc src/main.o
 .rodata.tc_interrupt_vectors.13402
                0x0000932c        0x4 src/main.o
 .rodata.inputs.13987
                0x00009330        0x4 src/main.o
 .rodata.str1.4
                0x00009334      0x214 src/main.o
                                0x218 (size before relaxing)
 .rodata.atanlo
                0x00009548       0x20 c:/program files (x86)/atmel/atmel toolchain/arm gcc/native/4.8.1443/arm-gnu-toolchain/bin/../lib/gcc/arm-none-eabi/4.8.4/../../../../arm-none-eabi/lib/armv6-m\libm.a(lib_a-s_atan.o)
 .rodata.atanhi
                0x00009568       0x20 c:/program files (x86)/atmel/atmel toolchain/arm gcc/native/4.8.1443/arm-gnu-toolchain/bin/../lib/gcc/arm-none-eabi/4.8.4/../../../../arm-none-eabi/lib/armv6-m\libm.a(lib_a-s_atan.o)
 .rodata.str1.4
                0x00009588        0x8 c:/program files (x86)/atmel/atmel toolchain/arm gcc/native/4.8.1443/arm-gnu-toolchain/bin/../lib/gcc/arm-none-eabi/4.8.4/../../../../arm-none-eabi/lib/armv6-m\libm.a(lib_a-w_sqrt.o)
 .rodata.str1.1
                0x00009590        0x2 c:/program files (x86)/atmel/atmel toolchain/arm gcc/native/4.8.1443/arm-gnu-toolchain/bin/../lib/gcc/arm-none-eabi/4.8.4/../../../../arm-none-eabi/lib/armv6-m\libc_s.a(lib_a-impure.o)
 *fill*         0x00009592        0x2 
 .rodata._global_impure_ptr
                0x00009594        0x4 c:/program files (x86)/atmel/atmel toolchain/arm gcc/native/4.8.1443/arm-gnu-toolchain/bin/../lib/gcc/arm-none-eabi/4.8.4/../../../../arm-none-eabi/lib/armv6-m\libc_s.a(lib_a-impure.o)
                0x00009594                _global_impure_ptr
 .rodata.str1.1
                0x00009598       0x11 c:/program files (x86)/atmel/atmel toolchain/arm gcc/native/4.8.1443/arm-gnu-toolchain/bin/../lib/gcc/arm-none-eabi/4.8.4/../../../../arm-none-eabi/lib/armv6-m\libc_s.a(lib_a-vfprintf.o)
 .rodata.str1.1
                0x000095a9       0x12 c:/program files (x86)/atmel/atmel toolchain/arm gcc/native/4.8.1443/arm-gnu-toolchain/bin/../lib/gcc/arm-none-eabi/4.8.4/../../../../arm-none-eabi/lib/armv6-m\libc_s.a(lib_a-vfprintf_float.o)
 .rodata.str1.1
                0x000095bb       0x22 c:/program files (x86)/atmel/atmel toolchain/arm gcc/native/4.8.1443/arm-gnu-toolchain/bin/../lib/gcc/arm-none-eabi/4.8.4/../../../../arm-none-eabi/lib/armv6-m\libc_s.a(lib_a-vfprintf_i.o)
 .rodata.str1.1
                0x000095dd        0xd c:/program files (x86)/atmel/atmel toolchain/arm gcc/native/4.8.1443/arm-gnu-toolchain/bin/../lib/gcc/arm-none-eabi/4.8.4/../../../../arm-none-eabi/lib/armv6-m\libc_s.a(lib_a-dtoa.o)
                                  0xf (size before relaxing)
 *fill*         0x000095ea        0x2 
 .rodata.__sf_fake_stdin
                0x000095ec       0x20 c:/program files (x86)/atmel/atmel toolchain/arm gcc/native/4.8.1443/arm-gnu-toolchain/bin/../lib/gcc/arm-none-eabi/4.8.4/../../../../arm-none-eabi/lib/armv6-m\libc_s.a(lib_a-findfp.o)
                0x000095ec                __sf_fake_stdin
 .rodata.__sf_fake_stdout
                0x0000960c       0x20 c:/program files (x86)/atmel/atmel toolchain/arm gcc/native/4.8.1443/arm-gnu-toolchain/bin/../lib/gcc/arm-none-eabi/4.8.4/../../../../arm-none-eabi/lib/armv6-m\libc_s.a(lib_a-findfp.o)
                0x0000960c                __sf_fake_stdout
 .rodata.__sf_fake_stderr
                0x0000962c       0x20 c:/program files (x86)/atmel/atmel toolchain/arm gcc/native/4.8.1443/arm-gnu-toolchain/bin/../lib/gcc/arm-none-eabi/4.8.4/../../../../arm-none-eabi/lib/armv6-m\libc_s.a(lib_a-findfp.o)
                0x0000962c                __sf_fake_stderr
 .rodata.str1.1
                0x0000964c        0x8 c:/program files (x86)/atmel/atmel toolchain/arm gcc/native/4.8.1443/arm-gnu-toolchain/bin/../lib/gcc/arm-none-eabi/4.8.4/../../../../arm-none-eabi/lib/armv6-m\libc_s.a(lib_a-locale.o)
                                  0xb (size before relaxing)
 *fill*         0x00009654        0x4 
 .rodata.__mprec_tens
                0x00009658       0xc8 c:/program files (x86)/atmel/atmel toolchain/arm gcc/native/4.8.1443/arm-gnu-toolchain/bin/../lib/gcc/arm-none-eabi/4.8.4/../../../../arm-none-eabi/lib/armv6-m\libc_s.a(lib_a-mprec.o)
                0x00009658                __mprec_tens
 .rodata.__mprec_bigtens
                0x00009720       0x28 c:/program files (x86)/atmel/atmel toolchain/arm gcc/native/4.8.1443/arm-gnu-toolchain/bin/../lib/gcc/arm-none-eabi/4.8.4/../../../../arm-none-eabi/lib/armv6-m\libc_s.a(lib_a-mprec.o)
                0x00009720                __mprec_bigtens
 .rodata.p05.5281
                0x00009748        0xc c:/program files (x86)/atmel/atmel toolchain/arm gcc/native/4.8.1443/arm-gnu-toolchain/bin/../lib/gcc/arm-none-eabi/4.8.4/../../../../arm-none-eabi/lib/armv6-m\libc_s.a(lib_a-mprec.o)
 .rodata        0x00009754       0x40 c:/program files (x86)/atmel/atmel toolchain/arm gcc/native/4.8.1443/arm-gnu-toolchain/bin/../lib/gcc/arm-none-eabi/4.8.4/armv6-m\libgcc.a(divsf3.o)
 .rodata        0x00009794       0x40 c:/program files (x86)/atmel/atmel toolchain/arm gcc/native/4.8.1443/arm-gnu-toolchain/bin/../lib/gcc/arm-none-eabi/4.8.4/armv6-m\libgcc.a(mulsf3.o)
 .rodata        0x000097d4       0x40 c:/program files (x86)/atmel/atmel toolchain/arm gcc/native/4.8.1443/arm-gnu-toolchain/bin/../lib/gcc/arm-none-eabi/4.8.4/armv6-m\libgcc.a(divdf3.o)
 .rodata        0x00009814       0x40 c:/program files (x86)/atmel/atmel toolchain/arm gcc/native/4.8.1443/arm-gnu-toolchain/bin/../lib/gcc/arm-none-eabi/4.8.4/armv6-m\libgcc.a(muldf3.o)
 *(.ARM.extab* .gnu.linkonce.armextab.*)
                0x00009854                . = ALIGN (0x4)
 *(.init)
 .init          0x00009854        0x4 c:/program files (x86)/atmel/atmel toolchain/arm gcc/native/4.8.1443/arm-gnu-toolchain/bin/../lib/gcc/arm-none-eabi/4.8.4/armv6-m/crti.o
                0x00009854                _init
 .init          0x00009858        0x8 c:/program files (x86)/atmel/atmel toolchain/arm gcc/native/4.8.1443/arm-gnu-toolchain/bin/../lib/gcc/arm-none-eabi/4.8.4/armv6-m/crtn.o
                0x00009860                . = ALIGN (0x4)
                0x00009860                __preinit_array_start = .
 *(.preinit_array)
                0x00009860                __preinit_array_end = .
                0x00009860                . = ALIGN (0x4)
                0x00009860                __init_array_start = .
 *(SORT(.init_array.*))
 *(.init_array)
 .init_array    0x00009860        0x4 c:/program files (x86)/atmel/atmel toolchain/arm gcc/native/4.8.1443/arm-gnu-toolchain/bin/../lib/gcc/arm-none-eabi/4.8.4/armv6-m/crtbegin.o
                0x00009864                __init_array_end = .
                0x00009864                . = ALIGN (0x4)
 *crtbegin.o(.ctors)
 *(EXCLUDE_FILE(*crtend.o) .ctors)
 *(SORT(.ctors.*))
 *crtend.o(.ctors)
                0x00009864                . = ALIGN (0x4)
 *(.fini)
 .fini          0x00009864        0x4 c:/program files (x86)/atmel/atmel toolchain/arm gcc/native/4.8.1443/arm-gnu-toolchain/bin/../lib/gcc/arm-none-eabi/4.8.4/armv6-m/crti.o
                0x00009864                _fini
 .fini          0x00009868        0x8 c:/program files (x86)/atmel/atmel toolchain/arm gcc/native/4.8.1443/arm-gnu-toolchain/bin/../lib/gcc/arm-none-eabi/4.8.4/armv6-m/crtn.o
                0x00009870                . = ALIGN (0x4)
                0x00009870                __fini_array_start = .
 *(.fini_array)
 .fini_array    0x00009870        0x4 c:/program files (x86)/atmel/atmel toolchain/arm gcc/native/4.8.1443/arm-gnu-toolchain/bin/../lib/gcc/arm-none-eabi/4.8.4/armv6-m/crtbegin.o
 *(SORT(.fini_array.*))
                0x00009874                __fini_array_end = .
 *crtbegin.o(.dtors)
 *(EXCLUDE_FILE(*crtend.o) .dtors)
 *(SORT(.dtors.*))
 *crtend.o(.dtors)
                0x00009874                . = ALIGN (0x4)
                0x00009874                _efixed = .
                0x00009874                PROVIDE (__exidx_start, .)

.vfp11_veneer   0x00009874        0x0
 .vfp11_veneer  0x00000000        0x0 linker stubs

.v4_bx          0x00009874        0x0
 .v4_bx         0x00000000        0x0 linker stubs

.iplt           0x00009874        0x0
 .iplt          0x00000000        0x0 c:/program files (x86)/atmel/atmel toolchain/arm gcc/native/4.8.1443/arm-gnu-toolchain/bin/../lib/gcc/arm-none-eabi/4.8.4/armv6-m/crtbegin.o

.eh_frame       0x00009874        0x0
 .eh_frame      0x00009874        0x0 c:/program files (x86)/atmel/atmel toolchain/arm gcc/native/4.8.1443/arm-gnu-toolchain/bin/../lib/gcc/arm-none-eabi/4.8.4/armv6-m/crtbegin.o

.rel.dyn        0x00009874        0x0
 .rel.iplt      0x00000000        0x0 c:/program files (x86)/atmel/atmel toolchain/arm gcc/native/4.8.1443/arm-gnu-toolchain/bin/../lib/gcc/arm-none-eabi/4.8.4/armv6-m/crtbegin.o

.jcr            0x00009874        0x0
 .jcr           0x00009874        0x0 c:/program files (x86)/atmel/atmel toolchain/arm gcc/native/4.8.1443/arm-gnu-toolchain/bin/../lib/gcc/arm-none-eabi/4.8.4/armv6-m/crtbegin.o

.igot.plt       0x00009874        0x0
 .igot.plt      0x00000000        0x0 c:/program files (x86)/atmel/atmel toolchain/arm gcc/native/4.8.1443/arm-gnu-toolchain/bin/../lib/gcc/arm-none-eabi/4.8.4/armv6-m/crtbegin.o

.ARM.exidx
 *(.ARM.exidx* .gnu.linkonce.armexidx.*)
                0x00009874                PROVIDE (__exidx_end, .)
                0x00009874                . = ALIGN (0x4)
                0x00009874                _etext = .

.relocate       0x20000000       0xb0 load address 0x00009874
                0x20000000                . = ALIGN (0x4)
                0x20000000                _srelocate = .
 *(.ramfunc .ramfunc.*)
 *(.data .data.*)
 .data.cycles_per_us
                0x20000000        0x4 src/ASF/common2/services/delay/sam0/systick_counter.o
 .data.cycles_per_ms
                0x20000004        0x4 src/ASF/common2/services/delay/sam0/systick_counter.o
 .data.g_interrupt_enabled
                0x20000008        0x1 src/ASF/common/utils/interrupt/interrupt_sam_nvic.o
                0x20000008                g_interrupt_enabled
 *fill*         0x20000009        0x3 
 .data.sseg_num
                0x2000000c        0x4 src/main.o
                0x2000000c                sseg_num
 .data.led_ramp.14091
                0x20000010        0x1 src/main.o
 .data.bcm_cycle.14049
                0x20000011        0x1 src/main.o
 .data.sseg_brightness
                0x20000012        0x1 src/main.o
                0x20000012                sseg_brightness
 .data.__fdlib_version
                0x20000013        0x1 c:/program files (x86)/atmel/atmel toolchain/arm gcc/native/4.8.1443/arm-gnu-toolchain/bin/../lib/gcc/arm-none-eabi/4.8.4/../../../../arm-none-eabi/lib/armv6-m\libm.a(lib_a-s_lib_ver.o)
                0x20000013                __fdlib_version
 .data.impure_data
                0x20000014       0x60 c:/program files (x86)/atmel/atmel toolchain/arm gcc/native/4.8.1443/arm-gnu-toolchain/bin/../lib/gcc/arm-none-eabi/4.8.4/../../../../arm-none-eabi/lib/armv6-m\libc_s.a(lib_a-impure.o)
 .data._impure_ptr
                0x20000074        0x4 c:/program files (x86)/atmel/atmel toolchain/arm gcc/native/4.8.1443/arm-gnu-toolchain/bin/../lib/gcc/arm-none-eabi/4.8.4/../../../../arm-none-eabi/lib/armv6-m\libc_s.a(lib_a-impure.o)
                0x20000074                _impure_ptr
 .data.lconv    0x20000078       0x38 c:/program files (x86)/atmel/atmel toolchain/arm gcc/native/4.8.1443/arm-gnu-toolchain/bin/../lib/gcc/arm-none-eabi/4.8.4/../../../../arm-none-eabi/lib/armv6-m\libc_s.a(lib_a-locale.o)
                0x200000b0                . = ALIGN (0x4)
                0x200000b0                _erelocate = .

.bss            0x200000b0      0x264 load address 0x00009924
                0x200000b0                . = ALIGN (0x4)
                0x200000b0                _sbss = .
                0x200000b0                _szero = .
 *(.bss .bss.*)
 .bss           0x200000b0       0x1c c:/program files (x86)/atmel/atmel toolchain/arm gcc/native/4.8.1443/arm-gnu-toolchain/bin/../lib/gcc/arm-none-eabi/4.8.4/armv6-m/crtbegin.o
 .bss._nvm_dev  0x200000cc        0x8 src/ASF/sam0/drivers/nvm/nvm.o
 .bss._sercom_config
                0x200000d4        0x4 src/ASF/sam0/drivers/sercom/sercom.o
 .bss._handler_table_initialized
                0x200000d8        0x1 src/ASF/sam0/drivers/sercom/sercom_interrupt.o
 *fill*         0x200000d9        0x3 
 .bss._sercom_interrupt_handlers
                0x200000dc       0x10 src/ASF/sam0/drivers/sercom/sercom_interrupt.o
 .bss.cpu_irq_critical_section_counter
                0x200000ec        0x4 src/ASF/common/utils/interrupt/interrupt_sam_nvic.o
 .bss.cpu_irq_prev_interrupt_state
                0x200000f0        0x1 src/ASF/common/utils/interrupt/interrupt_sam_nvic.o
 *fill*         0x200000f1        0x3 
 .bss._system_clock_inst
                0x200000f4       0x18 src/ASF/sam0/drivers/system/clock/clock_samd21_r21_da/clock.o
 .bss._eeprom_instance
                0x2000010c       0xcc src/ASF/sam0/services/eeprom/emulator/eeprom.o
 .bss.heap.5097
                0x200001d8        0x4 src/ASF/sam0/utils/syscalls/gcc/syscalls.o
 .bss.buf.14051
                0x200001dc        0x4 src/main.o
 .bss.disp_val.14089
                0x200001e0        0x1 src/main.o
 *fill*         0x200001e1        0x1 
 .bss.spi_button_debounce
                0x200001e2        0x2 src/main.o
                0x200001e2                spi_button_debounce
 .bss.led_inc.14092
                0x200001e4        0x1 src/main.o
 .bss.active_num.14050
                0x200001e5        0x1 src/main.o
 .bss.curr_channel.13986
                0x200001e6        0x1 src/main.o
 *fill*         0x200001e7        0x1 
 .bss.__malloc_sbrk_start
                0x200001e8        0x4 c:/program files (x86)/atmel/atmel toolchain/arm gcc/native/4.8.1443/arm-gnu-toolchain/bin/../lib/gcc/arm-none-eabi/4.8.4/../../../../arm-none-eabi/lib/armv6-m\libc_s.a(lib_a-nano-mallocr.o)
                0x200001e8                __malloc_sbrk_start
 .bss.__malloc_free_list
                0x200001ec        0x4 c:/program files (x86)/atmel/atmel toolchain/arm gcc/native/4.8.1443/arm-gnu-toolchain/bin/../lib/gcc/arm-none-eabi/4.8.4/../../../../arm-none-eabi/lib/armv6-m\libc_s.a(lib_a-nano-mallocr.o)
                0x200001ec                __malloc_free_list
 *(COMMON)
 COMMON         0x200001f0       0x3f src/spi_sseg.o
                0x200001f0                spi_master_instance
                0x2000022c                slave
 *fill*         0x2000022f        0x1 
 COMMON         0x20000230        0x4 src/ASF/sam0/drivers/adc/adc_sam_d_r/adc_callback.o
                0x20000230                _adc_instances
 COMMON         0x20000234       0x10 src/ASF/sam0/drivers/sercom/sercom_interrupt.o
                0x20000234                _sercom_instances
 COMMON         0x20000244        0xc src/ASF/sam0/drivers/tc/tc_interrupt.o
                0x20000244                _tc_instances
 COMMON         0x20000250        0x4 src/ASF/sam0/utils/stdio/read.o
                0x20000250                ptr_get
 COMMON         0x20000254        0x8 src/ASF/sam0/utils/stdio/write.o
                0x20000254                ptr_put
                0x20000258                stdio_base
 COMMON         0x2000025c       0xb4 src/main.o
                0x2000025c                adc_val
                0x20000260                sseg_leds
                0x20000264                usart_instance
                0x20000298                spi_button
                0x2000029c                sseg_num_num
                0x200002a0                accelerometer
                0x200002cc                adc_buffer
                0x200002d4                tc_instance
                0x200002f0                adc_instance
 COMMON         0x20000310        0x4 c:/program files (x86)/atmel/atmel toolchain/arm gcc/native/4.8.1443/arm-gnu-toolchain/bin/../lib/gcc/arm-none-eabi/4.8.4/../../../../arm-none-eabi/lib/armv6-m\libc_s.a(lib_a-reent.o)
                0x20000310                errno
                0x20000314                . = ALIGN (0x4)
                0x20000314                _ebss = .
                0x20000314                _ezero = .

.stack          0x20000314     0x2004 load address 0x00009b88
                0x20000318                . = ALIGN (0x8)
 *fill*         0x20000314        0x4 
                0x20000318                _sstack = .
                0x20002318                . = (. + STACK_SIZE)
 *fill*         0x20000318     0x2000 
                0x20002318                . = ALIGN (0x8)
                0x20002318                _estack = .
                0x20002318                . = ALIGN (0x4)
                0x20002318                _end = .
OUTPUT(test_spi.elf elf32-littlearm)

.ARM.attributes
                0x00000000       0x28
 .ARM.attributes
                0x00000000       0x1e c:/program files (x86)/atmel/atmel toolchain/arm gcc/native/4.8.1443/arm-gnu-toolchain/bin/../lib/gcc/arm-none-eabi/4.8.4/armv6-m/crti.o
 .ARM.attributes
                0x0000001e       0x2c c:/program files (x86)/atmel/atmel toolchain/arm gcc/native/4.8.1443/arm-gnu-toolchain/bin/../lib/gcc/arm-none-eabi/4.8.4/armv6-m/crtbegin.o
 .ARM.attributes
                0x0000004a       0x32 src/spi_sseg.o
 .ARM.attributes
                0x0000007c       0x32 src/ASF/common2/services/delay/sam0/systick_counter.o
 .ARM.attributes
                0x000000ae       0x32 src/ASF/sam0/drivers/adc/adc_sam_d_r/adc.o
 .ARM.attributes
                0x000000e0       0x32 src/ASF/sam0/drivers/adc/adc_sam_d_r/adc_callback.o
 .ARM.attributes
                0x00000112       0x32 src/ASF/sam0/drivers/nvm/nvm.o
 .ARM.attributes
                0x00000144       0x32 src/ASF/sam0/drivers/port/port.o
 .ARM.attributes
                0x00000176       0x32 src/ASF/sam0/drivers/sercom/sercom.o
 .ARM.attributes
                0x000001a8       0x32 src/ASF/sam0/drivers/sercom/spi/spi.o
 .ARM.attributes
                0x000001da       0x32 src/ASF/sam0/drivers/sercom/spi/spi_interrupt.o
 .ARM.attributes
                0x0000020c       0x32 src/ASF/sam0/drivers/sercom/sercom_interrupt.o
 .ARM.attributes
                0x0000023e       0x32 src/ASF/common2/boards/user_board/init.o
 .ARM.attributes
                0x00000270       0x32 src/ASF/common/utils/interrupt/interrupt_sam_nvic.o
 .ARM.attributes
                0x000002a2       0x32 src/ASF/sam0/drivers/sercom/usart/usart.o
 .ARM.attributes
                0x000002d4       0x32 src/ASF/sam0/drivers/sercom/usart/usart_interrupt.o
 .ARM.attributes
                0x00000306       0x32 src/ASF/sam0/drivers/system/clock/clock_samd21_r21_da/clock.o
 .ARM.attributes
                0x00000338       0x32 src/ASF/sam0/drivers/system/clock/clock_samd21_r21_da/gclk.o
 .ARM.attributes
                0x0000036a       0x32 src/ASF/sam0/drivers/system/pinmux/pinmux.o
 .ARM.attributes
                0x0000039c       0x32 src/ASF/sam0/drivers/system/system.o
 .ARM.attributes
                0x000003ce       0x32 src/ASF/sam0/drivers/tc/tc.o
 .ARM.attributes
                0x00000400       0x32 src/ASF/sam0/drivers/tc/tc_interrupt.o
 .ARM.attributes
                0x00000432       0x32 src/ASF/sam0/services/eeprom/emulator/eeprom.o
 .ARM.attributes
                0x00000464       0x32 src/ASF/sam0/utils/cmsis/samd21/source/gcc/startup_samd21.o
 .ARM.attributes
                0x00000496       0x32 src/ASF/sam0/utils/stdio/read.o
 .ARM.attributes
                0x000004c8       0x32 src/ASF/sam0/utils/stdio/write.o
 .ARM.attributes
                0x000004fa       0x32 src/ASF/sam0/utils/syscalls/gcc/syscalls.o
 .ARM.attributes
                0x0000052c       0x32 src/main.o
 .ARM.attributes
                0x0000055e       0x2c c:/program files (x86)/atmel/atmel toolchain/arm gcc/native/4.8.1443/arm-gnu-toolchain/bin/../lib/gcc/arm-none-eabi/4.8.4/../../../../arm-none-eabi/lib/armv6-m\libm.a(lib_a-s_atan.o)
 .ARM.attributes
                0x0000058a       0x2c c:/program files (x86)/atmel/atmel toolchain/arm gcc/native/4.8.1443/arm-gnu-toolchain/bin/../lib/gcc/arm-none-eabi/4.8.4/../../../../arm-none-eabi/lib/armv6-m\libm.a(lib_a-s_fabs.o)
 .ARM.attributes
                0x000005b6       0x2c c:/program files (x86)/atmel/atmel toolchain/arm gcc/native/4.8.1443/arm-gnu-toolchain/bin/../lib/gcc/arm-none-eabi/4.8.4/../../../../arm-none-eabi/lib/armv6-m\libm.a(lib_a-w_sqrt.o)
 .ARM.attributes
                0x000005e2       0x2c c:/program files (x86)/atmel/atmel toolchain/arm gcc/native/4.8.1443/arm-gnu-toolchain/bin/../lib/gcc/arm-none-eabi/4.8.4/../../../../arm-none-eabi/lib/armv6-m\libm.a(lib_a-e_sqrt.o)
 .ARM.attributes
                0x0000060e       0x2c c:/program files (x86)/atmel/atmel toolchain/arm gcc/native/4.8.1443/arm-gnu-toolchain/bin/../lib/gcc/arm-none-eabi/4.8.4/../../../../arm-none-eabi/lib/armv6-m\libm.a(lib_a-s_fpclassify.o)
 .ARM.attributes
                0x0000063a       0x2c c:/program files (x86)/atmel/atmel toolchain/arm gcc/native/4.8.1443/arm-gnu-toolchain/bin/../lib/gcc/arm-none-eabi/4.8.4/../../../../arm-none-eabi/lib/armv6-m\libm.a(lib_a-s_lib_ver.o)
 .ARM.attributes
                0x00000666       0x2c c:/program files (x86)/atmel/atmel toolchain/arm gcc/native/4.8.1443/arm-gnu-toolchain/bin/../lib/gcc/arm-none-eabi/4.8.4/../../../../arm-none-eabi/lib/armv6-m\libm.a(lib_a-s_matherr.o)
 .ARM.attributes
                0x00000692       0x2c c:/program files (x86)/atmel/atmel toolchain/arm gcc/native/4.8.1443/arm-gnu-toolchain/bin/../lib/gcc/arm-none-eabi/4.8.4/../../../../arm-none-eabi/lib/armv6-m\libc_s.a(lib_a-errno.o)
 .ARM.attributes
                0x000006be       0x2c c:/program files (x86)/atmel/atmel toolchain/arm gcc/native/4.8.1443/arm-gnu-toolchain/bin/../lib/gcc/arm-none-eabi/4.8.4/../../../../arm-none-eabi/lib/armv6-m\libc_s.a(lib_a-impure.o)
 .ARM.attributes
                0x000006ea       0x2c c:/program files (x86)/atmel/atmel toolchain/arm gcc/native/4.8.1443/arm-gnu-toolchain/bin/../lib/gcc/arm-none-eabi/4.8.4/../../../../arm-none-eabi/lib/armv6-m\libc_s.a(lib_a-init.o)
 .ARM.attributes
                0x00000716       0x2c c:/program files (x86)/atmel/atmel toolchain/arm gcc/native/4.8.1443/arm-gnu-toolchain/bin/../lib/gcc/arm-none-eabi/4.8.4/../../../../arm-none-eabi/lib/armv6-m\libc_s.a(lib_a-memcpy-stub.o)
 .ARM.attributes
                0x00000742       0x2c c:/program files (x86)/atmel/atmel toolchain/arm gcc/native/4.8.1443/arm-gnu-toolchain/bin/../lib/gcc/arm-none-eabi/4.8.4/../../../../arm-none-eabi/lib/armv6-m\libc_s.a(lib_a-memset.o)
 .ARM.attributes
                0x0000076e       0x2c c:/program files (x86)/atmel/atmel toolchain/arm gcc/native/4.8.1443/arm-gnu-toolchain/bin/../lib/gcc/arm-none-eabi/4.8.4/../../../../arm-none-eabi/lib/armv6-m\libc_s.a(lib_a-printf.o)
 .ARM.attributes
                0x0000079a       0x2c c:/program files (x86)/atmel/atmel toolchain/arm gcc/native/4.8.1443/arm-gnu-toolchain/bin/../lib/gcc/arm-none-eabi/4.8.4/../../../../arm-none-eabi/lib/armv6-m\libc_s.a(lib_a-setbuf.o)
 .ARM.attributes
                0x000007c6       0x2c c:/program files (x86)/atmel/atmel toolchain/arm gcc/native/4.8.1443/arm-gnu-toolchain/bin/../lib/gcc/arm-none-eabi/4.8.4/../../../../arm-none-eabi/lib/armv6-m\libc_s.a(lib_a-setvbuf.o)
 .ARM.attributes
                0x000007f2       0x2c c:/program files (x86)/atmel/atmel toolchain/arm gcc/native/4.8.1443/arm-gnu-toolchain/bin/../lib/gcc/arm-none-eabi/4.8.4/../../../../arm-none-eabi/lib/armv6-m\libc_s.a(lib_a-vfprintf.o)
 .ARM.attributes
                0x0000081e       0x2c c:/program files (x86)/atmel/atmel toolchain/arm gcc/native/4.8.1443/arm-gnu-toolchain/bin/../lib/gcc/arm-none-eabi/4.8.4/../../../../arm-none-eabi/lib/armv6-m\libc_s.a(lib_a-vfprintf_float.o)
 .ARM.attributes
                0x0000084a       0x2c c:/program files (x86)/atmel/atmel toolchain/arm gcc/native/4.8.1443/arm-gnu-toolchain/bin/../lib/gcc/arm-none-eabi/4.8.4/../../../../arm-none-eabi/lib/armv6-m\libc_s.a(lib_a-vfprintf_i.o)
 .ARM.attributes
                0x00000876       0x2c c:/program files (x86)/atmel/atmel toolchain/arm gcc/native/4.8.1443/arm-gnu-toolchain/bin/../lib/gcc/arm-none-eabi/4.8.4/../../../../arm-none-eabi/lib/armv6-m\libc_s.a(lib_a-wbuf.o)
 .ARM.attributes
                0x000008a2       0x2c c:/program files (x86)/atmel/atmel toolchain/arm gcc/native/4.8.1443/arm-gnu-toolchain/bin/../lib/gcc/arm-none-eabi/4.8.4/../../../../arm-none-eabi/lib/armv6-m\libc_s.a(lib_a-wsetup.o)
 .ARM.attributes
                0x000008ce       0x2c c:/program files (x86)/atmel/atmel toolchain/arm gcc/native/4.8.1443/arm-gnu-toolchain/bin/../lib/gcc/arm-none-eabi/4.8.4/../../../../arm-none-eabi/lib/armv6-m\libc_s.a(lib_a-dtoa.o)
 .ARM.attributes
                0x000008fa       0x2c c:/program files (x86)/atmel/atmel toolchain/arm gcc/native/4.8.1443/arm-gnu-toolchain/bin/../lib/gcc/arm-none-eabi/4.8.4/../../../../arm-none-eabi/lib/armv6-m\libc_s.a(lib_a-fflush.o)
 .ARM.attributes
                0x00000926       0x2c c:/program files (x86)/atmel/atmel toolchain/arm gcc/native/4.8.1443/arm-gnu-toolchain/bin/../lib/gcc/arm-none-eabi/4.8.4/../../../../arm-none-eabi/lib/armv6-m\libc_s.a(lib_a-findfp.o)
 .ARM.attributes
                0x00000952       0x2c c:/program files (x86)/atmel/atmel toolchain/arm gcc/native/4.8.1443/arm-gnu-toolchain/bin/../lib/gcc/arm-none-eabi/4.8.4/../../../../arm-none-eabi/lib/armv6-m\libc_s.a(lib_a-locale.o)
 .ARM.attributes
                0x0000097e       0x2c c:/program files (x86)/atmel/atmel toolchain/arm gcc/native/4.8.1443/arm-gnu-toolchain/bin/../lib/gcc/arm-none-eabi/4.8.4/../../../../arm-none-eabi/lib/armv6-m\libc_s.a(lib_a-makebuf.o)
 .ARM.attributes
                0x000009aa       0x2c c:/program files (x86)/atmel/atmel toolchain/arm gcc/native/4.8.1443/arm-gnu-toolchain/bin/../lib/gcc/arm-none-eabi/4.8.4/../../../../arm-none-eabi/lib/armv6-m\libc_s.a(lib_a-malloc.o)
 .ARM.attributes
                0x000009d6       0x2c c:/program files (x86)/atmel/atmel toolchain/arm gcc/native/4.8.1443/arm-gnu-toolchain/bin/../lib/gcc/arm-none-eabi/4.8.4/../../../../arm-none-eabi/lib/armv6-m\libc_s.a(lib_a-memchr-stub.o)
 .ARM.attributes
                0x00000a02       0x2c c:/program files (x86)/atmel/atmel toolchain/arm gcc/native/4.8.1443/arm-gnu-toolchain/bin/../lib/gcc/arm-none-eabi/4.8.4/../../../../arm-none-eabi/lib/armv6-m\libc_s.a(lib_a-mprec.o)
 .ARM.attributes
                0x00000a2e       0x2c c:/program files (x86)/atmel/atmel toolchain/arm gcc/native/4.8.1443/arm-gnu-toolchain/bin/../lib/gcc/arm-none-eabi/4.8.4/../../../../arm-none-eabi/lib/armv6-m\libc_s.a(lib_a-nano-callocr.o)
 .ARM.attributes
                0x00000a5a       0x2c c:/program files (x86)/atmel/atmel toolchain/arm gcc/native/4.8.1443/arm-gnu-toolchain/bin/../lib/gcc/arm-none-eabi/4.8.4/../../../../arm-none-eabi/lib/armv6-m\libc_s.a(lib_a-nano-freer.o)
 .ARM.attributes
                0x00000a86       0x2c c:/program files (x86)/atmel/atmel toolchain/arm gcc/native/4.8.1443/arm-gnu-toolchain/bin/../lib/gcc/arm-none-eabi/4.8.4/../../../../arm-none-eabi/lib/armv6-m\libc_s.a(lib_a-nano-mallocr.o)
 .ARM.attributes
                0x00000ab2       0x2c c:/program files (x86)/atmel/atmel toolchain/arm gcc/native/4.8.1443/arm-gnu-toolchain/bin/../lib/gcc/arm-none-eabi/4.8.4/../../../../arm-none-eabi/lib/armv6-m\libc_s.a(lib_a-sbrkr.o)
 .ARM.attributes
                0x00000ade       0x2c c:/program files (x86)/atmel/atmel toolchain/arm gcc/native/4.8.1443/arm-gnu-toolchain/bin/../lib/gcc/arm-none-eabi/4.8.4/../../../../arm-none-eabi/lib/armv6-m\libc_s.a(lib_a-stdio.o)
 .ARM.attributes
                0x00000b0a       0x2c c:/program files (x86)/atmel/atmel toolchain/arm gcc/native/4.8.1443/arm-gnu-toolchain/bin/../lib/gcc/arm-none-eabi/4.8.4/../../../../arm-none-eabi/lib/armv6-m\libc_s.a(lib_a-strlen.o)
 .ARM.attributes
                0x00000b36       0x2c c:/program files (x86)/atmel/atmel toolchain/arm gcc/native/4.8.1443/arm-gnu-toolchain/bin/../lib/gcc/arm-none-eabi/4.8.4/../../../../arm-none-eabi/lib/armv6-m\libc_s.a(lib_a-writer.o)
 .ARM.attributes
                0x00000b62       0x2c c:/program files (x86)/atmel/atmel toolchain/arm gcc/native/4.8.1443/arm-gnu-toolchain/bin/../lib/gcc/arm-none-eabi/4.8.4/../../../../arm-none-eabi/lib/armv6-m\libc_s.a(lib_a-closer.o)
 .ARM.attributes
                0x00000b8e       0x2c c:/program files (x86)/atmel/atmel toolchain/arm gcc/native/4.8.1443/arm-gnu-toolchain/bin/../lib/gcc/arm-none-eabi/4.8.4/../../../../arm-none-eabi/lib/armv6-m\libc_s.a(lib_a-fstatr.o)
 .ARM.attributes
                0x00000bba       0x2c c:/program files (x86)/atmel/atmel toolchain/arm gcc/native/4.8.1443/arm-gnu-toolchain/bin/../lib/gcc/arm-none-eabi/4.8.4/../../../../arm-none-eabi/lib/armv6-m\libc_s.a(lib_a-isattyr.o)
 .ARM.attributes
                0x00000be6       0x2c c:/program files (x86)/atmel/atmel toolchain/arm gcc/native/4.8.1443/arm-gnu-toolchain/bin/../lib/gcc/arm-none-eabi/4.8.4/../../../../arm-none-eabi/lib/armv6-m\libc_s.a(lib_a-lseekr.o)
 .ARM.attributes
                0x00000c12       0x2c c:/program files (x86)/atmel/atmel toolchain/arm gcc/native/4.8.1443/arm-gnu-toolchain/bin/../lib/gcc/arm-none-eabi/4.8.4/../../../../arm-none-eabi/lib/armv6-m\libc_s.a(lib_a-readr.o)
 .ARM.attributes
                0x00000c3e       0x2c c:/program files (x86)/atmel/atmel toolchain/arm gcc/native/4.8.1443/arm-gnu-toolchain/bin/../lib/gcc/arm-none-eabi/4.8.4/../../../../arm-none-eabi/lib/armv6-m\libc_s.a(lib_a-reent.o)
 .ARM.attributes
                0x00000c6a       0x1e c:/program files (x86)/atmel/atmel toolchain/arm gcc/native/4.8.1443/arm-gnu-toolchain/bin/../lib/gcc/arm-none-eabi/4.8.4/armv6-m\libgcc.a(_thumb1_case_uqi.o)
 .ARM.attributes
                0x00000c88       0x1e c:/program files (x86)/atmel/atmel toolchain/arm gcc/native/4.8.1443/arm-gnu-toolchain/bin/../lib/gcc/arm-none-eabi/4.8.4/armv6-m\libgcc.a(_udivsi3.o)
 .ARM.attributes
                0x00000ca6       0x1e c:/program files (x86)/atmel/atmel toolchain/arm gcc/native/4.8.1443/arm-gnu-toolchain/bin/../lib/gcc/arm-none-eabi/4.8.4/armv6-m\libgcc.a(_divsi3.o)
 .ARM.attributes
                0x00000cc4       0x1e c:/program files (x86)/atmel/atmel toolchain/arm gcc/native/4.8.1443/arm-gnu-toolchain/bin/../lib/gcc/arm-none-eabi/4.8.4/armv6-m\libgcc.a(_dvmd_tls.o)
 .ARM.attributes
                0x00000ce2       0x1e c:/program files (x86)/atmel/atmel toolchain/arm gcc/native/4.8.1443/arm-gnu-toolchain/bin/../lib/gcc/arm-none-eabi/4.8.4/armv6-m\libgcc.a(_arm_cmpdf2.o)
 .ARM.attributes
                0x00000d00       0x1e c:/program files (x86)/atmel/atmel toolchain/arm gcc/native/4.8.1443/arm-gnu-toolchain/bin/../lib/gcc/arm-none-eabi/4.8.4/armv6-m\libgcc.a(_arm_cmpsf2.o)
 .ARM.attributes
                0x00000d1e       0x2c c:/program files (x86)/atmel/atmel toolchain/arm gcc/native/4.8.1443/arm-gnu-toolchain/bin/../lib/gcc/arm-none-eabi/4.8.4/armv6-m\libgcc.a(_muldi3.o)
 .ARM.attributes
                0x00000d4a       0x2c c:/program files (x86)/atmel/atmel toolchain/arm gcc/native/4.8.1443/arm-gnu-toolchain/bin/../lib/gcc/arm-none-eabi/4.8.4/armv6-m\libgcc.a(_fixunssfsi.o)
 .ARM.attributes
                0x00000d76       0x2c c:/program files (x86)/atmel/atmel toolchain/arm gcc/native/4.8.1443/arm-gnu-toolchain/bin/../lib/gcc/arm-none-eabi/4.8.4/armv6-m\libgcc.a(addsf3.o)
 .ARM.attributes
                0x00000da2       0x2c c:/program files (x86)/atmel/atmel toolchain/arm gcc/native/4.8.1443/arm-gnu-toolchain/bin/../lib/gcc/arm-none-eabi/4.8.4/armv6-m\libgcc.a(divsf3.o)
 .ARM.attributes
                0x00000dce       0x2c c:/program files (x86)/atmel/atmel toolchain/arm gcc/native/4.8.1443/arm-gnu-toolchain/bin/../lib/gcc/arm-none-eabi/4.8.4/armv6-m\libgcc.a(eqsf2.o)
 .ARM.attributes
                0x00000dfa       0x2c c:/program files (x86)/atmel/atmel toolchain/arm gcc/native/4.8.1443/arm-gnu-toolchain/bin/../lib/gcc/arm-none-eabi/4.8.4/armv6-m\libgcc.a(gesf2.o)
 .ARM.attributes
                0x00000e26       0x2c c:/program files (x86)/atmel/atmel toolchain/arm gcc/native/4.8.1443/arm-gnu-toolchain/bin/../lib/gcc/arm-none-eabi/4.8.4/armv6-m\libgcc.a(lesf2.o)
 .ARM.attributes
                0x00000e52       0x2c c:/program files (x86)/atmel/atmel toolchain/arm gcc/native/4.8.1443/arm-gnu-toolchain/bin/../lib/gcc/arm-none-eabi/4.8.4/armv6-m\libgcc.a(mulsf3.o)
 .ARM.attributes
                0x00000e7e       0x2c c:/program files (x86)/atmel/atmel toolchain/arm gcc/native/4.8.1443/arm-gnu-toolchain/bin/../lib/gcc/arm-none-eabi/4.8.4/armv6-m\libgcc.a(subsf3.o)
 .ARM.attributes
                0x00000eaa       0x2c c:/program files (x86)/atmel/atmel toolchain/arm gcc/native/4.8.1443/arm-gnu-toolchain/bin/../lib/gcc/arm-none-eabi/4.8.4/armv6-m\libgcc.a(fixsfsi.o)
 .ARM.attributes
                0x00000ed6       0x2c c:/program files (x86)/atmel/atmel toolchain/arm gcc/native/4.8.1443/arm-gnu-toolchain/bin/../lib/gcc/arm-none-eabi/4.8.4/armv6-m\libgcc.a(floatsisf.o)
 .ARM.attributes
                0x00000f02       0x2c c:/program files (x86)/atmel/atmel toolchain/arm gcc/native/4.8.1443/arm-gnu-toolchain/bin/../lib/gcc/arm-none-eabi/4.8.4/armv6-m\libgcc.a(floatunsisf.o)
 .ARM.attributes
                0x00000f2e       0x2c c:/program files (x86)/atmel/atmel toolchain/arm gcc/native/4.8.1443/arm-gnu-toolchain/bin/../lib/gcc/arm-none-eabi/4.8.4/armv6-m\libgcc.a(adddf3.o)
 .ARM.attributes
                0x00000f5a       0x2c c:/program files (x86)/atmel/atmel toolchain/arm gcc/native/4.8.1443/arm-gnu-toolchain/bin/../lib/gcc/arm-none-eabi/4.8.4/armv6-m\libgcc.a(divdf3.o)
 .ARM.attributes
                0x00000f86       0x2c c:/program files (x86)/atmel/atmel toolchain/arm gcc/native/4.8.1443/arm-gnu-toolchain/bin/../lib/gcc/arm-none-eabi/4.8.4/armv6-m\libgcc.a(eqdf2.o)
 .ARM.attributes
                0x00000fb2       0x2c c:/program files (x86)/atmel/atmel toolchain/arm gcc/native/4.8.1443/arm-gnu-toolchain/bin/../lib/gcc/arm-none-eabi/4.8.4/armv6-m\libgcc.a(gedf2.o)
 .ARM.attributes
                0x00000fde       0x2c c:/program files (x86)/atmel/atmel toolchain/arm gcc/native/4.8.1443/arm-gnu-toolchain/bin/../lib/gcc/arm-none-eabi/4.8.4/armv6-m\libgcc.a(ledf2.o)
 .ARM.attributes
                0x0000100a       0x2c c:/program files (x86)/atmel/atmel toolchain/arm gcc/native/4.8.1443/arm-gnu-toolchain/bin/../lib/gcc/arm-none-eabi/4.8.4/armv6-m\libgcc.a(muldf3.o)
 .ARM.attributes
                0x00001036       0x2c c:/program files (x86)/atmel/atmel toolchain/arm gcc/native/4.8.1443/arm-gnu-toolchain/bin/../lib/gcc/arm-none-eabi/4.8.4/armv6-m\libgcc.a(subdf3.o)
 .ARM.attributes
                0x00001062       0x2c c:/program files (x86)/atmel/atmel toolchain/arm gcc/native/4.8.1443/arm-gnu-toolchain/bin/../lib/gcc/arm-none-eabi/4.8.4/armv6-m\libgcc.a(fixdfsi.o)
 .ARM.attributes
                0x0000108e       0x2c c:/program files (x86)/atmel/atmel toolchain/arm gcc/native/4.8.1443/arm-gnu-toolchain/bin/../lib/gcc/arm-none-eabi/4.8.4/armv6-m\libgcc.a(floatsidf.o)
 .ARM.attributes
                0x000010ba       0x2c c:/program files (x86)/atmel/atmel toolchain/arm gcc/native/4.8.1443/arm-gnu-toolchain/bin/../lib/gcc/arm-none-eabi/4.8.4/armv6-m\libgcc.a(floatunsidf.o)
 .ARM.attributes
                0x000010e6       0x2c c:/program files (x86)/atmel/atmel toolchain/arm gcc/native/4.8.1443/arm-gnu-toolchain/bin/../lib/gcc/arm-none-eabi/4.8.4/armv6-m\libgcc.a(extendsfdf2.o)
 .ARM.attributes
                0x00001112       0x2c c:/program files (x86)/atmel/atmel toolchain/arm gcc/native/4.8.1443/arm-gnu-toolchain/bin/../lib/gcc/arm-none-eabi/4.8.4/armv6-m\libgcc.a(truncdfsf2.o)
 .ARM.attributes
                0x0000113e       0x1e c:/program files (x86)/atmel/atmel toolchain/arm gcc/native/4.8.1443/arm-gnu-toolchain/bin/../lib/gcc/arm-none-eabi/4.8.4/armv6-m\libgcc.a(_clzsi2.o)
 .ARM.attributes
                0x0000115c       0x1e c:/program files (x86)/atmel/atmel toolchain/arm gcc/native/4.8.1443/arm-gnu-toolchain/bin/../lib/gcc/arm-none-eabi/4.8.4/armv6-m/crtn.o

.comment        0x00000000       0x5b
 .comment       0x00000000       0x5b src/spi_sseg.o
                                 0x5c (size before relaxing)
 .comment       0x00000000       0x5c src/ASF/common2/services/delay/sam0/systick_counter.o
 .comment       0x00000000       0x5c src/ASF/sam0/drivers/adc/adc_sam_d_r/adc.o
 .comment       0x00000000       0x5c src/ASF/sam0/drivers/adc/adc_sam_d_r/adc_callback.o
 .comment       0x00000000       0x5c src/ASF/sam0/drivers/nvm/nvm.o
 .comment       0x00000000       0x5c src/ASF/sam0/drivers/port/port.o
 .comment       0x00000000       0x5c src/ASF/sam0/drivers/sercom/sercom.o
 .comment       0x00000000       0x5c src/ASF/sam0/drivers/sercom/spi/spi.o
 .comment       0x00000000       0x5c src/ASF/sam0/drivers/sercom/spi/spi_interrupt.o
 .comment       0x00000000       0x5c src/ASF/sam0/drivers/sercom/sercom_interrupt.o
 .comment       0x00000000       0x5c src/ASF/common2/boards/user_board/init.o
 .comment       0x00000000       0x5c src/ASF/common/utils/interrupt/interrupt_sam_nvic.o
 .comment       0x00000000       0x5c src/ASF/sam0/drivers/sercom/usart/usart.o
 .comment       0x00000000       0x5c src/ASF/sam0/drivers/sercom/usart/usart_interrupt.o
 .comment       0x00000000       0x5c src/ASF/sam0/drivers/system/clock/clock_samd21_r21_da/clock.o
 .comment       0x00000000       0x5c src/ASF/sam0/drivers/system/clock/clock_samd21_r21_da/gclk.o
 .comment       0x00000000       0x5c src/ASF/sam0/drivers/system/pinmux/pinmux.o
 .comment       0x00000000       0x5c src/ASF/sam0/drivers/system/system.o
 .comment       0x00000000       0x5c src/ASF/sam0/drivers/tc/tc.o
 .comment       0x00000000       0x5c src/ASF/sam0/drivers/tc/tc_interrupt.o
 .comment       0x00000000       0x5c src/ASF/sam0/services/eeprom/emulator/eeprom.o
 .comment       0x00000000       0x5c src/ASF/sam0/utils/cmsis/samd21/source/gcc/startup_samd21.o
 .comment       0x00000000       0x5c src/ASF/sam0/utils/stdio/read.o
 .comment       0x00000000       0x5c src/ASF/sam0/utils/stdio/write.o
 .comment       0x00000000       0x5c src/ASF/sam0/utils/syscalls/gcc/syscalls.o
 .comment       0x00000000       0x5c src/main.o

.debug_info     0x00000000    0x339dc
 .debug_info    0x00000000     0x2cc2 src/spi_sseg.o
 .debug_info    0x00002cc2      0x269 src/ASF/common2/services/delay/sam0/systick_counter.o
 .debug_info    0x00002f2b     0x34e3 src/ASF/sam0/drivers/adc/adc_sam_d_r/adc.o
 .debug_info    0x0000640e     0x12d8 src/ASF/sam0/drivers/adc/adc_sam_d_r/adc_callback.o
 .debug_info    0x000076e6     0x1bba src/ASF/sam0/drivers/nvm/nvm.o
 .debug_info    0x000092a0      0x968 src/ASF/sam0/drivers/port/port.o
 .debug_info    0x00009c08     0x2531 src/ASF/sam0/drivers/sercom/sercom.o
 .debug_info    0x0000c139     0x5ea0 src/ASF/sam0/drivers/sercom/spi/spi.o
 .debug_info    0x00011fd9     0x2906 src/ASF/sam0/drivers/sercom/spi/spi_interrupt.o
 .debug_info    0x000148df     0x22bd src/ASF/sam0/drivers/sercom/sercom_interrupt.o
 .debug_info    0x00016b9c      0xa5d src/ASF/common2/boards/user_board/init.o
 .debug_info    0x000175f9      0x1ec src/ASF/common/utils/interrupt/interrupt_sam_nvic.o
 .debug_info    0x000177e5     0x414c src/ASF/sam0/drivers/sercom/usart/usart.o
 .debug_info    0x0001b931     0x277b src/ASF/sam0/drivers/sercom/usart/usart_interrupt.o
 .debug_info    0x0001e0ac     0x2eb2 src/ASF/sam0/drivers/system/clock/clock_samd21_r21_da/clock.o
 .debug_info    0x00020f5e     0x1556 src/ASF/sam0/drivers/system/clock/clock_samd21_r21_da/gclk.o
 .debug_info    0x000224b4      0xa49 src/ASF/sam0/drivers/system/pinmux/pinmux.o
 .debug_info    0x00022efd      0x17a src/ASF/sam0/drivers/system/system.o
 .debug_info    0x00023077     0x2656 src/ASF/sam0/drivers/tc/tc.o
 .debug_info    0x000256cd     0x1235 src/ASF/sam0/drivers/tc/tc_interrupt.o
 .debug_info    0x00026902     0x158d src/ASF/sam0/services/eeprom/emulator/eeprom.o
 .debug_info    0x00027e8f     0x3a75 src/ASF/sam0/utils/cmsis/samd21/source/gcc/startup_samd21.o
 .debug_info    0x0002b904      0x1c2 src/ASF/sam0/utils/stdio/read.o
 .debug_info    0x0002bac6      0x1bf src/ASF/sam0/utils/stdio/write.o
 .debug_info    0x0002bc85      0x427 src/ASF/sam0/utils/syscalls/gcc/syscalls.o
 .debug_info    0x0002c0ac     0x7930 src/main.o

.debug_abbrev   0x00000000     0x4536
 .debug_abbrev  0x00000000      0x222 src/spi_sseg.o
 .debug_abbrev  0x00000222      0x13c src/ASF/common2/services/delay/sam0/systick_counter.o
 .debug_abbrev  0x0000035e      0x3b1 src/ASF/sam0/drivers/adc/adc_sam_d_r/adc.o
 .debug_abbrev  0x0000070f      0x303 src/ASF/sam0/drivers/adc/adc_sam_d_r/adc_callback.o
 .debug_abbrev  0x00000a12      0x3a4 src/ASF/sam0/drivers/nvm/nvm.o
 .debug_abbrev  0x00000db6      0x1da src/ASF/sam0/drivers/port/port.o
 .debug_abbrev  0x00000f90      0x2fd src/ASF/sam0/drivers/sercom/sercom.o
 .debug_abbrev  0x0000128d      0x44f src/ASF/sam0/drivers/sercom/spi/spi.o
 .debug_abbrev  0x000016dc      0x358 src/ASF/sam0/drivers/sercom/spi/spi_interrupt.o
 .debug_abbrev  0x00001a34      0x22e src/ASF/sam0/drivers/sercom/sercom_interrupt.o
 .debug_abbrev  0x00001c62      0x1b8 src/ASF/common2/boards/user_board/init.o
 .debug_abbrev  0x00001e1a       0xf6 src/ASF/common/utils/interrupt/interrupt_sam_nvic.o
 .debug_abbrev  0x00001f10      0x3c6 src/ASF/sam0/drivers/sercom/usart/usart.o
 .debug_abbrev  0x000022d6      0x37b src/ASF/sam0/drivers/sercom/usart/usart_interrupt.o
 .debug_abbrev  0x00002651      0x3f6 src/ASF/sam0/drivers/system/clock/clock_samd21_r21_da/clock.o
 .debug_abbrev  0x00002a47      0x327 src/ASF/sam0/drivers/system/clock/clock_samd21_r21_da/gclk.o
 .debug_abbrev  0x00002d6e      0x287 src/ASF/sam0/drivers/system/pinmux/pinmux.o
 .debug_abbrev  0x00002ff5       0xb9 src/ASF/sam0/drivers/system/system.o
 .debug_abbrev  0x000030ae      0x3ab src/ASF/sam0/drivers/tc/tc.o
 .debug_abbrev  0x00003459      0x259 src/ASF/sam0/drivers/tc/tc_interrupt.o
 .debug_abbrev  0x000036b2      0x3f6 src/ASF/sam0/services/eeprom/emulator/eeprom.o
 .debug_abbrev  0x00003aa8      0x213 src/ASF/sam0/utils/cmsis/samd21/source/gcc/startup_samd21.o
 .debug_abbrev  0x00003cbb      0x108 src/ASF/sam0/utils/stdio/read.o
 .debug_abbrev  0x00003dc3       0xf5 src/ASF/sam0/utils/stdio/write.o
 .debug_abbrev  0x00003eb8      0x141 src/ASF/sam0/utils/syscalls/gcc/syscalls.o
 .debug_abbrev  0x00003ff9      0x53d src/main.o

.debug_aranges  0x00000000      0x718
 .debug_aranges
                0x00000000       0x18 src/spi_sseg.o
 .debug_aranges
                0x00000018       0x30 src/ASF/common2/services/delay/sam0/systick_counter.o
 .debug_aranges
                0x00000048       0x38 src/ASF/sam0/drivers/adc/adc_sam_d_r/adc.o
 .debug_aranges
                0x00000080       0x48 src/ASF/sam0/drivers/adc/adc_sam_d_r/adc_callback.o
 .debug_aranges
                0x000000c8       0x60 src/ASF/sam0/drivers/nvm/nvm.o
 .debug_aranges
                0x00000128       0x28 src/ASF/sam0/drivers/port/port.o
 .debug_aranges
                0x00000150       0x40 src/ASF/sam0/drivers/sercom/sercom.o
 .debug_aranges
                0x00000190       0x58 src/ASF/sam0/drivers/sercom/spi/spi.o
 .debug_aranges
                0x000001e8       0x50 src/ASF/sam0/drivers/sercom/spi/spi_interrupt.o
 .debug_aranges
                0x00000238       0x50 src/ASF/sam0/drivers/sercom/sercom_interrupt.o
 .debug_aranges
                0x00000288       0x20 src/ASF/common2/boards/user_board/init.o
 .debug_aranges
                0x000002a8       0x28 src/ASF/common/utils/interrupt/interrupt_sam_nvic.o
 .debug_aranges
                0x000002d0       0x40 src/ASF/sam0/drivers/sercom/usart/usart.o
 .debug_aranges
                0x00000310       0x70 src/ASF/sam0/drivers/sercom/usart/usart_interrupt.o
 .debug_aranges
                0x00000380       0x78 src/ASF/sam0/drivers/system/clock/clock_samd21_r21_da/clock.o
 .debug_aranges
                0x000003f8       0x80 src/ASF/sam0/drivers/system/clock/clock_samd21_r21_da/gclk.o
 .debug_aranges
                0x00000478       0x38 src/ASF/sam0/drivers/system/pinmux/pinmux.o
 .debug_aranges
                0x000004b0       0x28 src/ASF/sam0/drivers/system/system.o
 .debug_aranges
                0x000004d8       0x58 src/ASF/sam0/drivers/tc/tc.o
 .debug_aranges
                0x00000530       0x48 src/ASF/sam0/drivers/tc/tc_interrupt.o
 .debug_aranges
                0x00000578       0x80 src/ASF/sam0/services/eeprom/emulator/eeprom.o
 .debug_aranges
                0x000005f8       0x28 src/ASF/sam0/utils/cmsis/samd21/source/gcc/startup_samd21.o
 .debug_aranges
                0x00000620       0x20 src/ASF/sam0/utils/stdio/read.o
 .debug_aranges
                0x00000640       0x20 src/ASF/sam0/utils/stdio/write.o
 .debug_aranges
                0x00000660       0x60 src/ASF/sam0/utils/syscalls/gcc/syscalls.o
 .debug_aranges
                0x000006c0       0x58 src/main.o

.debug_macro    0x00000000    0x1ad26
 .debug_macro   0x00000000      0x605 src/spi_sseg.o
 .debug_macro   0x00000605      0x844 src/spi_sseg.o
 .debug_macro   0x00000e49      0x166 src/spi_sseg.o
 .debug_macro   0x00000faf      0x621 src/spi_sseg.o
 .debug_macro   0x000015d0       0x16 src/spi_sseg.o
 .debug_macro   0x000015e6       0x44 src/spi_sseg.o
 .debug_macro   0x0000162a      0x209 src/spi_sseg.o
 .debug_macro   0x00001833       0x10 src/spi_sseg.o
 .debug_macro   0x00001843       0x76 src/spi_sseg.o
 .debug_macro   0x000018b9       0x16 src/spi_sseg.o
 .debug_macro   0x000018cf      0x6e5 src/spi_sseg.o
 .debug_macro   0x00001fb4      0xde2 src/spi_sseg.o
 .debug_macro   0x00002d96       0x22 src/spi_sseg.o
 .debug_macro   0x00002db8       0x40 src/spi_sseg.o
 .debug_macro   0x00002df8       0x3a src/spi_sseg.o
 .debug_macro   0x00002e32       0x1f src/spi_sseg.o
 .debug_macro   0x00002e51      0x250 src/spi_sseg.o
 .debug_macro   0x000030a1      0x682 src/spi_sseg.o
 .debug_macro   0x00003723      0x8c1 src/spi_sseg.o
 .debug_macro   0x00003fe4      0x235 src/spi_sseg.o
 .debug_macro   0x00004219      0xd66 src/spi_sseg.o
 .debug_macro   0x00004f7f      0x4ce src/spi_sseg.o
 .debug_macro   0x0000544d      0x9fb src/spi_sseg.o
 .debug_macro   0x00005e48      0x82e src/spi_sseg.o
 .debug_macro   0x00006676      0x462 src/spi_sseg.o
 .debug_macro   0x00006ad8       0x5e src/spi_sseg.o
 .debug_macro   0x00006b36      0x907 src/spi_sseg.o
 .debug_macro   0x0000743d      0x226 src/spi_sseg.o
 .debug_macro   0x00007663      0x9d3 src/spi_sseg.o
 .debug_macro   0x00008036       0x5e src/spi_sseg.o
 .debug_macro   0x00008094      0x682 src/spi_sseg.o
 .debug_macro   0x00008716      0x3b8 src/spi_sseg.o
 .debug_macro   0x00008ace      0xc55 src/spi_sseg.o
 .debug_macro   0x00009723     0x1093 src/spi_sseg.o
 .debug_macro   0x0000a7b6      0xc4a src/spi_sseg.o
 .debug_macro   0x0000b400      0x6c2 src/spi_sseg.o
 .debug_macro   0x0000bac2     0x1b4e src/spi_sseg.o
 .debug_macro   0x0000d610     0x144d src/spi_sseg.o
 .debug_macro   0x0000ea5d      0x351 src/spi_sseg.o
 .debug_macro   0x0000edae       0x7c src/spi_sseg.o
 .debug_macro   0x0000ee2a       0xa0 src/spi_sseg.o